Microchip MPLAB XC8 Compiler V2.32

Linker command line:

-W-3 --edf=C:\Program Files\Microchip\xc8\v2.32\pic\dat\en_msgs.txt \
  -pivt0x8=08h -cn -h+dist/default/production\SEN.X.production.sym \
  --cmf=dist/default/production\SEN.X.production.cmf -z -Q18F26Q84 \
  -oC:\Users\DAVIDJ\AppData\Local\Temp\xcAs18s.4 --defsym=__MPLAB_BUILD=1 \
  -Mdist/default/production/SEN.X.production.map -E1 -ver=XC8 Compiler \
  --acfsm=1493 -ASTACK=05D6h-025FFh -pstack=STACK -ACODE=00h-0FFFFh \
  -ACONST=00h-0FFFFh -ASMALLCONST=02600h-026FFhx218 \
  -AMEDIUMCONST=02600h-0FFFFh -ACOMRAM=0501h-055Fh -AABS1=0500h-025FFh \
  -ABIGRAM=0501h-025FFh -ARAM=0560h-05FFh,0600h-06FFhx32 \
  -ABANK5=0560h-05FFh -ABANK6=0600h-06FFh -ABANK7=0700h-07FFh \
  -ABANK8=0800h-08FFh -ABANK9=0900h-09FFh -ABANK10=0A00h-0AFFh \
  -ABANK11=0B00h-0BFFh -ABANK12=0C00h-0CFFh -ABANK13=0D00h-0DFFh \
  -ABANK14=0E00h-0EFFh -ABANK15=0F00h-0FFFh -ABANK16=01000h-010FFh \
  -ABANK17=01100h-011FFh -ABANK18=01200h-012FFh -ABANK19=01300h-013FFh \
  -ABANK20=01400h-014FFh -ABANK21=01500h-015FFh -ABANK22=01600h-016FFh \
  -ABANK23=01700h-017FFh -ABANK24=01800h-018FFh -ABANK25=01900h-019FFh \
  -ABANK26=01A00h-01AFFh -ABANK27=01B00h-01BFFh -ABANK28=01C00h-01CFFh \
  -ABANK29=01D00h-01DFFh -ABANK30=01E00h-01EFFh -ABANK31=01F00h-01FFFh \
  -ABANK32=02000h-020FFh -ABANK33=02100h-021FFh -ABANK34=02200h-022FFh \
  -ABANK35=02300h-023FFh -ABANK36=02400h-024FFh -ABANK37=02500h-025FFh \
  -ASFR=00h-0FFhx4,0400h-045Fh,0460h-04FFh -ACONFIG=0300000h-0300023h \
  -AIDLOC=0200000h-020001Fh -AEEDATA=0380000h-03803FFh -peeprom_data=EEDATA \
  -preset_vec=00h -ppowerup=CODE,init -pramtop=02600h \
  -psmallconst=SMALLCONST -pmediumconst=MEDIUMCONST -pconst=CONST \
  -AFARRAM=00h-00h \
  -prdata=COMRAM,nvrram=COMRAM,nvbit=COMRAM,rbss=COMRAM,rbit=COMRAM \
  -pfarbss=FARRAM,fardata=FARRAM,nvFARRAM=FARRAM \
  -pintsave_regs=BIGRAM,bigbss=BIGRAM,bigdata=BIGRAM -pbss=RAM \
  -pidata=CODE,irdata=CODE,ibigdata=CODE,ifardata=CODE -prparam=COMRAM \
  C:\Users\DAVIDJ\AppData\Local\Temp\xcAs18s.o \
  dist/default/production\SEN.X.production.o 

Object code version is 3.11

Machine type is 18F26Q84



                Name                               Link     Load   Length Selector   Space Scale
C:\Users\DAVIDJ\AppData\Local\Temp\xcAs18s.o
                idloc                            200000   200000       20        0       5
                config                           300000   300000       24        0       4
                init                                 1A       1A        4        4       0
                reset_vec                             0        0        4        0       0
dist/default/production\SEN.X.production.o
                idloc                            200000   200000       20        0       5
                config                           300000   300000       24        0       4
                smallconst                         2600     2600       34     1300       0
                ivt0x8                                8        8       12        4       0
                text73                             3B24     3B24        2     131A       0
                text72                             3B22     3B22        2     131A       0
                text71                             3B20     3B20        2     131A       0
                text70                             3B1E     3B1E        2     131A       0
                text69                             3B1C     3B1C        2     131A       0
                text68                             3B1A     3B1A        2     131A       0
                text67                             3B18     3B18        2     131A       0
                text66                             2A54     2A54      156     131A       0
                text65                             3B16     3B16        2     131A       0
                text64                             3A5E     3A5E       10     131A       0
                text63                             36A8     36A8       3C     131A       0
                text62                             371A     371A       36     131A       0
                text61                             3B04     3B04        8     131A       0
                text60                             3B14     3B14        2     131A       0
                text59                             380E     380E       2E     131A       0
                text58                             3894     3894       2A     131A       0
                text57                             3A0C     3A0C       16     131A       0
                text56                             39F6     39F6       16     131A       0
                text55                             3980     3980       1A     131A       0
                text54                             39E0     39E0       16     131A       0
                text53                             39B2     39B2       18     131A       0
                text52                             3AFA     3AFA        A     131A       0
                text51                             2F50     2F50       D8     131A       0
                text50                             3524     3524       5A     131A       0
                text49                             2634     2634      246     131A       0
                text48                             366A     366A       3E     131A       0
                text47                             32D8     32D8       94     131A       0
                text46                             3936     3936       28     131A       0
                text45                             2E26     2E26      12A     131A       0
                text44                             2BAA     2BAA      14C     131A       0
                text43                             2CF6     2CF6      130     131A       0
                text42                             319C     319C       A4     131A       0
                text41                             345E     345E       6A     131A       0
                text40                             287A     287A      1DA     131A       0
                text39                             3B12     3B12        2     131A       0
                text38                             37E0     37E0       2E     131A       0
                text37                             37B2     37B2       2E     131A       0
                text36                             34C8     34C8       5C     131A       0
                text35                             3028     3028       C2     131A       0
                text34                             3750     3750       34     131A       0
                text33                             390E     390E       28     131A       0
                text32                             3AF0     3AF0        A     131A       0
                text31                             3AE6     3AE6        A     131A       0
                text30                             3ADC     3ADC        A     131A       0
                text29                             30EA     30EA       B2     131A       0
                text28                             3A4A     3A4A       14     131A       0
                text27                             3AD2     3AD2        A     131A       0
                text26                             3AC8     3AC8        A     131A       0
                text25                             3ABE     3ABE        A     131A       0
                text24                             3AB4     3AB4        A     131A       0
                text23                             3AAA     3AAA        A     131A       0
                text22                             3AA0     3AA0        A     131A       0
                text21                             3A96     3A96        A     131A       0
                text20                             336C     336C       7A     131A       0
                text19                             3A8C     3A8C        A     131A       0
                text18                             3240     3240       98     131A       0
                text17                             3A36     3A36       14     131A       0
                text16                             3B10     3B10        2     131A       0
                text15                             3784     3784       2E     131A       0
                text14                             3A22     3A22       14     131A       0
                text13                             357E     357E       58     131A       0
                text12                             3A82     3A82        A     131A       0
                text11                             39CA     39CA       16     131A       0
                text10                             3868     3868       2C     131A       0
                text9                              3B0C     3B0C        4     131A       0
                text8                              399A     399A       18     131A       0
                text7                              33E6     33E6       78     131A       0
                text6                              38E6     38E6       28     131A       0
                text5                              3A78     3A78        A     131A       0
                text4                              38BE     38BE       28     131A       0
                text3                              3A6E     3A6E        A     131A       0
                text2                              3622     3622       48     131A       0
                text1                              383C     383C       2C     131A       0
                text0                              36E4     36E4       36     131A       0
                cstackCOMRAM                        501      501       39      501       1
                cstackBANK5                         5D2      5D2        4      560       1
                dataBANK5                           5A4      5A4       22      560       1
                bssBANK5                            560      560       44      560       1
                bssCOMRAM                           53A      53A       24      501       1
                cinit                              35D6     35D6       4C     131A       0
                nvBANK5                             5C6      5C6        C      560       1
                nvCOMRAM                            55E      55E        2      501       1
                idataBANK5                         395E     395E       22     131A       0

TOTAL           Name                               Link     Load   Length     Space
        CLASS   STACK          

        CLASS   CODE           
                init                                 1A       1A        4         0
                reset_vec                             0        0        4         0
                ivt0x8                                8        8       12         0
                text73                             3B24     3B24        2         0
                text72                             3B22     3B22        2         0
                text71                             3B20     3B20        2         0
                text70                             3B1E     3B1E        2         0
                text69                             3B1C     3B1C        2         0
                text68                             3B1A     3B1A        2         0
                text67                             3B18     3B18        2         0
                text66                             2A54     2A54      156         0
                text65                             3B16     3B16        2         0
                text64                             3A5E     3A5E       10         0
                text63                             36A8     36A8       3C         0
                text62                             371A     371A       36         0
                text61                             3B04     3B04        8         0
                text60                             3B14     3B14        2         0
                text59                             380E     380E       2E         0
                text58                             3894     3894       2A         0
                text57                             3A0C     3A0C       16         0
                text56                             39F6     39F6       16         0
                text55                             3980     3980       1A         0
                text54                             39E0     39E0       16         0
                text53                             39B2     39B2       18         0
                text52                             3AFA     3AFA        A         0
                text51                             2F50     2F50       D8         0
                text50                             3524     3524       5A         0
                text49                             2634     2634      246         0
                text48                             366A     366A       3E         0
                text47                             32D8     32D8       94         0
                text46                             3936     3936       28         0
                text45                             2E26     2E26      12A         0
                text44                             2BAA     2BAA      14C         0
                text43                             2CF6     2CF6      130         0
                text42                             319C     319C       A4         0
                text41                             345E     345E       6A         0
                text40                             287A     287A      1DA         0
                text39                             3B12     3B12        2         0
                text38                             37E0     37E0       2E         0
                text37                             37B2     37B2       2E         0
                text36                             34C8     34C8       5C         0
                text35                             3028     3028       C2         0
                text34                             3750     3750       34         0
                text33                             390E     390E       28         0
                text32                             3AF0     3AF0        A         0
                text31                             3AE6     3AE6        A         0
                text30                             3ADC     3ADC        A         0
                text29                             30EA     30EA       B2         0
                text28                             3A4A     3A4A       14         0
                text27                             3AD2     3AD2        A         0
                text26                             3AC8     3AC8        A         0
                text25                             3ABE     3ABE        A         0
                text24                             3AB4     3AB4        A         0
                text23                             3AAA     3AAA        A         0
                text22                             3AA0     3AA0        A         0
                text21                             3A96     3A96        A         0
                text20                             336C     336C       7A         0
                text19                             3A8C     3A8C        A         0
                text18                             3240     3240       98         0
                text17                             3A36     3A36       14         0
                text16                             3B10     3B10        2         0
                text15                             3784     3784       2E         0
                text14                             3A22     3A22       14         0
                text13                             357E     357E       58         0
                text12                             3A82     3A82        A         0
                text11                             39CA     39CA       16         0
                text10                             3868     3868       2C         0
                text9                              3B0C     3B0C        4         0
                text8                              399A     399A       18         0
                text7                              33E6     33E6       78         0
                text6                              38E6     38E6       28         0
                text5                              3A78     3A78        A         0
                text4                              38BE     38BE       28         0
                text3                              3A6E     3A6E        A         0
                text2                              3622     3622       48         0
                text1                              383C     383C       2C         0
                text0                              36E4     36E4       36         0
                cinit                              35D6     35D6       4C         0
                idataBANK5                         395E     395E       22         0

        CLASS   CONST          

        CLASS   SMALLCONST     
                smallconst                         2600     2600       34         0

        CLASS   MEDIUMCONST    

        CLASS   COMRAM         
                cstackCOMRAM                        501      501       39         1
                bssCOMRAM                           53A      53A       24         1
                nvCOMRAM                            55E      55E        2         1

        CLASS   ABS1           

        CLASS   BIGRAM         

        CLASS   RAM            

        CLASS   BANK5          
                cstackBANK5                         5D2      5D2        4         1
                dataBANK5                           5A4      5A4       22         1
                bssBANK5                            560      560       44         1
                nvBANK5                             5C6      5C6        C         1

        CLASS   BANK6          

        CLASS   BANK7          

        CLASS   BANK8          

        CLASS   BANK9          

        CLASS   BANK10         

        CLASS   BANK11         

        CLASS   BANK12         

        CLASS   BANK13         

        CLASS   BANK14         

        CLASS   BANK15         

        CLASS   BANK16         

        CLASS   BANK17         

        CLASS   BANK18         

        CLASS   BANK19         

        CLASS   BANK20         

        CLASS   BANK21         

        CLASS   BANK22         

        CLASS   BANK23         

        CLASS   BANK24         

        CLASS   BANK25         

        CLASS   BANK26         

        CLASS   BANK27         

        CLASS   BANK28         

        CLASS   BANK29         

        CLASS   BANK30         

        CLASS   BANK31         

        CLASS   BANK32         

        CLASS   BANK33         

        CLASS   BANK34         

        CLASS   BANK35         

        CLASS   BANK36         

        CLASS   BANK37         

        CLASS   SFR            

        CLASS   CONFIG         
                config                           300000   300000       24         4

        CLASS   IDLOC          
                idloc                            200000   200000       20         5

        CLASS   EEDATA         

        CLASS   FARRAM         



SEGMENTS        Name                           Load    Length   Top    Selector   Space  Class

                reset_vec                      000000  000004  000004         0       0  CODE    
                ivt0x8                         000008  000016  00001E         4       0  CODE    
                cstackCOMRAM                   000501  00005F  000560       501       1  COMRAM  
                bssBANK5                       000560  000076  0005D6       560       1  BANK5   
                smallconst                     002600  000034  002634      1300       0  SMALLCON
                text49                         002634  0014F2  003B26      131A       0  CODE    


UNUSED ADDRESS RANGES

        Name                Unused          Largest block    Delta
        BANK10           000A00-000AFF              100
        BANK11           000B00-000BFF              100
        BANK12           000C00-000CFF              100
        BANK13           000D00-000DFF              100
        BANK14           000E00-000EFF              100
        BANK15           000F00-000FFF              100
        BANK16           001000-0010FF              100
        BANK17           001100-0011FF              100
        BANK18           001200-0012FF              100
        BANK19           001300-0013FF              100
        BANK20           001400-0014FF              100
        BANK21           001500-0015FF              100
        BANK22           001600-0016FF              100
        BANK23           001700-0017FF              100
        BANK24           001800-0018FF              100
        BANK25           001900-0019FF              100
        BANK26           001A00-001AFF              100
        BANK27           001B00-001BFF              100
        BANK28           001C00-001CFF              100
        BANK29           001D00-001DFF              100
        BANK30           001E00-001EFF              100
        BANK31           001F00-001FFF              100
        BANK32           002000-0020FF              100
        BANK33           002100-0021FF              100
        BANK34           002200-0022FF              100
        BANK35           002300-0023FF              100
        BANK36           002400-0024FF              100
        BANK37           002500-0025FF              100
        BANK5            0005D6-0005FF               2A
        BANK6            000600-0006FF              100
        BANK7            000700-0007FF              100
        BANK8            000800-0008FF              100
        BANK9            000900-0009FF              100
        BIGRAM           0005D6-0025FF             202A
        CODE             000004-000007                4
                         00001E-0025FF             25E2
                         003B26-00FFFF             C4DA
        CONST            000004-000007                4
                         00001E-0025FF             25E2
                         003B26-00FFFF             C4DA
        EEDATA           380000-3803FF              400
        MEDIUMCONST      003B26-00FFFF             C4DA
        RAM              0005D6-0025FF              100
        SFR              000000-0004FF              100
        SMALLCONST       003B26-00FFFF              100
        STACK            0005D6-0025FF             202A

                                  Symbol Table

?___lldiv                                                 cstackCOMRAM 000501
?___lmul                                                  cstackCOMRAM 000501
ADC_SetADIInterruptHandler@InterruptHandler               cstackBANK5  0005D2
ADC_SetActiveClockTuningInterruptHandler@InterruptHandler cstackBANK5  0005D2
ADC_SetContext1ThresholdInterruptHandler@InterruptHandler cstackBANK5  0005D2
CAN1_OperationModeSet@opMode                              cstackBANK5  0005D2
CAN1_OperationModeSet@requestMode                         cstackBANK5  0005D4
CAN1_OperationModeSet@status                              cstackBANK5  0005D3
CAN1_RX_FIFO_ResetInfo@index                              cstackBANK5  0005D2
CAN1_SetBusErrorInterruptHandler@handler                  cstackBANK5  0005D2
CAN1_SetBusWakeUpActivityInterruptHandler@handler         cstackBANK5  0005D2
CAN1_SetInvalidMessageInterruptHandler@handler            cstackBANK5  0005D2
CAN1_SetModeChangeInterruptHandler@handler                cstackBANK5  0005D2
CAN1_SetRxBufferOverFlowInterruptHandler@handler          cstackBANK5  0005D2
CAN1_SetSystemErrorInterruptHandler@handler               cstackBANK5  0005D2
CAN1_SetTxAttemptInterruptHandler@handler                 cstackBANK5  0005D2
CAN1_Transmit@fifoChannel                                 cstackCOMRAM 00051C
CAN1_Transmit@status                                      cstackCOMRAM 000519
CAN1_Transmit@txCanMsg                                    cstackCOMRAM 000517
CAN1_Transmit@txFifoObj                                   cstackCOMRAM 00051A
CAN1_TransmitFIFOStatusGet@fifoChannel                    cstackCOMRAM 000504
CAN1_TransmitFIFOStatusGet@status                         cstackCOMRAM 000503
CANWriteMessage@data1                                     cstackCOMRAM 000522
CANWriteMessage@data2                                     cstackCOMRAM 000523
CANWriteMessage@data3                                     cstackCOMRAM 000524
CANWriteMessage@data4                                     cstackCOMRAM 000525
CANWriteMessage@data5                                     cstackCOMRAM 000526
CANWriteMessage@data6                                     cstackCOMRAM 000527
CANWriteMessage@data7                                     cstackCOMRAM 000528
CANWriteMessage@data8                                     cstackCOMRAM 000529
CANWriteMessage@dataLength                                cstackCOMRAM 000521
CANWriteMessage@id                                        cstackCOMRAM 00051D
CANWriteMessage@uiData1                                   cstackCOMRAM 00052C
CANWriteMessage@uiData2                                   cstackCOMRAM 00052E
CANWriteMessage@uiData3                                   cstackCOMRAM 000530
CANWriteMessage@uiData4                                   cstackCOMRAM 000532
DELAY_milliseconds@milliseconds                           cstackBANK5  0005D2
GetTxFifoStatus@validChannel                              cstackCOMRAM 000501
INT0_SetInterruptHandler@InterruptHandler                 cstackBANK5  0005D2
IVTBASEH                                                  (abs)        00045E
IVTBASEL                                                  (abs)        00045D
IVTBASEU                                                  (abs)        00045F
TMR0_ISR@CountCallBack                                    bssCOMRAM    00054C
TMR0_SetInterruptHandler@InterruptHandler                 cstackBANK5  0005D2
TMR1_ISR@CountCallBack500ms                               bssCOMRAM    00054E
TMR1_ISR@CountCallBack5s                                  bssBANK5     00058C
TMR1_SetInterruptHandler@InterruptHandler                 cstackBANK5  0005D2
TMR1_WriteTimer@timerVal                                  cstackCOMRAM 000501
ValidateTransmission@field                                cstackCOMRAM 000509
ValidateTransmission@txCanMsg                             cstackCOMRAM 000502
ValidateTransmission@txMsgStatus                          cstackCOMRAM 000508
ValidateTransmission@validChannel                         cstackCOMRAM 000507
WriteMessageToFifo@msgId                                  cstackCOMRAM 000513
WriteMessageToFifo@status                                 cstackCOMRAM 000512
WriteMessageToFifo@txCanMsg                               cstackCOMRAM 00050E
WriteMessageToFifo@txFifoObj                              cstackCOMRAM 00050C
_ADACCH                                                   (abs)        0003E4
_ADACCL                                                   (abs)        0003E3
_ADACCU                                                   (abs)        0003E5
_ADACQH                                                   (abs)        0003EF
_ADACQL                                                   (abs)        0003EE
_ADACT                                                    (abs)        0003F9
_ADACTPPS                                                 (abs)        000269
_ADCAP                                                    (abs)        0003F0
_ADCLK                                                    (abs)        0003FA
_ADCNT                                                    (abs)        0003E6
_ADCON0                                                   (abs)        0003F3
_ADCON0bits                                               (abs)        0003F3
_ADCON1                                                   (abs)        0003F4
_ADCON1bits                                               (abs)        0003F4
_ADCON2                                                   (abs)        0003F5
_ADCON2bits                                               (abs)        0003F5
_ADCON3                                                   (abs)        0003F6
_ADCON3bits                                               (abs)        0003F6
_ADCP                                                     (abs)        0003D8
_ADCPbits                                                 (abs)        0003D8
_ADCSEL1                                                  (abs)        0003FC
_ADCSEL1bits                                              (abs)        0003FC
_ADCTX                                                    (abs)        0003FB
_ADC_ActiveClockTuning_ISR                                nvBANK5      0005CC
_ADC_Context1Thereshld_ISR                                nvBANK5      0005CE
_ADC_ConversionComplete_ISR                               nvBANK5      0005D0
_ADC_DefaultADI_ISR                                       (abs)        000000
_ADC_DefaultActiveClockTuning_ISR                         (abs)        000000
_ADC_DefaultContext1Threshold_ISR                         (abs)        000000
_ADC_Initialize                                           text29       0030EA
_ADC_SetADIInterruptHandler                               text32       003AF0
_ADC_SetActiveClockTuningInterruptHandler                 text31       003AE6
_ADC_SetContext1ThresholdInterruptHandler                 text30       003ADC
_ADERRH                                                   (abs)        0003DE
_ADERRL                                                   (abs)        0003DD
_ADFLTRH                                                  (abs)        0003E2
_ADFLTRL                                                  (abs)        0003E1
_ADLTHH                                                   (abs)        0003DA
_ADLTHL                                                   (abs)        0003D9
_ADPCH                                                    (abs)        0003EC
_ADPREH                                                   (abs)        0003F2
_ADPREL                                                   (abs)        0003F1
_ADPREVH                                                  (abs)        0003E9
_ADPREVL                                                  (abs)        0003E8
_ADREF                                                    (abs)        0003F8
_ADRESH                                                   (abs)        0003EB
_ADRESL                                                   (abs)        0003EA
_ADRPT                                                    (abs)        0003E7
_ADSTAT                                                   (abs)        0003F7
_ADSTATbits                                               (abs)        0003F7
_ADSTPTH                                                  (abs)        0003E0
_ADSTPTL                                                  (abs)        0003DF
_ADUTHH                                                   (abs)        0003DC
_ADUTHL                                                   (abs)        0003DB
_ANSELA                                                   (abs)        000400
_ANSELB                                                   (abs)        000408
_ANSELC                                                   (abs)        000410
_C1CONH                                                   (abs)        000101
_C1CONHbits                                               (abs)        000101
_C1CONL                                                   (abs)        000100
_C1CONTbits                                               (abs)        000103
_C1CONU                                                   (abs)        000102
_C1CONUbits                                               (abs)        000102
_C1FIFOBA                                                 (abs)        00014C
_C1FIFOCON1H                                              (abs)        00015D
_C1FIFOCON1L                                              (abs)        00015C
_C1FIFOCON1T                                              (abs)        00015F
_C1FIFOCON1U                                              (abs)        00015E
_C1FIFOSTA1Lbits                                          (abs)        000160
_C1INTH                                                   (abs)        00011D
_C1INTHbits                                               (abs)        00011D
_C1INTL                                                   (abs)        00011C
_C1INTLbits                                               (abs)        00011C
_C1INTT                                                   (abs)        00011F
_C1INTTbits                                               (abs)        00011F
_C1INTU                                                   (abs)        00011E
_C1NBTCFGH                                                (abs)        000105
_C1NBTCFGL                                                (abs)        000104
_C1NBTCFGT                                                (abs)        000107
_C1NBTCFGU                                                (abs)        000106
_C1TRECUbits                                              (abs)        000136
_C1TXQCONH                                                (abs)        000151
_C1TXQCONL                                                (abs)        000150
_C1TXQCONT                                                (abs)        000153
_C1TXQCONU                                                (abs)        000152
_C1TXQSTALbits                                            (abs)        000154
_CAN1_BitRateConfiguration                                text28       003A4A
_CAN1_BusErrorHandler                                     bssBANK5     000596
_CAN1_BusWakeUpActivityHandler                            bssBANK5     000598
_CAN1_ErrorNotificationInterruptEnable                    text20       00336C
_CAN1_ISR                                                 text66       002A54
_CAN1_Initialize                                          text13       00357E
_CAN1_InvalidMessageHandler                               bssBANK5     00059A
_CAN1_IsBusOff                                            text57       003A0C
_CAN1_IsTxErrorActive                                     text55       003980
_CAN1_IsTxErrorPassive                                    text56       0039F6
_CAN1_IsTxErrorWarning                                    text54       0039E0
_CAN1_ModeChangeHandler                                   bssBANK5     000594
_CAN1_OperationModeGet                                    text19       003A8C
_CAN1_OperationModeSet                                    text18       003240
_CAN1_RX_FIFO_Configuration                               text17       003A36
_CAN1_RX_FIFO_FilterMaskConfiguration                     text16       003B10
_CAN1_RX_FIFO_ResetInfo                                   text15       003784
_CAN1_RxBufferOverflowHandler                             bssBANK5     00058E
_CAN1_SetBusErrorInterruptHandler                         text27       003AD2
_CAN1_SetBusWakeUpActivityInterruptHandler                text26       003AC8
_CAN1_SetInvalidMessageInterruptHandler                   text25       003ABE
_CAN1_SetModeChangeInterruptHandler                       text24       003AB4
_CAN1_SetRxBufferOverFlowInterruptHandler                 text23       003AAA
_CAN1_SetSystemErrorInterruptHandler                      text22       003AA0
_CAN1_SetTxAttemptInterruptHandler                        text21       003A96
_CAN1_SystemErrorHandler                                  bssBANK5     000592
_CAN1_TX_FIFO_Configuration                               text14       003A22
_CAN1_Transmit                                            text47       0032D8
_CAN1_TransmitFIFOStatusGet                               text46       003936
_CAN1_TxAttemptHandler                                    bssBANK5     000590
_CANDATAdata                                              dataBANK5    0005A6
_CANRXPPS                                                 (abs)        00023D
_CANWriteMessage                                          text45       002E26
_DELAY_milliseconds                                       text34       003750
_DLC_BYTES                                                smallconst   002627
_DefaultBusErrorHandler                                   text73       003B24
_DefaultBusWakeUpActivityHandler                          text72       003B22
_DefaultInvalidMessageHandler                             text71       003B20
_DefaultModeChangeHandler                                 text70       003B1E
_DefaultRxBufferOverflowHandler                           text69       003B1C
_DefaultSystemErrorHandler                                text68       003B1A
_DefaultTxAttemptHandler                                  text67       003B18
_EXT_INT_Initialize                                       text11       0039CA
_GetTxFifoStatus                                          text53       0039B2
_I2C1BAUD                                                 (abs)        00029D
_I2C1CLK                                                  (abs)        00029E
_I2C1CNTH                                                 (abs)        00028D
_I2C1CNTL                                                 (abs)        00028C
_I2C1CON0                                                 (abs)        000294
_I2C1CON0bits                                             (abs)        000294
_I2C1CON1                                                 (abs)        000295
_I2C1CON1bits                                             (abs)        000295
_I2C1CON2                                                 (abs)        000296
_I2C1ERR                                                  (abs)        000297
_I2C1ERRbits                                              (abs)        000297
_I2C1PIE                                                  (abs)        00029B
_I2C1PIEbits                                              (abs)        00029B
_I2C1PIR                                                  (abs)        00029A
_I2C1PIRbits                                              (abs)        00029A
_I2C1RXB                                                  (abs)        00028A
_I2C1SCLPPS                                               (abs)        000271
_I2C1SDAPPS                                               (abs)        000270
_I2C1STAT1bits                                            (abs)        000299
_I2C1TXB                                                  (abs)        00028B
_I2C1_CallbackReturnReset                                 (abs)        000000
_I2C1_CallbackReturnStop                                  (abs)        000000
_I2C1_DO_ADDRESS_NACK                                     (abs)        000000
_I2C1_DO_BUS_COLLISION                                    (abs)        000000
_I2C1_DO_BUS_ERROR                                        (abs)        000000
_I2C1_DO_IDLE                                             (abs)        000000
_I2C1_DO_RESET                                            (abs)        000000
_I2C1_DO_RX                                               (abs)        000000
_I2C1_DO_RX_ACK                                           (abs)        000000
_I2C1_DO_RX_EMPTY                                         (abs)        000000
_I2C1_DO_RX_NACK_RESTART                                  (abs)        000000
_I2C1_DO_RX_NACK_STOP                                     (abs)        000000
_I2C1_DO_SEND_ADR_READ                                    (abs)        000000
_I2C1_DO_SEND_ADR_WRITE                                   (abs)        000000
_I2C1_DO_SEND_RESTART                                     (abs)        000000
_I2C1_DO_SEND_RESTART_READ                                (abs)        000000
_I2C1_DO_SEND_RESTART_WRITE                               (abs)        000000
_I2C1_DO_SEND_STOP                                        (abs)        000000
_I2C1_DO_TX                                               (abs)        000000
_I2C1_DO_TX_ACK                                           (abs)        000000
_I2C1_DO_TX_EMPTY                                         (abs)        000000
_I2C1_Initialize                                          text10       003868
_I2C1_Status                                              bssBANK5     000560
_INLVLA                                                   (abs)        000404
_INLVLB                                                   (abs)        00040C
_INLVLC                                                   (abs)        000414
_INLVLE                                                   (abs)        000424
_INT0PPS                                                  (abs)        00023E
_INT0_CallBack                                            text62       00371A
_INT0_DefaultInterruptHandler                             text65       003B16
_INT0_ISR                                                 text61       003B04
_INT0_InterruptHandler                                    nvBANK5      0005CA
_INT0_SetInterruptHandler                                 text12       003A82
_INTCON0bits                                              (abs)        0004D6
_INTERRUPT_Initialize                                     text9        003B0C
_INTERRUPT_InterruptManager                               text35       003028
_LATA                                                     (abs)        0004BE
_LATAbits                                                 (abs)        0004BE
_LATB                                                     (abs)        0004BF
_LATBbits                                                 (abs)        0004BF
_LATC                                                     (abs)        0004C0
_MESSAGESSendEvery500ms                                   text44       002BAA
_MESSAGESSendEvery5s                                      text43       002CF6
_ODCONA                                                   (abs)        000402
_ODCONB                                                   (abs)        00040A
_ODCONC                                                   (abs)        000412
_OSCCON1                                                  (abs)        0000AD
_OSCCON3                                                  (abs)        0000AF
_OSCEN                                                    (abs)        0000B3
_OSCFRQ                                                   (abs)        0000B1
_OSCILLATOR_Initialize                                    text8        00399A
_OSCTUNE                                                  (abs)        0000B0
_PARAMETERSInit                                           text33       00390E
_PIE0bits                                                 (abs)        00049E
_PIE1bits                                                 (abs)        00049F
_PIE3bits                                                 (abs)        0004A1
_PIE7bits                                                 (abs)        0004A5
_PIN_MANAGER_Initialize                                   text7        0033E6
_PIR0bits                                                 (abs)        0004AE
_PIR1bits                                                 (abs)        0004AF
_PIR2bits                                                 (abs)        0004B0
_PIR3bits                                                 (abs)        0004B1
_PIR7bits                                                 (abs)        0004B5
_PMD0                                                     (abs)        000060
_PMD1                                                     (abs)        000061
_PMD2                                                     (abs)        000062
_PMD3                                                     (abs)        000063
_PMD4                                                     (abs)        000064
_PMD5                                                     (abs)        000065
_PMD6                                                     (abs)        000066
_PMD7                                                     (abs)        000067
_PMD8                                                     (abs)        000068
_PMD_Initialize                                           text6        0038E6
_RB4PPS                                                   (abs)        00020D
_RC3PPS                                                   (abs)        000214
_RC4PPS                                                   (abs)        000215
_ReluctorCountTeeth                                       text64       003A5E
_ReluctorFreqRead                                         text40       00287A
_ReluctorPosCount                                         text63       0036A8
_SLRCONA                                                  (abs)        000403
_SLRCONB                                                  (abs)        00040B
_SLRCONC                                                  (abs)        000413
_SYSTEM_Initialize                                        text1        00383C
_T0CON0                                                   (abs)        00031A
_T0CON0bits                                               (abs)        00031A
_T0CON1                                                   (abs)        00031B
_T1CLK                                                    (abs)        000321
_T1CON                                                    (abs)        00031E
_T1CONbits                                                (abs)        00031E
_T1GATE                                                   (abs)        000320
_T1GCON                                                   (abs)        00031F
_T1GCONbits                                               (abs)        00031F
_TMR0H                                                    (abs)        000319
_TMR0L                                                    (abs)        000318
_TMR0_CallBack                                            text59       00380E
_TMR0_DefaultInterruptHandler                             text60       003B14
_TMR0_ISR                                                 text58       003894
_TMR0_Initialize                                          text4        0038BE
_TMR0_InterruptHandler                                    nvBANK5      0005C6
_TMR0_SetInterruptHandler                                 text5        003A78
_TMR1H                                                    (abs)        00031D
_TMR1L                                                    (abs)        00031C
_TMR1_CallBack                                            text38       0037E0
_TMR1_DefaultInterruptHandler                             text39       003B12
_TMR1_ISR                                                 text36       0034C8
_TMR1_Initialize                                          text2        003622
_TMR1_InterruptHandler                                    nvBANK5      0005C8
_TMR1_SetInterruptHandler                                 text3        003A6E
_TMR1_WriteTimer                                          text37       0037B2
_TRISA                                                    (abs)        0004C6
_TRISB                                                    (abs)        0004C7
_TRISBbits                                                (abs)        0004C7
_TRISC                                                    (abs)        0004C8
_TRISE                                                    (abs)        0004CA
_ValidateTransmission                                     text51       002F50
_WPUA                                                     (abs)        000401
_WPUB                                                     (abs)        000409
_WPUC                                                     (abs)        000411
_WPUE                                                     (abs)        000421
_WriteMessageToFifo                                       text49       002634
__HRAM                                                    (abs)        000000
__Habs1                                                   abs1         000000
__Hbank10                                                 bank10       000000
__Hbank11                                                 bank11       000000
__Hbank12                                                 bank12       000000
__Hbank13                                                 bank13       000000
__Hbank14                                                 bank14       000000
__Hbank15                                                 bank15       000000
__Hbank16                                                 bank16       000000
__Hbank17                                                 bank17       000000
__Hbank18                                                 bank18       000000
__Hbank19                                                 bank19       000000
__Hbank20                                                 bank20       000000
__Hbank21                                                 bank21       000000
__Hbank22                                                 bank22       000000
__Hbank23                                                 bank23       000000
__Hbank24                                                 bank24       000000
__Hbank25                                                 bank25       000000
__Hbank26                                                 bank26       000000
__Hbank27                                                 bank27       000000
__Hbank28                                                 bank28       000000
__Hbank29                                                 bank29       000000
__Hbank30                                                 bank30       000000
__Hbank31                                                 bank31       000000
__Hbank32                                                 bank32       000000
__Hbank33                                                 bank33       000000
__Hbank34                                                 bank34       000000
__Hbank35                                                 bank35       000000
__Hbank36                                                 bank36       000000
__Hbank37                                                 bank37       000000
__Hbank5                                                  bank5        000000
__Hbank6                                                  bank6        000000
__Hbank7                                                  bank7        000000
__Hbank8                                                  bank8        000000
__Hbank9                                                  bank9        000000
__Hbigbss                                                 bigbss       000000
__Hbigdata                                                bigdata      000000
__Hbigram                                                 bigram       000000
__Hbss                                                    bss          000000
__HbssBANK5                                               bssBANK5     000000
__HbssCOMRAM                                              bssCOMRAM    000000
__Hcinit                                                  cinit        000000
__Hclrtext                                                clrtext      000000
__Hcomram                                                 comram       000000
__Hconfig                                                 config       300024
__Hconst                                                  const        000000
__HcstackBANK5                                            cstackBANK5  000000
__HcstackCOMRAM                                           cstackCOMRAM 000000
__Hdata                                                   data         000000
__HdataBANK5                                              dataBANK5    000000
__Heeprom_data                                            eeprom_data  000000
__Hfarbss                                                 farbss       000000
__Hfardata                                                fardata      000000
__Hibigdata                                               ibigdata     000000
__Hidata                                                  idata        000000
__HidataBANK5                                             idataBANK5   000000
__Hidloc                                                  idloc        200020
__Hifardata                                               ifardata     000000
__Hinit                                                   init         00001E
__Hintsave_regs                                           intsave_regs 000000
__Hirdata                                                 irdata       000000
__Hivt0x8                                                 ivt0x8       00001A
__Hmediumconst                                            mediumconst  000000
__HnvBANK5                                                nvBANK5      000000
__HnvCOMRAM                                               nvCOMRAM     000000
__HnvFARRAM                                               nvFARRAM     000000
__Hnvbit                                                  nvbit        000000
__Hnvrram                                                 nvrram       000000
__Hparam                                                  rparam       000000
__Hpowerup                                                powerup      000000
__Hram                                                    ram          000000
__Hramtop                                                 ramtop       002600
__Hrbit                                                   rbit         000000
__Hrbss                                                   rbss         000000
__Hrdata                                                  rdata        000000
__Hreset_vec                                              reset_vec    000004
__Hrparam                                                 rparam       000000
__Hsfr                                                    sfr          000000
__Hsmallconst                                             smallconst   002634
__Hspace_0                                                (abs)        003B26
__Hspace_1                                                (abs)        0005D6
__Hspace_2                                                (abs)        000000
__Hspace_4                                                (abs)        600024
__Hstack                                                  stack        000000
__Hstruct                                                 struct       000000
__Htemp                                                   temp         000000
__Htext                                                   text         000000
__Htext0                                                  text0        000000
__Htext1                                                  text1        000000
__Htext10                                                 text10       000000
__Htext11                                                 text11       000000
__Htext12                                                 text12       000000
__Htext13                                                 text13       000000
__Htext14                                                 text14       000000
__Htext15                                                 text15       000000
__Htext16                                                 text16       000000
__Htext17                                                 text17       000000
__Htext18                                                 text18       000000
__Htext19                                                 text19       000000
__Htext2                                                  text2        000000
__Htext20                                                 text20       000000
__Htext21                                                 text21       000000
__Htext22                                                 text22       000000
__Htext23                                                 text23       000000
__Htext24                                                 text24       000000
__Htext25                                                 text25       000000
__Htext26                                                 text26       000000
__Htext27                                                 text27       000000
__Htext28                                                 text28       000000
__Htext29                                                 text29       000000
__Htext3                                                  text3        000000
__Htext30                                                 text30       000000
__Htext31                                                 text31       000000
__Htext32                                                 text32       000000
__Htext33                                                 text33       000000
__Htext34                                                 text34       000000
__Htext35                                                 text35       000000
__Htext36                                                 text36       000000
__Htext37                                                 text37       000000
__Htext38                                                 text38       000000
__Htext39                                                 text39       000000
__Htext4                                                  text4        000000
__Htext40                                                 text40       000000
__Htext41                                                 text41       000000
__Htext42                                                 text42       000000
__Htext43                                                 text43       000000
__Htext44                                                 text44       000000
__Htext45                                                 text45       000000
__Htext46                                                 text46       000000
__Htext47                                                 text47       000000
__Htext48                                                 text48       000000
__Htext49                                                 text49       000000
__Htext5                                                  text5        000000
__Htext50                                                 text50       000000
__Htext51                                                 text51       000000
__Htext52                                                 text52       000000
__Htext53                                                 text53       000000
__Htext54                                                 text54       000000
__Htext55                                                 text55       000000
__Htext56                                                 text56       000000
__Htext57                                                 text57       000000
__Htext58                                                 text58       000000
__Htext59                                                 text59       000000
__Htext6                                                  text6        000000
__Htext60                                                 text60       000000
__Htext61                                                 text61       000000
__Htext62                                                 text62       000000
__Htext63                                                 text63       000000
__Htext64                                                 text64       000000
__Htext65                                                 text65       000000
__Htext66                                                 text66       000000
__Htext67                                                 text67       000000
__Htext68                                                 text68       000000
__Htext69                                                 text69       000000
__Htext7                                                  text7        000000
__Htext70                                                 text70       000000
__Htext71                                                 text71       000000
__Htext72                                                 text72       000000
__Htext73                                                 text73       000000
__Htext74                                                 text74       000000
__Htext8                                                  text8        000000
__Htext9                                                  text9        000000
__LRAM                                                    (abs)        000001
__Labs1                                                   abs1         000000
__Lbank10                                                 bank10       000000
__Lbank11                                                 bank11       000000
__Lbank12                                                 bank12       000000
__Lbank13                                                 bank13       000000
__Lbank14                                                 bank14       000000
__Lbank15                                                 bank15       000000
__Lbank16                                                 bank16       000000
__Lbank17                                                 bank17       000000
__Lbank18                                                 bank18       000000
__Lbank19                                                 bank19       000000
__Lbank20                                                 bank20       000000
__Lbank21                                                 bank21       000000
__Lbank22                                                 bank22       000000
__Lbank23                                                 bank23       000000
__Lbank24                                                 bank24       000000
__Lbank25                                                 bank25       000000
__Lbank26                                                 bank26       000000
__Lbank27                                                 bank27       000000
__Lbank28                                                 bank28       000000
__Lbank29                                                 bank29       000000
__Lbank30                                                 bank30       000000
__Lbank31                                                 bank31       000000
__Lbank32                                                 bank32       000000
__Lbank33                                                 bank33       000000
__Lbank34                                                 bank34       000000
__Lbank35                                                 bank35       000000
__Lbank36                                                 bank36       000000
__Lbank37                                                 bank37       000000
__Lbank5                                                  bank5        000000
__Lbank6                                                  bank6        000000
__Lbank7                                                  bank7        000000
__Lbank8                                                  bank8        000000
__Lbank9                                                  bank9        000000
__Lbigbss                                                 bigbss       000000
__Lbigdata                                                bigdata      000000
__Lbigram                                                 bigram       000000
__Lbss                                                    bss          000000
__LbssBANK5                                               bssBANK5     000000
__LbssCOMRAM                                              bssCOMRAM    000000
__Lcinit                                                  cinit        000000
__Lclrtext                                                clrtext      000000
__Lcomram                                                 comram       000000
__Lconfig                                                 config       000000
__Lconst                                                  const        000000
__LcstackBANK5                                            cstackBANK5  000000
__LcstackCOMRAM                                           cstackCOMRAM 000000
__Ldata                                                   data         000000
__LdataBANK5                                              dataBANK5    000000
__Leeprom_data                                            eeprom_data  000000
__Lfarbss                                                 farbss       000000
__Lfardata                                                fardata      000000
__Libigdata                                               ibigdata     000000
__Lidata                                                  idata        000000
__LidataBANK5                                             idataBANK5   000000
__Lidloc                                                  idloc        000000
__Lifardata                                               ifardata     000000
__Linit                                                   init         00001A
__Lintsave_regs                                           intsave_regs 000000
__Lirdata                                                 irdata       000000
__Livt0x8                                                 ivt0x8       000008
__Lmediumconst                                            mediumconst  000000
__LnvBANK5                                                nvBANK5      000000
__LnvCOMRAM                                               nvCOMRAM     000000
__LnvFARRAM                                               nvFARRAM     000000
__Lnvbit                                                  nvbit        000000
__Lnvrram                                                 nvrram       000000
__Lparam                                                  rparam       000000
__Lpowerup                                                powerup      000000
__Lram                                                    ram          000000
__Lramtop                                                 ramtop       002600
__Lrbit                                                   rbit         000000
__Lrbss                                                   rbss         000000
__Lrdata                                                  rdata        000000
__Lreset_vec                                              reset_vec    000000
__Lrparam                                                 rparam       000000
__Lsfr                                                    sfr          000000
__Lsmallconst                                             smallconst   002600
__Lspace_0                                                (abs)        000000
__Lspace_1                                                (abs)        000000
__Lspace_2                                                (abs)        000000
__Lspace_4                                                (abs)        000000
__Lstack                                                  stack        000000
__Lstruct                                                 struct       000000
__Ltemp                                                   temp         000000
__Ltext                                                   text         000000
__Ltext0                                                  text0        000000
__Ltext1                                                  text1        000000
__Ltext10                                                 text10       000000
__Ltext11                                                 text11       000000
__Ltext12                                                 text12       000000
__Ltext13                                                 text13       000000
__Ltext14                                                 text14       000000
__Ltext15                                                 text15       000000
__Ltext16                                                 text16       000000
__Ltext17                                                 text17       000000
__Ltext18                                                 text18       000000
__Ltext19                                                 text19       000000
__Ltext2                                                  text2        000000
__Ltext20                                                 text20       000000
__Ltext21                                                 text21       000000
__Ltext22                                                 text22       000000
__Ltext23                                                 text23       000000
__Ltext24                                                 text24       000000
__Ltext25                                                 text25       000000
__Ltext26                                                 text26       000000
__Ltext27                                                 text27       000000
__Ltext28                                                 text28       000000
__Ltext29                                                 text29       000000
__Ltext3                                                  text3        000000
__Ltext30                                                 text30       000000
__Ltext31                                                 text31       000000
__Ltext32                                                 text32       000000
__Ltext33                                                 text33       000000
__Ltext34                                                 text34       000000
__Ltext35                                                 text35       000000
__Ltext36                                                 text36       000000
__Ltext37                                                 text37       000000
__Ltext38                                                 text38       000000
__Ltext39                                                 text39       000000
__Ltext4                                                  text4        000000
__Ltext40                                                 text40       000000
__Ltext41                                                 text41       000000
__Ltext42                                                 text42       000000
__Ltext43                                                 text43       000000
__Ltext44                                                 text44       000000
__Ltext45                                                 text45       000000
__Ltext46                                                 text46       000000
__Ltext47                                                 text47       000000
__Ltext48                                                 text48       000000
__Ltext49                                                 text49       000000
__Ltext5                                                  text5        000000
__Ltext50                                                 text50       000000
__Ltext51                                                 text51       000000
__Ltext52                                                 text52       000000
__Ltext53                                                 text53       000000
__Ltext54                                                 text54       000000
__Ltext55                                                 text55       000000
__Ltext56                                                 text56       000000
__Ltext57                                                 text57       000000
__Ltext58                                                 text58       000000
__Ltext59                                                 text59       000000
__Ltext6                                                  text6        000000
__Ltext60                                                 text60       000000
__Ltext61                                                 text61       000000
__Ltext62                                                 text62       000000
__Ltext63                                                 text63       000000
__Ltext64                                                 text64       000000
__Ltext65                                                 text65       000000
__Ltext66                                                 text66       000000
__Ltext67                                                 text67       000000
__Ltext68                                                 text68       000000
__Ltext69                                                 text69       000000
__Ltext7                                                  text7        000000
__Ltext70                                                 text70       000000
__Ltext71                                                 text71       000000
__Ltext72                                                 text72       000000
__Ltext73                                                 text73       000000
__Ltext74                                                 text74       000000
__Ltext8                                                  text8        000000
__Ltext9                                                  text9        000000
__S0                                                      (abs)        003B26
__S1                                                      (abs)        0005D6
__S2                                                      (abs)        000000
__S4                                                      (abs)        000000
__S5                                                      (abs)        000000
___inthi_sp                                               stack        000000
___intlo_sp                                               stack        000000
___lldiv                                                  text42       00319C
___lldiv@counter                                          cstackCOMRAM 00050D
___lldiv@dividend                                         cstackCOMRAM 000501
___lldiv@divisor                                          cstackCOMRAM 000505
___lldiv@quotient                                         cstackCOMRAM 000509
___lmul                                                   text41       00345E
___lmul@multiplicand                                      cstackCOMRAM 000505
___lmul@multiplier                                        cstackCOMRAM 000501
___lmul@product                                           cstackCOMRAM 000509
___param_bank                                             (abs)        000000
___rparam_used                                            (abs)        000001
___sp                                                     stack        000000
__accesstop                                               (abs)        000560
__activetblptr                                            (abs)        000003
__end_of_ADC_Initialize                                   text29       00319C
__end_of_ADC_SetADIInterruptHandler                       text32       003AFA
__end_of_ADC_SetActiveClockTuningInterruptHandler         text31       003AF0
__end_of_ADC_SetContext1ThresholdInterruptHandler         text30       003AE6
__end_of_CAN1_BitRateConfiguration                        text28       003A5E
__end_of_CAN1_ErrorNotificationInterruptEnable            text20       0033E6
__end_of_CAN1_ISR                                         text66       002BAA
__end_of_CAN1_Initialize                                  text13       0035D6
__end_of_CAN1_IsBusOff                                    text57       003A22
__end_of_CAN1_IsTxErrorActive                             text55       00399A
__end_of_CAN1_IsTxErrorPassive                            text56       003A0C
__end_of_CAN1_IsTxErrorWarning                            text54       0039F6
__end_of_CAN1_OperationModeGet                            text19       003A96
__end_of_CAN1_OperationModeSet                            text18       0032D8
__end_of_CAN1_RX_FIFO_Configuration                       text17       003A4A
__end_of_CAN1_RX_FIFO_FilterMaskConfiguration             text16       003B12
__end_of_CAN1_RX_FIFO_ResetInfo                           text15       0037B2
__end_of_CAN1_SetBusErrorInterruptHandler                 text27       003ADC
__end_of_CAN1_SetBusWakeUpActivityInterruptHandler        text26       003AD2
__end_of_CAN1_SetInvalidMessageInterruptHandler           text25       003AC8
__end_of_CAN1_SetModeChangeInterruptHandler               text24       003ABE
__end_of_CAN1_SetRxBufferOverFlowInterruptHandler         text23       003AB4
__end_of_CAN1_SetSystemErrorInterruptHandler              text22       003AAA
__end_of_CAN1_SetTxAttemptInterruptHandler                text21       003AA0
__end_of_CAN1_TX_FIFO_Configuration                       text14       003A36
__end_of_CAN1_Transmit                                    text47       00336C
__end_of_CAN1_TransmitFIFOStatusGet                       text46       00395E
__end_of_CANWriteMessage                                  text45       002F50
__end_of_DELAY_milliseconds                               text34       003784
__end_of_DLC_BYTES                                        smallconst   002630
__end_of_DefaultBusErrorHandler                           text73       003B26
__end_of_DefaultBusWakeUpActivityHandler                  text72       003B24
__end_of_DefaultInvalidMessageHandler                     text71       003B22
__end_of_DefaultModeChangeHandler                         text70       003B20
__end_of_DefaultRxBufferOverflowHandler                   text69       003B1E
__end_of_DefaultSystemErrorHandler                        text68       003B1C
__end_of_DefaultTxAttemptHandler                          text67       003B1A
__end_of_EXT_INT_Initialize                               text11       0039E0
__end_of_FIFO                                             smallconst   002632
__end_of_GetTxFifoStatus                                  text53       0039CA
__end_of_I2C1_Initialize                                  text10       003894
__end_of_INT0_CallBack                                    text62       003750
__end_of_INT0_DefaultInterruptHandler                     text65       003B18
__end_of_INT0_ISR                                         text61       003B0C
__end_of_INT0_SetInterruptHandler                         text12       003A8C
__end_of_INTERRUPT_Initialize                             text9        003B10
__end_of_INTERRUPT_InterruptManager                       text35       0030EA
__end_of_MESSAGESSendEvery500ms                           text44       002CF6
__end_of_MESSAGESSendEvery5s                              text43       002E26
__end_of_OSCILLATOR_Initialize                            text8        0039B2
__end_of_PARAMETERSInit                                   text33       003936
__end_of_PIN_MANAGER_Initialize                           text7        00345E
__end_of_PMD_Initialize                                   text6        00390E
__end_of_ReluctorCountTeeth                               text64       003A6E
__end_of_ReluctorFreqRead                                 text40       002A54
__end_of_ReluctorPosCount                                 text63       0036E4
__end_of_SYSTEM_Initialize                                text1        003868
__end_of_TMR0_CallBack                                    text59       00383C
[...]
__ptext26                                                 text26       003AC8
__ptext27                                                 text27       003AD2
__ptext28                                                 text28       003A4A
__ptext29                                                 text29       0030EA
__ptext3                                                  text3        003A6E
__ptext30                                                 text30       003ADC
__ptext31                                                 text31       003AE6
__ptext32                                                 text32       003AF0
__ptext33                                                 text33       00390E
__ptext34                                                 text34       003750
__ptext35                                                 text35       003028
__ptext36                                                 text36       0034C8
__ptext37                                                 text37       0037B2
__ptext38                                                 text38       0037E0
__ptext39                                                 text39       003B12
__ptext4                                                  text4        0038BE
__ptext40                                                 text40       00287A
__ptext41                                                 text41       00345E
__ptext42                                                 text42       00319C
__ptext43                                                 text43       002CF6
__ptext44                                                 text44       002BAA
__ptext45                                                 text45       002E26
__ptext46                                                 text46       003936
__ptext47                                                 text47       0032D8
__ptext48                                                 text48       00366A
__ptext49                                                 text49       002634
__ptext5                                                  text5        003A78
__ptext50                                                 text50       003524
__ptext51                                                 text51       002F50
__ptext52                                                 text52       003AFA
__ptext53                                                 text53       0039B2
__ptext54                                                 text54       0039E0
__ptext55                                                 text55       003980
__ptext56                                                 text56       0039F6
__ptext57                                                 text57       003A0C
__ptext58                                                 text58       003894
__ptext59                                                 text59       00380E
__ptext6                                                  text6        0038E6
__ptext60                                                 text60       003B14
__ptext61                                                 text61       003B04
__ptext62                                                 text62       00371A
__ptext63                                                 text63       0036A8
__ptext64                                                 text64       003A5E
__ptext65                                                 text65       003B16
__ptext66                                                 text66       002A54
__ptext67                                                 text67       003B18
__ptext68                                                 text68       003B1A
__ptext69                                                 text69       003B1C
__ptext7                                                  text7        0033E6
__ptext70                                                 text70       003B1E
__ptext71                                                 text71       003B20
__ptext72                                                 text72       003B22
__ptext73                                                 text73       003B24
__ptext74                                                 text74       000000
__ptext8                                                  text8        00399A
__ptext9                                                  text9        003B0C
__ramtop                                                  ramtop       002600
__size_of_ADC_Initialize                                  (abs)        000000
__size_of_ADC_SetADIInterruptHandler                      (abs)        000000
__size_of_ADC_SetActiveClockTuningInterruptHandler        (abs)        000000
__size_of_ADC_SetContext1ThresholdInterruptHandler        (abs)        000000
__size_of_CAN1_BitRateConfiguration                       (abs)        000000
__size_of_CAN1_ErrorNotificationInterruptEnable           (abs)        000000
__size_of_CAN1_ISR                                        (abs)        000000
__size_of_CAN1_Initialize                                 (abs)        000000
__size_of_CAN1_IsBusOff                                   (abs)        000000
__size_of_CAN1_IsTxErrorActive                            (abs)        000000
__size_of_CAN1_IsTxErrorPassive                           (abs)        000000
__size_of_CAN1_IsTxErrorWarning                           (abs)        000000
__size_of_CAN1_OperationModeGet                           (abs)        000000
__size_of_CAN1_OperationModeSet                           (abs)        000000
__size_of_CAN1_RX_FIFO_Configuration                      (abs)        000000
__size_of_CAN1_RX_FIFO_FilterMaskConfiguration            (abs)        000000
__size_of_CAN1_RX_FIFO_ResetInfo                          (abs)        000000
__size_of_CAN1_SetBusErrorInterruptHandler                (abs)        000000
__size_of_CAN1_SetBusWakeUpActivityInterruptHandler       (abs)        000000
__size_of_CAN1_SetInvalidMessageInterruptHandler          (abs)        000000
__size_of_CAN1_SetModeChangeInterruptHandler              (abs)        000000
__size_of_CAN1_SetRxBufferOverFlowInterruptHandler        (abs)        000000
__size_of_CAN1_SetSystemErrorInterruptHandler             (abs)        000000
__size_of_CAN1_SetTxAttemptInterruptHandler               (abs)        000000
__size_of_CAN1_TX_FIFO_Configuration                      (abs)        000000
__size_of_CAN1_Transmit                                   (abs)        000000
__size_of_CAN1_TransmitFIFOStatusGet                      (abs)        000000
__size_of_CANWriteMessage                                 (abs)        000000
__size_of_DELAY_milliseconds                              (abs)        000000
__size_of_DefaultBusErrorHandler                          (abs)        000000
__size_of_DefaultBusWakeUpActivityHandler                 (abs)        000000
__size_of_DefaultInvalidMessageHandler                    (abs)        000000
__size_of_DefaultModeChangeHandler                        (abs)        000000
__size_of_DefaultRxBufferOverflowHandler                  (abs)        000000
__size_of_DefaultSystemErrorHandler                       (abs)        000000
__size_of_DefaultTxAttemptHandler                         (abs)        000000
__size_of_EXT_INT_Initialize                              (abs)        000000
__size_of_GetTxFifoStatus                                 (abs)        000000
__size_of_I2C1_Initialize                                 (abs)        000000
__size_of_INT0_CallBack                                   (abs)        000000
__size_of_INT0_DefaultInterruptHandler                    (abs)        000000
__size_of_INT0_ISR                                        (abs)        000000
__size_of_INT0_SetInterruptHandler                        (abs)        000000
__size_of_INTERRUPT_Initialize                            (abs)        000000
__size_of_INTERRUPT_InterruptManager                      (abs)        000000
__size_of_MESSAGESSendEvery500ms                          (abs)        000000
__size_of_MESSAGESSendEvery5s                             (abs)        000000
__size_of_OSCILLATOR_Initialize                           (abs)        000000
__size_of_PARAMETERSInit                                  (abs)        000000
__size_of_PIN_MANAGER_Initialize                          (abs)        000000
__size_of_PMD_Initialize                                  (abs)        000000
__size_of_ReluctorCountTeeth                              (abs)        000000
__size_of_ReluctorFreqRead                                (abs)        000000
__size_of_ReluctorPosCount                                (abs)        000000
__size_of_SYSTEM_Initialize                               (abs)        000000
__size_of_TMR0_CallBack                                   (abs)        000000
__size_of_TMR0_DefaultInterruptHandler                    (abs)        000000
__size_of_TMR0_ISR                                        (abs)        000000
__size_of_TMR0_Initialize                                 (abs)        000000
__size_of_TMR0_SetInterruptHandler                        (abs)        000000
__size_of_TMR1_CallBack                                   (abs)        000000
__size_of_TMR1_DefaultInterruptHandler                    (abs)        000000
__size_of_TMR1_ISR                                        (abs)        000000
__size_of_TMR1_Initialize                                 (abs)        000000
__size_of_TMR1_SetInterruptHandler                        (abs)        000000
__size_of_TMR1_WriteTimer                                 (abs)        000000
__size_of_ValidateTransmission                            (abs)        000000
__size_of_WriteMessageToFifo                              (abs)        000000
__size_of___lldiv                                         (abs)        000000
__size_of___lmul                                          (abs)        000000
__size_of_isTxChannel                                     (abs)        000000
__size_of_main                                            (abs)        000000
__size_of_memcpy                                          (abs)        000000
__size_ofi2_CAN1_OperationModeGet                         (abs)        000000
__smallconst                                              smallconst   002600
_i2c1_fsmStateTable                                       smallconst   002601
_isTxChannel                                              text48       00366A
_isTxChannel$908                                          cstackCOMRAM 000501
_main                                                     text0        0036E4
_memcpy                                                   text50       003524
_msg                                                      bssCOMRAM    000557
_rd1RegCompleteHandler                                    (abs)        000000
_rd2RegCompleteHandler                                    (abs)        000000
_rdBlkRegCompleteHandler                                  (abs)        000000
_rxFifos                                                  dataBANK5    0005A4
_rxMsgData                                                bssBANK5     00059C
_timer1ReloadVal                                          nvCOMRAM     00055E
_ucCountPos                                               bssCOMRAM    000556
_ucCountVueltaRueda1                                      bssCOMRAM    000555
_ucCountVueltaRueda2                                      bssCOMRAM    000554
_ucKPHData1                                               bssCOMRAM    000553
_ucKPHData2                                               bssCOMRAM    000552
_ucReluctorState                                          bssCOMRAM    000551
_ucWheelID                                                bssCOMRAM    000550
_uiCountVueltaRueda                                       bssCOMRAM    00054A
_uiKPH_E_2                                                bssCOMRAM    00053A
_ui_MeterPerSecond_E_2                                    bssCOMRAM    00053E
_ui_cm_in_period                                          bssCOMRAM    000542
_ulCountTeeth                                             bssBANK5     000584
_ulTyrePerimeter                                          bssBANK5     000588
_ulWheelTeeth                                             bssCOMRAM    000546
_wr1RegCompleteHandler                                    (abs)        000000
_wr2RegCompleteHandler                                    (abs)        000000
end_of_initialization                                     cinit        00361C
i2_CAN1_OperationModeGet                                  text52       003AFA
intlevel0                                                 text         000000
intlevel1                                                 text         000000
intlevel2                                                 text         000000
intlevel3                                                 text         000000
isTxChannel@channel                                       cstackCOMRAM 000502
isa$std                                                   (abs)        000001
isa$xinst                                                 (abs)        000000
ivt0x8_base                                               ivt0x8       000008
memcpy@d                                                  cstackCOMRAM 000507
memcpy@d1                                                 cstackCOMRAM 000501
memcpy@n                                                  cstackCOMRAM 000505
memcpy@s                                                  cstackCOMRAM 000509
memcpy@s1                                                 cstackCOMRAM 000503
memcpy@tmp                                                cstackCOMRAM 00050B
stackhi                                                   (abs)        0025FF
stacklo                                                   (abs)        0005D6
start                                                     init         00001A
start_initialization                                      cinit        0035D6


MODULE INFORMATION

Module		Function		Class		Link	Load	Size
mcc_generated_files/can1.c
		_ValidateTransmission		CODE           	2F50	0000	216
		_CAN1_IsTxErrorPassive		CODE           	39F6	0000	22
		_CAN1_BitRateConfiguration		CODE           	3A4A	0000	20
		_CAN1_SetTxAttemptInterruptHandler		CODE           	3A96	0000	10
		_CAN1_SetInvalidMessageInterruptHandler		CODE           	3ABE	0000	10
		_CAN1_TX_FIFO_Configuration		CODE           	3A22	0000	20
		_CAN1_ISR      		CODE           	2A54	0000	342
		_DefaultBusErrorHandler		CODE           	3B24	0000	2
		_CAN1_OperationModeGet		CODE           	3A8C	0000	10
		_CAN1_IsBusOff 		CODE           	3A0C	0000	22
		_CAN1_Initialize		CODE           	357E	0000	88
		_DefaultInvalidMessageHandler		CODE           	3B20	0000	2
		_DefaultBusWakeUpActivityHandler		CODE           	3B22	0000	2
		_CAN1_TransmitFIFOStatusGet		CODE           	3936	0000	40
		_CAN1_Transmit 		CODE           	32D8	0000	148
		_CAN1_RX_FIFO_FilterMaskConfiguration		CODE           	3B10	0000	2
		_CAN1_RX_FIFO_Configuration		CODE           	3A36	0000	20
		_CAN1_IsTxErrorActive		CODE           	3980	0000	26
		_CAN1_SetBusErrorInterruptHandler		CODE           	3AD2	0000	10
		_CAN1_SetSystemErrorInterruptHandler		CODE           	3AA0	0000	10
		_DefaultSystemErrorHandler		CODE           	3B1A	0000	2
		_CAN1_IsTxErrorWarning		CODE           	39E0	0000	22
		_isTxChannel   		CODE           	366A	0000	62
		_GetTxFifoStatus		CODE           	39B2	0000	24
		_WriteMessageToFifo		CODE           	2634	0000	582
		_DefaultRxBufferOverflowHandler		CODE           	3B1C	0000	2
		_CAN1_ErrorNotificationInterruptEnable		CODE           	336C	0000	122
		_CAN1_SetBusWakeUpActivityInterruptHandler		CODE           	3AC8	0000	10
		_CAN1_SetRxBufferOverFlowInterruptHandler		CODE           	3AAA	0000	10
		_CAN1_RX_FIFO_ResetInfo		CODE           	3784	0000	46
		_CAN1_OperationModeSet		CODE           	3240	0000	152
		_CAN1_SetModeChangeInterruptHandler		CODE           	3AB4	0000	10
		_DefaultTxAttemptHandler		CODE           	3B18	0000	2
		_DefaultModeChangeHandler		CODE           	3B1E	0000	2

mcc_generated_files/can1.c estimated size: 2070

PARAMETERS.c
		_PARAMETERSInit		CODE           	390E	0000	40

PARAMETERS.c estimated size: 40

mcc_generated_files/i2c1_master.c
		_I2C1_Initialize		CODE           	3868	0000	44

mcc_generated_files/i2c1_master.c estimated size: 44

MESSAGES.c
		_CANWriteMessage		CODE           	2E26	0000	298
		_MESSAGESSendEvery500ms		CODE           	2BAA	0000	332
		_MESSAGESSendEvery5s		CODE           	2CF6	0000	304

MESSAGES.c estimated size: 934

mcc_generated_files/interrupt_manager.c
		_INTERRUPT_Initialize		CODE           	3B0C	0000	4
		_INTERRUPT_InterruptManager		CODE           	3028	0000	194

mcc_generated_files/interrupt_manager.c estimated size: 198

mcc_generated_files/tmr0.c
		_TMR0_SetInterruptHandler		CODE           	3A78	0000	10
		_TMR0_DefaultInterruptHandler		CODE           	3B14	0000	2
		_TMR0_CallBack 		CODE           	380E	0000	46
		_TMR0_ISR      		CODE           	3894	0000	42
		_TMR0_Initialize		CODE           	38BE	0000	40

mcc_generated_files/tmr0.c estimated size: 140

mcc_generated_files/pin_manager.c
		_PIN_MANAGER_Initialize		CODE           	33E6	0000	120

mcc_generated_files/pin_manager.c estimated size: 120

C:\Program Files\Microchip\xc8\v2.32\pic\sources\c99\common\memcpy.c
		_memcpy        		CODE           	3524	0000	90

C:\Program Files\Microchip\xc8\v2.32\pic\sources\c99\common\memcpy.c estimated size: 90

mcc_generated_files/adc.c
		_ADC_Initialize		CODE           	30EA	0000	178
		_ADC_SetActiveClockTuningInterruptHandler		CODE           	3AE6	0000	10
		_ADC_SetADIInterruptHandler		CODE           	3AF0	0000	10
		_ADC_SetContext1ThresholdInterruptHandler		CODE           	3ADC	0000	10

mcc_generated_files/adc.c estimated size: 208

reluctor.c
		_ReluctorFreqRead		CODE           	287A	0000	474
		_ReluctorPosCount		CODE           	36A8	0000	60
		_ReluctorCountTeeth		CODE           	3A5E	0000	16

reluctor.c estimated size: 550

mcc_generated_files/ext_int.c
		_INT0_SetInterruptHandler		CODE           	3A82	0000	10
		_EXT_INT_Initialize		CODE           	39CA	0000	22
		_INT0_DefaultInterruptHandler		CODE           	3B16	0000	2
		_INT0_CallBack 		CODE           	371A	0000	54
		_INT0_ISR      		CODE           	3B04	0000	8

mcc_generated_files/ext_int.c estimated size: 96

shared
		_FIFO          		SMALLCONST     	0000	0000	0
		_DLC_BYTES     		SMALLCONST     	2627	0000	9
		__initialization		CODE           	35D6	0000	70
		_i2c1_fsmStateTable		SMALLCONST     	2601	0000	38
		i2_CAN1_OperationModeGet		CODE           	3AFA	0000	10

shared estimated size: 127

mcc_generated_files/mcc.c
		_PMD_Initialize		CODE           	38E6	0000	40
		_OSCILLATOR_Initialize		CODE           	399A	0000	24
		_SYSTEM_Initialize		CODE           	383C	0000	44

mcc_generated_files/mcc.c estimated size: 108

mcc_generated_files/tmr1.c
		_TMR1_Initialize		CODE           	3622	0000	72
		_TMR1_SetInterruptHandler		CODE           	3A6E	0000	10
		_TMR1_DefaultInterruptHandler		CODE           	3B12	0000	2
		_TMR1_CallBack 		CODE           	37E0	0000	46
		_TMR1_WriteTimer		CODE           	37B2	0000	46
		_TMR1_ISR      		CODE           	34C8	0000	92

mcc_generated_files/tmr1.c estimated size: 268

C:\Program Files\Microchip\xc8\v2.32\pic\sources\c99\common\Umul32.c
		___lmul        		CODE           	345E	0000	106

C:\Program Files\Microchip\xc8\v2.32\pic\sources\c99\common\Umul32.c estimated size: 106

mcc_generated_files/delay.c
		_DELAY_milliseconds		CODE           	3750	0000	52

mcc_generated_files/delay.c estimated size: 52

C:\Program Files\Microchip\xc8\v2.32\pic\sources\c99\common\__lldiv.c
		___lldiv       		CODE           	319C	0000	164

C:\Program Files\Microchip\xc8\v2.32\pic\sources\c99\common\__lldiv.c estimated size: 164

main.c
		_main          		CODE           	36E4	0000	54

main.c estimated size: 54

