Microchip MPLAB XC8 Compiler V2.32

Linker command line:

-W-3 --edf=C:\Program Files\Microchip\xc8\v2.32\pic\dat\en_msgs.txt \
  -pivt0x8=08h -cn -h+dist/default/production\SEN.X.production.sym \
  --cmf=dist/default/production\SEN.X.production.cmf -z -Q18F26Q84 \
  -oC:\Users\ruben\AppData\Local\Temp\xcAsj1o.4 --defsym=__MPLAB_BUILD=1 \
  -Mdist/default/production/SEN.X.production.map -E1 -ver=XC8 Compiler \
  --acfsm=1493 -ASTACK=0560h-025FFh -pstack=STACK -ACODE=00h-0FFFFh \
  -ACONST=00h-0FFFFh -ASMALLCONST=02600h-026FFhx218 \
  -AMEDIUMCONST=02600h-0FFFFh -ACOMRAM=0501h-055Fh -AABS1=0500h-025FFh \
  -ABIGRAM=0501h-025FFh -ARAM=0560h-05FFh,0600h-06FFhx32 \
  -ABANK5=0560h-05FFh -ABANK6=0600h-06FFh -ABANK7=0700h-07FFh \
  -ABANK8=0800h-08FFh -ABANK9=0900h-09FFh -ABANK10=0A00h-0AFFh \
  -ABANK11=0B00h-0BFFh -ABANK12=0C00h-0CFFh -ABANK13=0D00h-0DFFh \
  -ABANK14=0E00h-0EFFh -ABANK15=0F00h-0FFFh -ABANK16=01000h-010FFh \
  -ABANK17=01100h-011FFh -ABANK18=01200h-012FFh -ABANK19=01300h-013FFh \
  -ABANK20=01400h-014FFh -ABANK21=01500h-015FFh -ABANK22=01600h-016FFh \
  -ABANK23=01700h-017FFh -ABANK24=01800h-018FFh -ABANK25=01900h-019FFh \
  -ABANK26=01A00h-01AFFh -ABANK27=01B00h-01BFFh -ABANK28=01C00h-01CFFh \
  -ABANK29=01D00h-01DFFh -ABANK30=01E00h-01EFFh -ABANK31=01F00h-01FFFh \
  -ABANK32=02000h-020FFh -ABANK33=02100h-021FFh -ABANK34=02200h-022FFh \
  -ABANK35=02300h-023FFh -ABANK36=02400h-024FFh -ABANK37=02500h-025FFh \
  -ASFR=00h-0FFhx4,0400h-045Fh,0460h-04FFh -ACONFIG=0300000h-0300023h \
  -AIDLOC=0200000h-020001Fh -AEEDATA=0380000h-03803FFh -peeprom_data=EEDATA \
  -preset_vec=00h -ppowerup=CODE,init -pramtop=02600h \
  -psmallconst=SMALLCONST -pmediumconst=MEDIUMCONST -pconst=CONST \
  -AFARRAM=00h-00h \
  -prdata=COMRAM,nvrram=COMRAM,nvbit=COMRAM,rbss=COMRAM,rbit=COMRAM \
  -pfarbss=FARRAM,fardata=FARRAM,nvFARRAM=FARRAM \
  -pintsave_regs=BIGRAM,bigbss=BIGRAM,bigdata=BIGRAM -pbss=RAM \
  -pidata=CODE,irdata=CODE,ibigdata=CODE,ifardata=CODE -prparam=COMRAM \
  C:\Users\ruben\AppData\Local\Temp\xcAsj1o.o \
  dist/default/production\SEN.X.production.o 

Object code version is 3.11

Machine type is 18F26Q84



                Name                               Link     Load   Length Selector   Space Scale
C:\Users\ruben\AppData\Local\Temp\xcAsj1o.o
                idloc                            200000   200000       20        0       5
                config                           300000   300000       24        0       4
                init                                 1A       1A        4        4       0
                reset_vec                             0        0        4        0       0
dist/default/production\SEN.X.production.o
                idloc                            200000   200000       20        0       5
                config                           300000   300000       24        0       4
                smallconst                         2600     2600       34     1300       0
                ivt0x8                                8        8       12        4       0
                text47                             2EE6     2EE6        2     131A       0
                text46                             2EDA     2EDA        4     131A       0
                text45                             2E1E     2E1E       1A     131A       0
                text44                             2BE6     2BE6       34     131A       0
                text43                             2ECE     2ECE        8     131A       0
                text42                             2EE4     2EE4        2     131A       0
                text41                             2D26     2D26       2C     131A       0
                text40                             2EC6     2EC6        8     131A       0
                text39                             2EE2     2EE2        2     131A       0
                text38                             2CFA     2CFA       2C     131A       0
                text37                             2EBE     2EBE        8     131A       0
                text36                             2EE0     2EE0        2     131A       0
                text35                             2CCE     2CCE       2C     131A       0
                text34                             2DA6     2DA6       2A     131A       0
                text33                             2EDE     2EDE        2     131A       0
                text32                             2CA2     2CA2       2C     131A       0
                text31                             2C48     2C48       2E     131A       0
                text30                             2B7C     2B7C       36     131A       0
                text29                             26F8     26F8       B6     131A       0
                text28                             2C1A     2C1A       2E     131A       0
                text27                             2964     2964       74     131A       0
                text26                             2D7C     2D7C       2A     131A       0
                text25                             285A     285A       8A     131A       0
                text24                             2634     2634       C4     131A       0
                text23                             2A30     2A30       4E     131A       0
                text22                             2EB4     2EB4        A     131A       0
                text21                             2EAA     2EAA        A     131A       0
                text20                             2EA0     2EA0        A     131A       0
                text19                             27AE     27AE       AC     131A       0
                text18                             2E50     2E50       14     131A       0
                text17                             2E96     2E96        A     131A       0
                text16                             29D8     29D8       58     131A       0
                text15                             2AC4     2AC4       44     131A       0
                text14                             2E8C     2E8C        A     131A       0
                text13                             2E82     2E82        A     131A       0
                text12                             2E78     2E78        A     131A       0
                text11                             2B44     2B44       38     131A       0
                text10                             2C76     2C76       2C     131A       0
                text9                              2ED6     2ED6        4     131A       0
                text8                              2E38     2E38       18     131A       0
                text7                              28E4     28E4       80     131A       0
                text6                              2DD0     2DD0       28     131A       0
                text5                              2E6E     2E6E        A     131A       0
                text4                              2DF8     2DF8       26     131A       0
                text3                              2E64     2E64        A     131A       0
                text2                              2A7E     2A7E       46     131A       0
                text1                              2D52     2D52       2A     131A       0
                text0                              2B08     2B08       3C     131A       0
                cstackCOMRAM                        533      533       14      501       1
                dataCOMRAM                          559      559        1      501       1
                bssCOMRAM                           501      501       32      501       1
                cinit                              2BB2     2BB2       34     131A       0
                nvCOMRAM                            547      547       12      501       1
                idataCOMRAM                        2EE8     2EE8        1     131A       0

TOTAL           Name                               Link     Load   Length     Space
        CLASS   STACK          

        CLASS   CODE           
                init                                 1A       1A        4         0
                reset_vec                             0        0        4         0
                ivt0x8                                8        8       12         0
                text47                             2EE6     2EE6        2         0
                text46                             2EDA     2EDA        4         0
                text45                             2E1E     2E1E       1A         0
                text44                             2BE6     2BE6       34         0
                text43                             2ECE     2ECE        8         0
                text42                             2EE4     2EE4        2         0
                text41                             2D26     2D26       2C         0
                text40                             2EC6     2EC6        8         0
                text39                             2EE2     2EE2        2         0
                text38                             2CFA     2CFA       2C         0
                text37                             2EBE     2EBE        8         0
                text36                             2EE0     2EE0        2         0
                text35                             2CCE     2CCE       2C         0
                text34                             2DA6     2DA6       2A         0
                text33                             2EDE     2EDE        2         0
                text32                             2CA2     2CA2       2C         0
                text31                             2C48     2C48       2E         0
                text30                             2B7C     2B7C       36         0
                text29                             26F8     26F8       B6         0
                text28                             2C1A     2C1A       2E         0
                text27                             2964     2964       74         0
                text26                             2D7C     2D7C       2A         0
                text25                             285A     285A       8A         0
                text24                             2634     2634       C4         0
                text23                             2A30     2A30       4E         0
                text22                             2EB4     2EB4        A         0
                text21                             2EAA     2EAA        A         0
                text20                             2EA0     2EA0        A         0
                text19                             27AE     27AE       AC         0
                text18                             2E50     2E50       14         0
                text17                             2E96     2E96        A         0
                text16                             29D8     29D8       58         0
                text15                             2AC4     2AC4       44         0
                text14                             2E8C     2E8C        A         0
                text13                             2E82     2E82        A         0
                text12                             2E78     2E78        A         0
                text11                             2B44     2B44       38         0
                text10                             2C76     2C76       2C         0
                text9                              2ED6     2ED6        4         0
                text8                              2E38     2E38       18         0
                text7                              28E4     28E4       80         0
                text6                              2DD0     2DD0       28         0
                text5                              2E6E     2E6E        A         0
                text4                              2DF8     2DF8       26         0
                text3                              2E64     2E64        A         0
                text2                              2A7E     2A7E       46         0
                text1                              2D52     2D52       2A         0
                text0                              2B08     2B08       3C         0
                cinit                              2BB2     2BB2       34         0
                idataCOMRAM                        2EE8     2EE8        1         0

        CLASS   CONST          

        CLASS   SMALLCONST     
                smallconst                         2600     2600       34         0

        CLASS   MEDIUMCONST    

        CLASS   COMRAM         
                cstackCOMRAM                        533      533       14         1
                dataCOMRAM                          559      559        1         1
                bssCOMRAM                           501      501       32         1
                nvCOMRAM                            547      547       12         1

        CLASS   ABS1           

        CLASS   BIGRAM         

        CLASS   RAM            

        CLASS   BANK5          

        CLASS   BANK6          

        CLASS   BANK7          

        CLASS   BANK8          

        CLASS   BANK9          

        CLASS   BANK10         

        CLASS   BANK11         

        CLASS   BANK12         

        CLASS   BANK13         

        CLASS   BANK14         

        CLASS   BANK15         

        CLASS   BANK16         

        CLASS   BANK17         

        CLASS   BANK18         

        CLASS   BANK19         

        CLASS   BANK20         

        CLASS   BANK21         

        CLASS   BANK22         

        CLASS   BANK23         

        CLASS   BANK24         

        CLASS   BANK25         

        CLASS   BANK26         

        CLASS   BANK27         

        CLASS   BANK28         

        CLASS   BANK29         

        CLASS   BANK30         

        CLASS   BANK31         

        CLASS   BANK32         

        CLASS   BANK33         

        CLASS   BANK34         

        CLASS   BANK35         

        CLASS   BANK36         

        CLASS   BANK37         

        CLASS   SFR            

        CLASS   CONFIG         
                config                           300000   300000       24         4

        CLASS   IDLOC          
                idloc                            200000   200000       20         5

        CLASS   EEDATA         

        CLASS   FARRAM         



SEGMENTS        Name                           Load    Length   Top    Selector   Space  Class

                reset_vec                      000000  000004  000004         0       0  CODE    
                ivt0x8                         000008  000016  00001E         4       0  CODE    
                bssCOMRAM                      000501  000059  00055A       501       1  COMRAM  
                smallconst                     002600  000034  002634      1300       0  SMALLCON
                text24                         002634  0008B5  002EE9      131A       0  CODE    


UNUSED ADDRESS RANGES

        Name                Unused          Largest block    Delta
        BANK10           000A00-000AFF              100
        BANK11           000B00-000BFF              100
        BANK12           000C00-000CFF              100
        BANK13           000D00-000DFF              100
        BANK14           000E00-000EFF              100
        BANK15           000F00-000FFF              100
        BANK16           001000-0010FF              100
        BANK17           001100-0011FF              100
        BANK18           001200-0012FF              100
        BANK19           001300-0013FF              100
        BANK20           001400-0014FF              100
        BANK21           001500-0015FF              100
        BANK22           001600-0016FF              100
        BANK23           001700-0017FF              100
        BANK24           001800-0018FF              100
        BANK25           001900-0019FF              100
        BANK26           001A00-001AFF              100
        BANK27           001B00-001BFF              100
        BANK28           001C00-001CFF              100
        BANK29           001D00-001DFF              100
        BANK30           001E00-001EFF              100
        BANK31           001F00-001FFF              100
        BANK32           002000-0020FF              100
        BANK33           002100-0021FF              100
        BANK34           002200-0022FF              100
        BANK35           002300-0023FF              100
        BANK36           002400-0024FF              100
        BANK37           002500-0025FF              100
        BANK5            000560-0005FF               A0
        BANK6            000600-0006FF              100
        BANK7            000700-0007FF              100
        BANK8            000800-0008FF              100
        BANK9            000900-0009FF              100
        BIGRAM           00055A-0025FF             20A6
        CODE             000004-000007                4
                         00001E-0025FF             25E2
                         002EE9-00FFFF             D117
        COMRAM           00055A-00055F                6
        CONST            000004-000007                4
                         00001E-0025FF             25E2
                         002EE9-00FFFF             D117
        EEDATA           380000-3803FF              400
        MEDIUMCONST      002EE9-00FFFF             D117
        RAM              000560-0025FF              100
        SFR              000000-0004FF              100
        SMALLCONST       002EE9-00FFFF              100
        STACK            000560-0025FF             20A0

                                  Symbol Table

?_ReluctorPosRead                                         cstackCOMRAM 000543
?___awdiv                                                 cstackCOMRAM 00053B
?___lwdiv                                                 cstackCOMRAM 00053B
?___wmul                                                  cstackCOMRAM 000535
ADC_SetADIInterruptHandler@InterruptHandler               cstackCOMRAM 000535
ADC_SetActiveClockTuningInterruptHandler@InterruptHandler cstackCOMRAM 000535
ADC_SetContext1ThresholdInterruptHandler@InterruptHandler cstackCOMRAM 000535
CAN1_OperationModeSet@opMode                              cstackCOMRAM 000535
CAN1_OperationModeSet@requestMode                         cstackCOMRAM 000537
CAN1_OperationModeSet@status                              cstackCOMRAM 000536
DELAY_milliseconds@milliseconds                           cstackCOMRAM 000535
INT0_SetInterruptHandler@InterruptHandler                 cstackCOMRAM 000535
INT1_SetInterruptHandler@InterruptHandler                 cstackCOMRAM 000535
INT2_SetInterruptHandler@InterruptHandler                 cstackCOMRAM 000535
IVTBASEH                                                  (abs)        00045E
IVTBASEL                                                  (abs)        00045D
IVTBASEU                                                  (abs)        00045F
TMR0_ISR@CountCallBack                                    bssCOMRAM    000525
TMR0_SetInterruptHandler@InterruptHandler                 cstackCOMRAM 000535
TMR1_ISR@CountCallBack                                    bssCOMRAM    000527
TMR1_SetInterruptHandler@InterruptHandler                 cstackCOMRAM 000535
TMR1_WriteTimer@timerVal                                  cstackCOMRAM 000533
_ADACCH                                                   (abs)        0003E4
_ADACCL                                                   (abs)        0003E3
_ADACCU                                                   (abs)        0003E5
_ADACQH                                                   (abs)        0003EF
_ADACQL                                                   (abs)        0003EE
_ADACT                                                    (abs)        0003F9
_ADACTPPS                                                 (abs)        000269
_ADCAP                                                    (abs)        0003F0
_ADCLK                                                    (abs)        0003FA
_ADCNT                                                    (abs)        0003E6
_ADCON0                                                   (abs)        0003F3
_ADCON0bits                                               (abs)        0003F3
_ADCON1                                                   (abs)        0003F4
_ADCON1bits                                               (abs)        0003F4
_ADCON2                                                   (abs)        0003F5
_ADCON2bits                                               (abs)        0003F5
_ADCON3                                                   (abs)        0003F6
_ADCON3bits                                               (abs)        0003F6
_ADCP                                                     (abs)        0003D8
_ADCPbits                                                 (abs)        0003D8
_ADCSEL1                                                  (abs)        0003FC
_ADCSEL1bits                                              (abs)        0003FC
_ADCTX                                                    (abs)        0003FB
_ADC_ActiveClockTuning_ISR                                nvCOMRAM     000553
_ADC_Context1Thereshld_ISR                                nvCOMRAM     000555
_ADC_ConversionComplete_ISR                               nvCOMRAM     000557
_ADC_DefaultADI_ISR                                       (abs)        000000
_ADC_DefaultActiveClockTuning_ISR                         (abs)        000000
_ADC_DefaultContext1Threshold_ISR                         (abs)        000000
_ADC_Initialize                                           text19       0027AE
_ADC_SetADIInterruptHandler                               text22       002EB4
_ADC_SetActiveClockTuningInterruptHandler                 text21       002EAA
_ADC_SetContext1ThresholdInterruptHandler                 text20       002EA0
_ADERRH                                                   (abs)        0003DE
_ADERRL                                                   (abs)        0003DD
_ADFLTRH                                                  (abs)        0003E2
_ADFLTRL                                                  (abs)        0003E1
_ADLTHH                                                   (abs)        0003DA
_ADLTHL                                                   (abs)        0003D9
_ADPCH                                                    (abs)        0003EC
_ADPREH                                                   (abs)        0003F2
_ADPREL                                                   (abs)        0003F1
_ADPREVH                                                  (abs)        0003E9
_ADPREVL                                                  (abs)        0003E8
_ADREF                                                    (abs)        0003F8
_ADRESH                                                   (abs)        0003EB
_ADRESL                                                   (abs)        0003EA
_ADRPT                                                    (abs)        0003E7
_ADSTAT                                                   (abs)        0003F7
_ADSTATbits                                               (abs)        0003F7
_ADSTPTH                                                  (abs)        0003E0
_ADSTPTL                                                  (abs)        0003DF
_ADUTHH                                                   (abs)        0003DC
_ADUTHL                                                   (abs)        0003DB
_ANSELA                                                   (abs)        000400
_ANSELB                                                   (abs)        000408
_ANSELC                                                   (abs)        000410
_C1CONH                                                   (abs)        000101
_C1CONHbits                                               (abs)        000101
_C1CONL                                                   (abs)        000100
_C1CONTbits                                               (abs)        000103
_C1CONU                                                   (abs)        000102
_C1CONUbits                                               (abs)        000102
_C1FIFOBA                                                 (abs)        00014C
_C1INTHbits                                               (abs)        00011D
_C1INTTbits                                               (abs)        00011F
_C1NBTCFGH                                                (abs)        000105
_C1NBTCFGL                                                (abs)        000104
_C1NBTCFGT                                                (abs)        000107
_C1NBTCFGU                                                (abs)        000106
_C1TRECUbits                                              (abs)        000136
_CAN1_BitRateConfiguration                                text18       002E50
_CAN1_Initialize                                          text15       002AC4
_CAN1_OperationModeGet                                    text17       002E96
_CAN1_OperationModeSet                                    text16       0029D8
_CANRXPPS                                                 (abs)        00023D
_DELAY_milliseconds                                       text28       002C1A
_EXT_INT_Initialize                                       text11       002B44
_I2C1BAUD                                                 (abs)        00029D
_I2C1CLK                                                  (abs)        00029E
_I2C1CNTH                                                 (abs)        00028D
_I2C1CNTL                                                 (abs)        00028C
_I2C1CON0                                                 (abs)        000294
_I2C1CON0bits                                             (abs)        000294
_I2C1CON1                                                 (abs)        000295
_I2C1CON1bits                                             (abs)        000295
_I2C1CON2                                                 (abs)        000296
_I2C1ERR                                                  (abs)        000297
_I2C1ERRbits                                              (abs)        000297
_I2C1PIE                                                  (abs)        00029B
_I2C1PIEbits                                              (abs)        00029B
_I2C1PIR                                                  (abs)        00029A
_I2C1PIRbits                                              (abs)        00029A
_I2C1RXB                                                  (abs)        00028A
_I2C1SCLPPS                                               (abs)        000271
_I2C1SDAPPS                                               (abs)        000270
_I2C1STAT1bits                                            (abs)        000299
_I2C1TXB                                                  (abs)        00028B
_I2C1_CallbackReturnReset                                 (abs)        000000
_I2C1_CallbackReturnStop                                  (abs)        000000
_I2C1_DO_ADDRESS_NACK                                     (abs)        000000
_I2C1_DO_BUS_COLLISION                                    (abs)        000000
_I2C1_DO_BUS_ERROR                                        (abs)        000000
_I2C1_DO_IDLE                                             (abs)        000000
_I2C1_DO_RESET                                            (abs)        000000
_I2C1_DO_RX                                               (abs)        000000
_I2C1_DO_RX_ACK                                           (abs)        000000
_I2C1_DO_RX_EMPTY                                         (abs)        000000
_I2C1_DO_RX_NACK_RESTART                                  (abs)        000000
_I2C1_DO_RX_NACK_STOP                                     (abs)        000000
_I2C1_DO_SEND_ADR_READ                                    (abs)        000000
_I2C1_DO_SEND_ADR_WRITE                                   (abs)        000000
_I2C1_DO_SEND_RESTART                                     (abs)        000000
_I2C1_DO_SEND_RESTART_READ                                (abs)        000000
_I2C1_DO_SEND_RESTART_WRITE                               (abs)        000000
_I2C1_DO_SEND_STOP                                        (abs)        000000
_I2C1_DO_TX                                               (abs)        000000
_I2C1_DO_TX_ACK                                           (abs)        000000
_I2C1_DO_TX_EMPTY                                         (abs)        000000
_I2C1_Initialize                                          text10       002C76
_I2C1_Status                                              bssCOMRAM    000501
_INLVLA                                                   (abs)        000404
_INLVLB                                                   (abs)        00040C
_INLVLC                                                   (abs)        000414
_INLVLE                                                   (abs)        000424
_INT0PPS                                                  (abs)        00023E
_INT0_CallBack                                            text44       002BE6
_INT0_DefaultInterruptHandler                             text47       002EE6
_INT0_ISR                                                 text43       002ECE
_INT0_InterruptHandler                                    nvCOMRAM     000551
_INT0_SetInterruptHandler                                 text14       002E8C
_INT1PPS                                                  (abs)        00023F
_INT1_CallBack                                            text41       002D26
_INT1_DefaultInterruptHandler                             text42       002EE4
_INT1_ISR                                                 text40       002EC6
_INT1_InterruptHandler                                    nvCOMRAM     00054F
_INT1_SetInterruptHandler                                 text13       002E82
_INT2PPS                                                  (abs)        000240
_INT2_CallBack                                            text38       002CFA
_INT2_DefaultInterruptHandler                             text39       002EE2
_INT2_ISR                                                 text37       002EBE
_INT2_InterruptHandler                                    nvCOMRAM     00054D
_INT2_SetInterruptHandler                                 text12       002E78
_INTCON0bits                                              (abs)        0004D6
_INTERRUPT_Initialize                                     text9        002ED6
_INTERRUPT_InterruptManager                               text29       0026F8
_LATA                                                     (abs)        0004BE
_LATAbits                                                 (abs)        0004BE
_LATB                                                     (abs)        0004BF
_LATC                                                     (abs)        0004C0
_ODCONA                                                   (abs)        000402
_ODCONB                                                   (abs)        00040A
_ODCONC                                                   (abs)        000412
_OSCCON1                                                  (abs)        0000AD
_OSCCON3                                                  (abs)        0000AF
_OSCEN                                                    (abs)        0000B3
_OSCFRQ                                                   (abs)        0000B1
_OSCILLATOR_Initialize                                    text8        002E38
_OSCTUNE                                                  (abs)        0000B0
_PIE10bits                                                (abs)        0004A8
_PIE1bits                                                 (abs)        00049F
_PIE3bits                                                 (abs)        0004A1
_PIE6bits                                                 (abs)        0004A4
_PIE7bits                                                 (abs)        0004A5
_PIN_MANAGER_Initialize                                   text7        0028E4
_PIR10bits                                                (abs)        0004B8
_PIR1bits                                                 (abs)        0004AF
_PIR2bits                                                 (abs)        0004B0
_PIR3bits                                                 (abs)        0004B1
_PIR6bits                                                 (abs)        0004B4
_PIR7bits                                                 (abs)        0004B5
_PMD0                                                     (abs)        000060
_PMD1                                                     (abs)        000061
_PMD2                                                     (abs)        000062
_PMD3                                                     (abs)        000063
_PMD4                                                     (abs)        000064
_PMD5                                                     (abs)        000065
_PMD6                                                     (abs)        000066
_PMD7                                                     (abs)        000067
_PMD8                                                     (abs)        000068
_PMD_Initialize                                           text6        002DD0
_RB4PPS                                                   (abs)        00020D
_RC3PPS                                                   (abs)        000214
_RC4PPS                                                   (abs)        000215
_ReluctorFreqCount                                        text46       002EDA
_ReluctorFreqRead                                         text25       00285A
_ReluctorPosCount                                         text45       002E1E
_ReluctorPosRead                                          text23       002A30
_SLRCONA                                                  (abs)        000403
_SLRCONB                                                  (abs)        00040B
_SLRCONC                                                  (abs)        000413
_SYSTEM_Initialize                                        text1        002D52
_T0CON0                                                   (abs)        00031A
_T0CON0bits                                               (abs)        00031A
_T0CON1                                                   (abs)        00031B
_T1CLK                                                    (abs)        000321
_T1CON                                                    (abs)        00031E
_T1CONbits                                                (abs)        00031E
_T1GATE                                                   (abs)        000320
_T1GCON                                                   (abs)        00031F
_T1GCONbits                                               (abs)        00031F
_TMR0H                                                    (abs)        000319
_TMR0L                                                    (abs)        000318
_TMR0_CallBack                                            text35       002CCE
_TMR0_DefaultInterruptHandler                             text36       002EE0
_TMR0_ISR                                                 text34       002DA6
_TMR0_Initialize                                          text4        002DF8
_TMR0_InterruptHandler                                    nvCOMRAM     000547
_TMR0_SetInterruptHandler                                 text5        002E6E
_TMR1H                                                    (abs)        00031D
_TMR1L                                                    (abs)        00031C
_TMR1_CallBack                                            text32       002CA2
_TMR1_DefaultInterruptHandler                             text33       002EDE
_TMR1_ISR                                                 text30       002B7C
_TMR1_Initialize                                          text2        002A7E
_TMR1_InterruptHandler                                    nvCOMRAM     000549
_TMR1_SetInterruptHandler                                 text3        002E64
_TMR1_WriteTimer                                          text31       002C48
_TRISA                                                    (abs)        0004C6
_TRISAbits                                                (abs)        0004C6
_TRISB                                                    (abs)        0004C7
_TRISBbits                                                (abs)        0004C7
_TRISC                                                    (abs)        0004C8
_TRISE                                                    (abs)        0004CA
_WPUA                                                     (abs)        000401
_WPUB                                                     (abs)        000409
_WPUC                                                     (abs)        000411
_WPUE                                                     (abs)        000421
__HRAM                                                    (abs)        000000
__Habs1                                                   abs1         000000
__Hbank10                                                 bank10       000000
__Hbank11                                                 bank11       000000
__Hbank12                                                 bank12       000000
__Hbank13                                                 bank13       000000
__Hbank14                                                 bank14       000000
__Hbank15                                                 bank15       000000
__Hbank16                                                 bank16       000000
__Hbank17                                                 bank17       000000
__Hbank18                                                 bank18       000000
__Hbank19                                                 bank19       000000
__Hbank20                                                 bank20       000000
__Hbank21                                                 bank21       000000
__Hbank22                                                 bank22       000000
__Hbank23                                                 bank23       000000
__Hbank24                                                 bank24       000000
__Hbank25                                                 bank25       000000
__Hbank26                                                 bank26       000000
__Hbank27                                                 bank27       000000
__Hbank28                                                 bank28       000000
__Hbank29                                                 bank29       000000
__Hbank30                                                 bank30       000000
__Hbank31                                                 bank31       000000
__Hbank32                                                 bank32       000000
__Hbank33                                                 bank33       000000
__Hbank34                                                 bank34       000000
__Hbank35                                                 bank35       000000
__Hbank36                                                 bank36       000000
__Hbank37                                                 bank37       000000
__Hbank5                                                  bank5        000000
__Hbank6                                                  bank6        000000
__Hbank7                                                  bank7        000000
__Hbank8                                                  bank8        000000
__Hbank9                                                  bank9        000000
__Hbigbss                                                 bigbss       000000
__Hbigdata                                                bigdata      000000
__Hbigram                                                 bigram       000000
__Hbss                                                    bss          000000
__HbssCOMRAM                                              bssCOMRAM    000000
__Hcinit                                                  cinit        000000
__Hclrtext                                                clrtext      000000
__Hcomram                                                 comram       000000
__Hconfig                                                 config       300024
__Hconst                                                  const        000000
__HcstackCOMRAM                                           cstackCOMRAM 000000
__Hdata                                                   data         000000
__HdataCOMRAM                                             dataCOMRAM   000000
__Heeprom_data                                            eeprom_data  000000
__Hfarbss                                                 farbss       000000
__Hfardata                                                fardata      000000
__Hibigdata                                               ibigdata     000000
__Hidata                                                  idata        000000
__HidataCOMRAM                                            idataCOMRAM  000000
__Hidloc                                                  idloc        200020
__Hifardata                                               ifardata     000000
__Hinit                                                   init         00001E
__Hintsave_regs                                           intsave_regs 000000
__Hirdata                                                 irdata       000000
__Hivt0x8                                                 ivt0x8       00001A
__Hmediumconst                                            mediumconst  000000
__HnvCOMRAM                                               nvCOMRAM     000000
__HnvFARRAM                                               nvFARRAM     000000
__Hnvbit                                                  nvbit        000000
__Hnvrram                                                 nvrram       000000
__Hparam                                                  rparam       000000
__Hpowerup                                                powerup      000000
__Hram                                                    ram          000000
__Hramtop                                                 ramtop       002600
__Hrbit                                                   rbit         000000
__Hrbss                                                   rbss         000000
__Hrdata                                                  rdata        000000
__Hreset_vec                                              reset_vec    000004
__Hrparam                                                 rparam       000000
__Hsfr                                                    sfr          000000
__Hsmallconst                                             smallconst   002634
__Hspace_0                                                (abs)        002EE9
__Hspace_1                                                (abs)        00055A
__Hspace_2                                                (abs)        000000
__Hspace_4                                                (abs)        600024
__Hstack                                                  stack        000000
__Hstruct                                                 struct       000000
__Htemp                                                   temp         000000
__Htext                                                   text         000000
__Htext0                                                  text0        000000
__Htext1                                                  text1        000000
__Htext10                                                 text10       000000
__Htext11                                                 text11       000000
__Htext12                                                 text12       000000
__Htext13                                                 text13       000000
__Htext14                                                 text14       000000
__Htext15                                                 text15       000000
__Htext16                                                 text16       000000
__Htext17                                                 text17       000000
__Htext18                                                 text18       000000
__Htext19                                                 text19       000000
__Htext2                                                  text2        000000
__Htext20                                                 text20       000000
__Htext21                                                 text21       000000
__Htext22                                                 text22       000000
__Htext23                                                 text23       000000
__Htext24                                                 text24       000000
__Htext25                                                 text25       000000
__Htext26                                                 text26       000000
__Htext27                                                 text27       000000
__Htext28                                                 text28       000000
__Htext29                                                 text29       000000
__Htext3                                                  text3        000000
__Htext30                                                 text30       000000
__Htext31                                                 text31       000000
__Htext32                                                 text32       000000
__Htext33                                                 text33       000000
__Htext34                                                 text34       000000
__Htext35                                                 text35       000000
__Htext36                                                 text36       000000
__Htext37                                                 text37       000000
__Htext38                                                 text38       000000
__Htext39                                                 text39       000000
__Htext4                                                  text4        000000
__Htext40                                                 text40       000000
__Htext41                                                 text41       000000
__Htext42                                                 text42       000000
__Htext43                                                 text43       000000
__Htext44                                                 text44       000000
__Htext45                                                 text45       000000
__Htext46                                                 text46       000000
__Htext47                                                 text47       000000
__Htext48                                                 text48       000000
__Htext5                                                  text5        000000
__Htext6                                                  text6        000000
__Htext7                                                  text7        000000
__Htext8                                                  text8        000000
__Htext9                                                  text9        000000
__LRAM                                                    (abs)        000001
__Labs1                                                   abs1         000000
__Lbank10                                                 bank10       000000
__Lbank11                                                 bank11       000000
__Lbank12                                                 bank12       000000
__Lbank13                                                 bank13       000000
__Lbank14                                                 bank14       000000
__Lbank15                                                 bank15       000000
__Lbank16                                                 bank16       000000
__Lbank17                                                 bank17       000000
__Lbank18                                                 bank18       000000
__Lbank19                                                 bank19       000000
__Lbank20                                                 bank20       000000
__Lbank21                                                 bank21       000000
__Lbank22                                                 bank22       000000
__Lbank23                                                 bank23       000000
__Lbank24                                                 bank24       000000
__Lbank25                                                 bank25       000000
__Lbank26                                                 bank26       000000
__Lbank27                                                 bank27       000000
__Lbank28                                                 bank28       000000
__Lbank29                                                 bank29       000000
__Lbank30                                                 bank30       000000
__Lbank31                                                 bank31       000000
__Lbank32                                                 bank32       000000
__Lbank33                                                 bank33       000000
__Lbank34                                                 bank34       000000
__Lbank35                                                 bank35       000000
__Lbank36                                                 bank36       000000
__Lbank37                                                 bank37       000000
__Lbank5                                                  bank5        000000
__Lbank6                                                  bank6        000000
__Lbank7                                                  bank7        000000
__Lbank8                                                  bank8        000000
__Lbank9                                                  bank9        000000
__Lbigbss                                                 bigbss       000000
__Lbigdata                                                bigdata      000000
__Lbigram                                                 bigram       000000
__Lbss                                                    bss          000000
__LbssCOMRAM                                              bssCOMRAM    000000
__Lcinit                                                  cinit        000000
__Lclrtext                                                clrtext      000000
__Lcomram                                                 comram       000000
__Lconfig                                                 config       000000
__Lconst                                                  const        000000
__LcstackCOMRAM                                           cstackCOMRAM 000000
__Ldata                                                   data         000000
__LdataCOMRAM                                             dataCOMRAM   000000
__Leeprom_data                                            eeprom_data  000000
__Lfarbss                                                 farbss       000000
__Lfardata                                                fardata      000000
__Libigdata                                               ibigdata     000000
__Lidata                                                  idata        000000
__LidataCOMRAM                                            idataCOMRAM  000000
__Lidloc                                                  idloc        000000
__Lifardata                                               ifardata     000000
__Linit                                                   init         00001A
__Lintsave_regs                                           intsave_regs 000000
__Lirdata                                                 irdata       000000
__Livt0x8                                                 ivt0x8       000008
__Lmediumconst                                            mediumconst  000000
__LnvCOMRAM                                               nvCOMRAM     000000
__LnvFARRAM                                               nvFARRAM     000000
__Lnvbit                                                  nvbit        000000
__Lnvrram                                                 nvrram       000000
__Lparam                                                  rparam       000000
__Lpowerup                                                powerup      000000
__Lram                                                    ram          000000
__Lramtop                                                 ramtop       002600
__Lrbit                                                   rbit         000000
__Lrbss                                                   rbss         000000
__Lrdata                                                  rdata        000000
__Lreset_vec                                              reset_vec    000000
__Lrparam                                                 rparam       000000
__Lsfr                                                    sfr          000000
__Lsmallconst                                             smallconst   002600
__Lspace_0                                                (abs)        000000
__Lspace_1                                                (abs)        000000
__Lspace_2                                                (abs)        000000
__Lspace_4                                                (abs)        000000
__Lstack                                                  stack        000000
__Lstruct                                                 struct       000000
__Ltemp                                                   temp         000000
__Ltext                                                   text         000000
__Ltext0                                                  text0        000000
__Ltext1                                                  text1        000000
__Ltext10                                                 text10       000000
__Ltext11                                                 text11       000000
__Ltext12                                                 text12       000000
__Ltext13                                                 text13       000000
__Ltext14                                                 text14       000000
__Ltext15                                                 text15       000000
__Ltext16                                                 text16       000000
__Ltext17                                                 text17       000000
__Ltext18                                                 text18       000000
__Ltext19                                                 text19       000000
__Ltext2                                                  text2        000000
__Ltext20                                                 text20       000000
__Ltext21                                                 text21       000000
__Ltext22                                                 text22       000000
__Ltext23                                                 text23       000000
__Ltext24                                                 text24       000000
__Ltext25                                                 text25       000000
__Ltext26                                                 text26       000000
__Ltext27                                                 text27       000000
__Ltext28                                                 text28       000000
__Ltext29                                                 text29       000000
__Ltext3                                                  text3        000000
__Ltext30                                                 text30       000000
__Ltext31                                                 text31       000000
__Ltext32                                                 text32       000000
__Ltext33                                                 text33       000000
__Ltext34                                                 text34       000000
__Ltext35                                                 text35       000000
__Ltext36                                                 text36       000000
__Ltext37                                                 text37       000000
__Ltext38                                                 text38       000000
__Ltext39                                                 text39       000000
__Ltext4                                                  text4        000000
__Ltext40                                                 text40       000000
__Ltext41                                                 text41       000000
__Ltext42                                                 text42       000000
__Ltext43                                                 text43       000000
__Ltext44                                                 text44       000000
__Ltext45                                                 text45       000000
__Ltext46                                                 text46       000000
__Ltext47                                                 text47       000000
__Ltext48                                                 text48       000000
__Ltext5                                                  text5        000000
__Ltext6                                                  text6        000000
__Ltext7                                                  text7        000000
__Ltext8                                                  text8        000000
__Ltext9                                                  text9        000000
__S0                                                      (abs)        002EE9
__S1                                                      (abs)        00055A
__S2                                                      (abs)        000000
__S4                                                      (abs)        000000
__S5                                                      (abs)        000000
___awdiv                                                  text24       002634
___awdiv@counter                                          cstackCOMRAM 00053F
___awdiv@dividend                                         cstackCOMRAM 00053B
___awdiv@divisor                                          cstackCOMRAM 00053D
___awdiv@quotient                                         cstackCOMRAM 000541
___awdiv@sign                                             cstackCOMRAM 000540
___inthi_sp                                               stack        000000
___intlo_sp                                               stack        000000
___lwdiv                                                  text27       002964
___lwdiv@counter                                          cstackCOMRAM 000541
___lwdiv@dividend                                         cstackCOMRAM 00053B
___lwdiv@divisor                                          cstackCOMRAM 00053D
___lwdiv@quotient                                         cstackCOMRAM 00053F
___param_bank                                             (abs)        000000
___rparam_used                                            (abs)        000001
___sp                                                     stack        000000
___wmul                                                   text26       002D7C
___wmul@multiplicand                                      cstackCOMRAM 000537
___wmul@multiplier                                        cstackCOMRAM 000535
___wmul@product                                           cstackCOMRAM 000539
__accesstop                                               (abs)        000560
__activetblptr                                            (abs)        000003
__end_of_ADC_Initialize                                   text19       00285A
__end_of_ADC_SetADIInterruptHandler                       text22       002EBE
__end_of_ADC_SetActiveClockTuningInterruptHandler         text21       002EB4
__end_of_ADC_SetContext1ThresholdInterruptHandler         text20       002EAA
__end_of_CAN1_BitRateConfiguration                        text18       002E64
__end_of_CAN1_Initialize                                  text15       002B08
__end_of_CAN1_OperationModeGet                            text17       002EA0
__end_of_CAN1_OperationModeSet                            text16       002A30
__end_of_DELAY_milliseconds                               text28       002C48
__end_of_DLC_BYTES                                        smallconst   002630
__end_of_EXT_INT_Initialize                               text11       002B7C
__end_of_FIFO                                             smallconst   002632
__end_of_I2C1_Initialize                                  text10       002CA2
__end_of_INT0_CallBack                                    text44       002C1A
__end_of_INT0_DefaultInterruptHandler                     text47       002EE8
__end_of_INT0_ISR                                         text43       002ED6
__end_of_INT0_SetInterruptHandler                         text14       002E96
__end_of_INT1_CallBack                                    text41       002D52
__end_of_INT1_DefaultInterruptHandler                     text42       002EE6
__end_of_INT1_ISR                                         text40       002ECE
__end_of_INT1_SetInterruptHandler                         text13       002E8C
__end_of_INT2_CallBack                                    text38       002D26
__end_of_INT2_DefaultInterruptHandler                     text39       002EE4
__end_of_INT2_ISR                                         text37       002EC6
__end_of_INT2_SetInterruptHandler                         text12       002E82
__end_of_INTERRUPT_Initialize                             text9        002EDA
__end_of_INTERRUPT_InterruptManager                       text29       0027AE
__end_of_OSCILLATOR_Initialize                            text8        002E50
__end_of_PIN_MANAGER_Initialize                           text7        002964
__end_of_PMD_Initialize                                   text6        002DF8
__end_of_ReluctorFreqCount                                text46       002EDE
__end_of_ReluctorFreqRead                                 text25       0028E4
__end_of_ReluctorPosCount                                 text45       002E38
__end_of_ReluctorPosRead                                  text23       002A7E
__end_of_SYSTEM_Initialize                                text1        002D7C
__end_of_TMR0_CallBack                                    text35       002CFA
__end_of_TMR0_DefaultInterruptHandler                     text36       002EE2
__end_of_TMR0_ISR                                         text34       002DD0
__end_of_TMR0_Initialize                                  text4        002E1E
__end_of_TMR0_SetInterruptHandler                         text5        002E78
__end_of_TMR1_CallBack                                    text32       002CCE
__end_of_TMR1_DefaultInterruptHandler                     text33       002EE0
__end_of_TMR1_ISR                                         text30       002BB2
__end_of_TMR1_Initialize                                  text2        002AC4
__end_of_TMR1_SetInterruptHandler                         text3        002E6E
__end_of_TMR1_WriteTimer                                  text31       002C76
__end_of___awdiv                                          text24       0026F8
__end_of___lwdiv                                          text27       0029D8
__end_of___wmul                                           text26       002DA6
__end_of__initialization                                  cinit        002BE0
__end_of_i2c1_fsmStateTable                               smallconst   002627
__end_of_main                                             text0        002B44
__initialization                                          cinit        002BB2
__mediumconst                                             mediumconst  000000
__pbssCOMRAM                                              bssCOMRAM    000501
__pcinit                                                  cinit        002BB2
__pcstackCOMRAM                                           cstackCOMRAM 000533
__pdataCOMRAM                                             dataCOMRAM   000559
__pidataCOMRAM                                            idataCOMRAM  002EE8
__pivt0x8                                                 ivt0x8       000008
__pnvCOMRAM                                               nvCOMRAM     000547
__psmallconst                                             smallconst   002600
__ptext0                                                  text0        002B08
__ptext1                                                  text1        002D52
__ptext10                                                 text10       002C76
__ptext11                                                 text11       002B44
__ptext12                                                 text12       002E78
__ptext13                                                 text13       002E82
__ptext14                                                 text14       002E8C
__ptext15                                                 text15       002AC4
__ptext16                                                 text16       0029D8
__ptext17                                                 text17       002E96
__ptext18                                                 text18       002E50
__ptext19                                                 text19       0027AE
__ptext2                                                  text2        002A7E
__ptext20                                                 text20       002EA0
__ptext21                                                 text21       002EAA
__ptext22                                                 text22       002EB4
__ptext23                                                 text23       002A30
__ptext24                                                 text24       002634
__ptext25                                                 text25       00285A
__ptext26                                                 text26       002D7C
__ptext27                                                 text27       002964
__ptext28                                                 text28       002C1A
__ptext29                                                 text29       0026F8
__ptext3                                                  text3        002E64
__ptext30                                                 text30       002B7C
__ptext31                                                 text31       002C48
__ptext32                                                 text32       002CA2
__ptext33                                                 text33       002EDE
__ptext34                                                 text34       002DA6
__ptext35                                                 text35       002CCE
__ptext36                                                 text36       002EE0
__ptext37                                                 text37       002EBE
__ptext38                                                 text38       002CFA
__ptext39                                                 text39       002EE2
__ptext4                                                  text4        002DF8
__ptext40                                                 text40       002EC6
__ptext41                                                 text41       002D26
__ptext42                                                 text42       002EE4
__ptext43                                                 text43       002ECE
__ptext44                                                 text44       002BE6
__ptext45                                                 text45       002E1E
__ptext46                                                 text46       002EDA
__ptext47                                                 text47       002EE6
__ptext48                                                 text48       000000
__ptext5                                                  text5        002E6E
__ptext6                                                  text6        002DD0
__ptext7                                                  text7        0028E4
__ptext8                                                  text8        002E38
__ptext9                                                  text9        002ED6
__ramtop                                                  ramtop       002600
__size_of_ADC_Initialize                                  (abs)        000000
__size_of_ADC_SetADIInterruptHandler                      (abs)        000000
__size_of_ADC_SetActiveClockTuningInterruptHandler        (abs)        000000
__size_of_ADC_SetContext1ThresholdInterruptHandler        (abs)        000000
__size_of_CAN1_BitRateConfiguration                       (abs)        000000
__size_of_CAN1_Initialize                                 (abs)        000000
__size_of_CAN1_OperationModeGet                           (abs)        000000
__size_of_CAN1_OperationModeSet                           (abs)        000000
__size_of_DELAY_milliseconds                              (abs)        000000
__size_of_EXT_INT_Initialize                              (abs)        000000
__size_of_I2C1_Initialize                                 (abs)        000000
__size_of_INT0_CallBack                                   (abs)        000000
__size_of_INT0_DefaultInterruptHandler                    (abs)        000000
__size_of_INT0_ISR                                        (abs)        000000
__size_of_INT0_SetInterruptHandler                        (abs)        000000
__size_of_INT1_CallBack                                   (abs)        000000
__size_of_INT1_DefaultInterruptHandler                    (abs)        000000
__size_of_INT1_ISR                                        (abs)        000000
__size_of_INT1_SetInterruptHandler                        (abs)        000000
__size_of_INT2_CallBack                                   (abs)        000000
__size_of_INT2_DefaultInterruptHandler                    (abs)        000000
__size_of_INT2_ISR                                        (abs)        000000
__size_of_INT2_SetInterruptHandler                        (abs)        000000
__size_of_INTERRUPT_Initialize                            (abs)        000000
__size_of_INTERRUPT_InterruptManager                      (abs)        000000
__size_of_OSCILLATOR_Initialize                           (abs)        000000
__size_of_PIN_MANAGER_Initialize                          (abs)        000000
__size_of_PMD_Initialize                                  (abs)        000000
__size_of_ReluctorFreqCount                               (abs)        000000
__size_of_ReluctorFreqRead                                (abs)        000000
__size_of_ReluctorPosCount                                (abs)        000000
__size_of_ReluctorPosRead                                 (abs)        000000
__size_of_SYSTEM_Initialize                               (abs)        000000
__size_of_TMR0_CallBack                                   (abs)        000000
__size_of_TMR0_DefaultInterruptHandler                    (abs)        000000
__size_of_TMR0_ISR                                        (abs)        000000
__size_of_TMR0_Initialize                                 (abs)        000000
__size_of_TMR0_SetInterruptHandler                        (abs)        000000
__size_of_TMR1_CallBack                                   (abs)        000000
__size_of_TMR1_DefaultInterruptHandler                    (abs)        000000
__size_of_TMR1_ISR                                        (abs)        000000
__size_of_TMR1_Initialize                                 (abs)        000000
__size_of_TMR1_SetInterruptHandler                        (abs)        000000
__size_of_TMR1_WriteTimer                                 (abs)        000000
__size_of___awdiv                                         (abs)        000000
__size_of___lwdiv                                         (abs)        000000
__size_of___wmul                                          (abs)        000000
__size_of_main                                            (abs)        000000
__smallconst                                              smallconst   002600
_i2c1_fsmStateTable                                       smallconst   002601
_main                                                     text0        002B08
_rd1RegCompleteHandler                                    (abs)        000000
_rd2RegCompleteHandler                                    (abs)        000000
_rdBlkRegCompleteHandler                                  (abs)        000000
_timer1ReloadVal                                          nvCOMRAM     00054B
_ucCountFreq                                              bssCOMRAM    000532
_ucCountPos                                               bssCOMRAM    000531
_ucCountVueltaRueda                                       bssCOMRAM    000530
_ucKPHData1                                               bssCOMRAM    00052F
_ucKPHData2                                               bssCOMRAM    00052E
_ucReluctorState                                          bssCOMRAM    00052D
_ucWheelID                                                dataCOMRAM   000559
_uiKmeterPerHour                                          bssCOMRAM    000529
_uiMeterPerSecond                                         bssCOMRAM    00052B
_wr1RegCompleteHandler                                    (abs)        000000
_wr2RegCompleteHandler                                    (abs)        000000
end_of_initialization                                     cinit        002BE0
intlevel0                                                 text         000000
intlevel1                                                 text         000000
intlevel2                                                 text         000000
intlevel3                                                 text         000000
isa$std                                                   (abs)        000001
isa$xinst                                                 (abs)        000000
ivt0x8_base                                               ivt0x8       000008
stackhi                                                   (abs)        0025FF
stacklo                                                   (abs)        000560
start                                                     init         00001A
start_initialization                                      cinit        002BB2


MODULE INFORMATION

Module		Function		Class		Link	Load	Size
C:\Program Files\Microchip\xc8\v2.32\pic\sources\c99\common\awdiv.c
		___awdiv       		CODE           	2634	0000	196

C:\Program Files\Microchip\xc8\v2.32\pic\sources\c99\common\awdiv.c estimated size: 196

mcc_generated_files/can1.c
		_CAN1_BitRateConfiguration		CODE           	2E50	0000	20
		_CAN1_OperationModeGet		CODE           	2E96	0000	10
		_CAN1_Initialize		CODE           	2AC4	0000	68
		_CAN1_OperationModeSet		CODE           	29D8	0000	88

mcc_generated_files/can1.c estimated size: 186

mcc_generated_files/i2c1_master.c
		_I2C1_Initialize		CODE           	2C76	0000	44

mcc_generated_files/i2c1_master.c estimated size: 44

mcc_generated_files/interrupt_manager.c
		_INTERRUPT_Initialize		CODE           	2ED6	0000	4
		_INTERRUPT_InterruptManager		CODE           	26F8	0000	182

mcc_generated_files/interrupt_manager.c estimated size: 186

mcc_generated_files/tmr0.c
		_TMR0_SetInterruptHandler		CODE           	2E6E	0000	10
		_TMR0_DefaultInterruptHandler		CODE           	2EE0	0000	2
		_TMR0_CallBack 		CODE           	2CCE	0000	44
		_TMR0_ISR      		CODE           	2DA6	0000	42
		_TMR0_Initialize		CODE           	2DF8	0000	38

mcc_generated_files/tmr0.c estimated size: 136

mcc_generated_files/pin_manager.c
		_PIN_MANAGER_Initialize		CODE           	28E4	0000	128

mcc_generated_files/pin_manager.c estimated size: 128

mcc_generated_files/adc.c
		_ADC_Initialize		CODE           	27AE	0000	172
		_ADC_SetActiveClockTuningInterruptHandler		CODE           	2EAA	0000	10
		_ADC_SetADIInterruptHandler		CODE           	2EB4	0000	10
		_ADC_SetContext1ThresholdInterruptHandler		CODE           	2EA0	0000	10

mcc_generated_files/adc.c estimated size: 202

C:\Program Files\Microchip\xc8\v2.32\pic\sources\c99\common\Umul16.c
		___wmul        		CODE           	2D7C	0000	42

C:\Program Files\Microchip\xc8\v2.32\pic\sources\c99\common\Umul16.c estimated size: 42

reluctor.c
		_ReluctorFreqRead		CODE           	285A	0000	138
		_ReluctorPosCount		CODE           	2E1E	0000	26
		_ReluctorFreqCount		CODE           	2EDA	0000	4
		_ReluctorPosRead		CODE           	2A30	0000	78

reluctor.c estimated size: 246

mcc_generated_files/ext_int.c
		_INT0_SetInterruptHandler		CODE           	2E8C	0000	10
		_INT1_SetInterruptHandler		CODE           	2E82	0000	10
		_EXT_INT_Initialize		CODE           	2B44	0000	56
		_INT2_SetInterruptHandler		CODE           	2E78	0000	10
		_INT0_DefaultInterruptHandler		CODE           	2EE6	0000	2
		_INT0_CallBack 		CODE           	2BE6	0000	52
		_INT1_DefaultInterruptHandler		CODE           	2EE4	0000	2
		_INT1_CallBack 		CODE           	2D26	0000	44
		_INT2_DefaultInterruptHandler		CODE           	2EE2	0000	2
		_INT2_CallBack 		CODE           	2CFA	0000	44
		_INT0_ISR      		CODE           	2ECE	0000	8
		_INT1_ISR      		CODE           	2EC6	0000	8
		_INT2_ISR      		CODE           	2EBE	0000	8

mcc_generated_files/ext_int.c estimated size: 256

shared
		_FIFO          		SMALLCONST     	0000	0000	0
		_DLC_BYTES     		SMALLCONST     	0000	0000	0
		__initialization		CODE           	2BB2	0000	46
		_i2c1_fsmStateTable		SMALLCONST     	2601	0000	38

shared estimated size: 84

mcc_generated_files/mcc.c
		_PMD_Initialize		CODE           	2DD0	0000	40
		_OSCILLATOR_Initialize		CODE           	2E38	0000	24
		_SYSTEM_Initialize		CODE           	2D52	0000	42

mcc_generated_files/mcc.c estimated size: 106

mcc_generated_files/tmr1.c
		_TMR1_Initialize		CODE           	2A7E	0000	70
		_TMR1_SetInterruptHandler		CODE           	2E64	0000	10
		_TMR1_DefaultInterruptHandler		CODE           	2EDE	0000	2
		_TMR1_CallBack 		CODE           	2CA2	0000	44
		_TMR1_WriteTimer		CODE           	2C48	0000	46
		_TMR1_ISR      		CODE           	2B7C	0000	54

mcc_generated_files/tmr1.c estimated size: 226

C:\Program Files\Microchip\xc8\v2.32\pic\sources\c99\common\lwdiv.c
		___lwdiv       		CODE           	2964	0000	116

C:\Program Files\Microchip\xc8\v2.32\pic\sources\c99\common\lwdiv.c estimated size: 116

mcc_generated_files/delay.c
		_DELAY_milliseconds		CODE           	2C1A	0000	46

mcc_generated_files/delay.c estimated size: 46

main.c
		_main          		CODE           	2B08	0000	60

main.c estimated size: 60

