Microchip MPLAB XC8 Compiler V2.31

Linker command line:

-W-3 --edf=C:\Program Files\Microchip\xc8\v2.31\pic\dat\en_msgs.txt \
  -pivt0x8=08h -cn -h+dist/default/debug\SEN.X.debug.sym \
  --cmf=dist/default/debug\SEN.X.debug.cmf -z -Q18F26Q84 \
  -oC:\Users\panze\AppData\Local\Temp\s16ec.3 --defsym=__MPLAB_BUILD=1 \
  -Mdist/default/debug/SEN.X.debug.map -E1 -ver=XC8 Compiler --acfsm=1493 \
  -ASTACK=05D7h-025FFh -pstack=STACK -ACODE=00h-0FFFFh -ACONST=00h-0FFFFh \
  -ASMALLCONST=02600h-026FFhx218 -AMEDIUMCONST=02600h-0FFFFh \
  -ACOMRAM=0501h-055Fh -AABS1=0500h-025FFh -ABIGRAM=0501h-025FFh \
  -ARAM=0560h-05FFh,0600h-06FFhx32 -ABANK5=0560h-05FFh -ABANK6=0600h-06FFh \
  -ABANK7=0700h-07FFh -ABANK8=0800h-08FFh -ABANK9=0900h-09FFh \
  -ABANK10=0A00h-0AFFh -ABANK11=0B00h-0BFFh -ABANK12=0C00h-0CFFh \
  -ABANK13=0D00h-0DFFh -ABANK14=0E00h-0EFFh -ABANK15=0F00h-0FFFh \
  -ABANK16=01000h-010FFh -ABANK17=01100h-011FFh -ABANK18=01200h-012FFh \
  -ABANK19=01300h-013FFh -ABANK20=01400h-014FFh -ABANK21=01500h-015FFh \
  -ABANK22=01600h-016FFh -ABANK23=01700h-017FFh -ABANK24=01800h-018FFh \
  -ABANK25=01900h-019FFh -ABANK26=01A00h-01AFFh -ABANK27=01B00h-01BFFh \
  -ABANK28=01C00h-01CFFh -ABANK29=01D00h-01DFFh -ABANK30=01E00h-01EFFh \
  -ABANK31=01F00h-01FFFh -ABANK32=02000h-020FFh -ABANK33=02100h-021FFh \
  -ABANK34=02200h-022FFh -ABANK35=02300h-023FFh -ABANK36=02400h-024FFh \
  -ABANK37=02500h-025FFh -ASFR=00h-0FFhx4,0400h-045Fh,0460h-04FFh \
  -ACONFIG=0300000h-0300023h -AIDLOC=0200000h-020001Fh \
  -AEEDATA=0380000h-03803FFh -peeprom_data=EEDATA -preset_vec=00h \
  -ppowerup=CODE,init -pramtop=02600h -psmallconst=SMALLCONST \
  -pmediumconst=MEDIUMCONST -pconst=CONST -AFARRAM=00h-00h \
  -prdata=COMRAM,nvrram=COMRAM,nvbit=COMRAM,rbss=COMRAM,rbit=COMRAM \
  -pfarbss=FARRAM,fardata=FARRAM,nvFARRAM=FARRAM \
  -pintsave_regs=BIGRAM,bigbss=BIGRAM,bigdata=BIGRAM -pbss=RAM \
  -pidata=CODE,irdata=CODE,ibigdata=CODE,ifardata=CODE -prparam=COMRAM \
  C:\Users\panze\AppData\Local\Temp\s16ec.o \
  dist/default/debug\SEN.X.debug.o 

Object code version is 3.11

Machine type is 18F26Q84



                Name                               Link     Load   Length Selector   Space Scale
C:\Users\panze\AppData\Local\Temp\s16ec.o
                idloc                            200000   200000       20        0       5
                config                           300000   300000       24        0       4
                init                                 1A       1A        4        4       0
                reset_vec                             0        0        4        0       0
dist/default/debug\SEN.X.debug.o
                idloc                            200000   200000       20        0       5
                config                           300000   300000       24        0       4
                smallconst                         2600     2600       34     1300       0
                ivt0x8                                8        8       12        4       0
                text72                             3964     3964        2     131A       0
                text71                             3962     3962        2     131A       0
                text70                             3960     3960        2     131A       0
                text69                             395E     395E        2     131A       0
                text68                             395C     395C        2     131A       0
                text67                             395A     395A        2     131A       0
                text66                             3958     3958        2     131A       0
                text65                             2A54     2A54      156     131A       0
                text64                             3956     3956        2     131A       0
                text63                             389E     389E       10     131A       0
                text62                             34EA     34EA       3C     131A       0
                text61                             355C     355C       36     131A       0
                text60                             3944     3944        8     131A       0
                text59                             3954     3954        2     131A       0
                text58                             3650     3650       2E     131A       0
                text57                             36D6     36D6       2A     131A       0
                text56                             384C     384C       16     131A       0
                text55                             3836     3836       16     131A       0
                text54                             37C0     37C0       1A     131A       0
                text53                             3820     3820       16     131A       0
                text52                             37F2     37F2       18     131A       0
                text51                             393A     393A        A     131A       0
                text50                             2DB0     2DB0       D8     131A       0
                text49                             3328     3328       5A     131A       0
                text48                             2634     2634      246     131A       0
                text47                             34AC     34AC       3E     131A       0
                text46                             3138     3138       94     131A       0
                text45                             3750     3750       28     131A       0
                text44                             2BAA     2BAA      12C     131A       0
                text43                             2CD6     2CD6       DA     131A       0
                text42                             2FFC     2FFC       A4     131A       0
                text41                             32BE     32BE       6A     131A       0
                text40                             287A     287A      1DA     131A       0
                text39                             3952     3952        2     131A       0
                text38                             3622     3622       2E     131A       0
                text37                             35F4     35F4       2E     131A       0
                text36                             346E     346E       3E     131A       0
                text35                             2E88     2E88       C2     131A       0
                text34                             3592     3592       34     131A       0
                text33                             3778     3778       26     131A       0
                text32                             3930     3930        A     131A       0
                text31                             3926     3926        A     131A       0
                text30                             391C     391C        A     131A       0
                text29                             2F4A     2F4A       B2     131A       0
                text28                             388A     388A       14     131A       0
                text27                             3912     3912        A     131A       0
                text26                             3908     3908        A     131A       0
                text25                             38FE     38FE        A     131A       0
                text24                             38F4     38F4        A     131A       0
                text23                             38EA     38EA        A     131A       0
                text22                             38E0     38E0        A     131A       0
                text21                             38D6     38D6        A     131A       0
                text20                             31CC     31CC       7A     131A       0
                text19                             38CC     38CC        A     131A       0
                text18                             30A0     30A0       98     131A       0
                text17                             3876     3876       14     131A       0
                text16                             3950     3950        2     131A       0
                text15                             35C6     35C6       2E     131A       0
                text14                             3862     3862       14     131A       0
                text13                             3382     3382       58     131A       0
                text12                             38C2     38C2        A     131A       0
                text11                             380A     380A       16     131A       0
                text10                             36AA     36AA       2C     131A       0
                text9                              394C     394C        4     131A       0
                text8                              37DA     37DA       18     131A       0
                text7                              3246     3246       78     131A       0
                text6                              3728     3728       28     131A       0
                text5                              38B8     38B8        A     131A       0
                text4                              3700     3700       28     131A       0
                text3                              38AE     38AE        A     131A       0
                text2                              3426     3426       48     131A       0
                text1                              367E     367E       2C     131A       0
                text0                              3526     3526       36     131A       0
                cstackCOMRAM                        501      501       3A      501       1
                cstackBANK5                         5D3      5D3        4      560       1
                dataBANK5                           5A5      5A5       22      560       1
                bssBANK5                            560      560       45      560       1
                bssCOMRAM                           53B      53B       21      501       1
                cinit                              33DA     33DA       4C     131A       0
                nvBANK5                             5C7      5C7        C      560       1
                nvCOMRAM                            55C      55C        2      501       1
                idataBANK5                         379E     379E       22     131A       0

TOTAL           Name                               Link     Load   Length     Space
        CLASS   STACK          

        CLASS   CODE           
                init                                 1A       1A        4         0
                reset_vec                             0        0        4         0
                ivt0x8                                8        8       12         0
                text72                             3964     3964        2         0
                text71                             3962     3962        2         0
                text70                             3960     3960        2         0
                text69                             395E     395E        2         0
                text68                             395C     395C        2         0
                text67                             395A     395A        2         0
                text66                             3958     3958        2         0
                text65                             2A54     2A54      156         0
                text64                             3956     3956        2         0
                text63                             389E     389E       10         0
                text62                             34EA     34EA       3C         0
                text61                             355C     355C       36         0
                text60                             3944     3944        8         0
                text59                             3954     3954        2         0
                text58                             3650     3650       2E         0
                text57                             36D6     36D6       2A         0
                text56                             384C     384C       16         0
                text55                             3836     3836       16         0
                text54                             37C0     37C0       1A         0
                text53                             3820     3820       16         0
                text52                             37F2     37F2       18         0
                text51                             393A     393A        A         0
                text50                             2DB0     2DB0       D8         0
                text49                             3328     3328       5A         0
                text48                             2634     2634      246         0
                text47                             34AC     34AC       3E         0
                text46                             3138     3138       94         0
                text45                             3750     3750       28         0
                text44                             2BAA     2BAA      12C         0
                text43                             2CD6     2CD6       DA         0
                text42                             2FFC     2FFC       A4         0
                text41                             32BE     32BE       6A         0
                text40                             287A     287A      1DA         0
                text39                             3952     3952        2         0
                text38                             3622     3622       2E         0
                text37                             35F4     35F4       2E         0
                text36                             346E     346E       3E         0
                text35                             2E88     2E88       C2         0
                text34                             3592     3592       34         0
                text33                             3778     3778       26         0
                text32                             3930     3930        A         0
                text31                             3926     3926        A         0
                text30                             391C     391C        A         0
                text29                             2F4A     2F4A       B2         0
                text28                             388A     388A       14         0
                text27                             3912     3912        A         0
                text26                             3908     3908        A         0
                text25                             38FE     38FE        A         0
                text24                             38F4     38F4        A         0
                text23                             38EA     38EA        A         0
                text22                             38E0     38E0        A         0
                text21                             38D6     38D6        A         0
                text20                             31CC     31CC       7A         0
                text19                             38CC     38CC        A         0
                text18                             30A0     30A0       98         0
                text17                             3876     3876       14         0
                text16                             3950     3950        2         0
                text15                             35C6     35C6       2E         0
                text14                             3862     3862       14         0
                text13                             3382     3382       58         0
                text12                             38C2     38C2        A         0
                text11                             380A     380A       16         0
                text10                             36AA     36AA       2C         0
                text9                              394C     394C        4         0
                text8                              37DA     37DA       18         0
                text7                              3246     3246       78         0
                text6                              3728     3728       28         0
                text5                              38B8     38B8        A         0
                text4                              3700     3700       28         0
                text3                              38AE     38AE        A         0
                text2                              3426     3426       48         0
                text1                              367E     367E       2C         0
                text0                              3526     3526       36         0
                cinit                              33DA     33DA       4C         0
                idataBANK5                         379E     379E       22         0

        CLASS   CONST          

        CLASS   SMALLCONST     
                smallconst                         2600     2600       34         0

        CLASS   MEDIUMCONST    

        CLASS   COMRAM         
                cstackCOMRAM                        501      501       3A         1
                bssCOMRAM                           53B      53B       21         1
                nvCOMRAM                            55C      55C        2         1

        CLASS   ABS1           

        CLASS   BIGRAM         

        CLASS   RAM            

        CLASS   BANK5          
                cstackBANK5                         5D3      5D3        4         1
                dataBANK5                           5A5      5A5       22         1
                bssBANK5                            560      560       45         1
                nvBANK5                             5C7      5C7        C         1

        CLASS   BANK6          

        CLASS   BANK7          

        CLASS   BANK8          

        CLASS   BANK9          

        CLASS   BANK10         

        CLASS   BANK11         

        CLASS   BANK12         

        CLASS   BANK13         

        CLASS   BANK14         

        CLASS   BANK15         

        CLASS   BANK16         

        CLASS   BANK17         

        CLASS   BANK18         

        CLASS   BANK19         

        CLASS   BANK20         

        CLASS   BANK21         

        CLASS   BANK22         

        CLASS   BANK23         

        CLASS   BANK24         

        CLASS   BANK25         

        CLASS   BANK26         

        CLASS   BANK27         

        CLASS   BANK28         

        CLASS   BANK29         

        CLASS   BANK30         

        CLASS   BANK31         

        CLASS   BANK32         

        CLASS   BANK33         

        CLASS   BANK34         

        CLASS   BANK35         

        CLASS   BANK36         

        CLASS   BANK37         

        CLASS   SFR            

        CLASS   CONFIG         
                config                           300000   300000       24         4

        CLASS   IDLOC          
                idloc                            200000   200000       20         5

        CLASS   EEDATA         

        CLASS   FARRAM         



SEGMENTS        Name                           Load    Length   Top    Selector   Space  Class

                reset_vec                      000000  000004  000004         0       0  CODE    
                ivt0x8                         000008  000016  00001E         4       0  CODE    
                cstackCOMRAM                   000501  00005D  00055E       501       1  COMRAM  
                bssBANK5                       000560  000077  0005D7       560       1  BANK5   
                smallconst                     002600  000034  002634      1300       0  SMALLCON
                text48                         002634  001332  003966      131A       0  CODE    


UNUSED ADDRESS RANGES

        Name                Unused          Largest block    Delta
        BANK10           000A00-000AFF              100
        BANK11           000B00-000BFF              100
        BANK12           000C00-000CFF              100
        BANK13           000D00-000DFF              100
        BANK14           000E00-000EFF              100
        BANK15           000F00-000FFF              100
        BANK16           001000-0010FF              100
        BANK17           001100-0011FF              100
        BANK18           001200-0012FF              100
        BANK19           001300-0013FF              100
        BANK20           001400-0014FF              100
        BANK21           001500-0015FF              100
        BANK22           001600-0016FF              100
        BANK23           001700-0017FF              100
        BANK24           001800-0018FF              100
        BANK25           001900-0019FF              100
        BANK26           001A00-001AFF              100
        BANK27           001B00-001BFF              100
        BANK28           001C00-001CFF              100
        BANK29           001D00-001DFF              100
        BANK30           001E00-001EFF              100
        BANK31           001F00-001FFF              100
        BANK32           002000-0020FF              100
        BANK33           002100-0021FF              100
        BANK34           002200-0022FF              100
        BANK35           002300-0023FF              100
        BANK36           002400-0024FF              100
        BANK37           002500-0025FF              100
        BANK5            0005D7-0005FF               29
        BANK6            000600-0006FF              100
        BANK7            000700-0007FF              100
        BANK8            000800-0008FF              100
        BANK9            000900-0009FF              100
        BIGRAM           00055E-00055F                2
                         0005D7-0025FF             2029
        CODE             000004-000007                4
                         00001E-0025FF             25E2
                         003966-00FFFF             C69A
        COMRAM           00055E-00055F                2
        CONST            000004-000007                4
                         00001E-0025FF             25E2
                         003966-00FFFF             C69A
        EEDATA           380000-3803FF              400
        MEDIUMCONST      003966-00FFFF             C69A
        RAM              0005D7-0025FF              100
        SFR              000000-0004FF              100
        SMALLCONST       003966-00FFFF              100
        STACK            0005D7-0025FF             2029

                                  Symbol Table

?___lldiv                                                 cstackCOMRAM 000501
?___lmul                                                  cstackCOMRAM 000501
ADC_SetADIInterruptHandler@InterruptHandler               cstackBANK5  0005D3
ADC_SetActiveClockTuningInterruptHandler@InterruptHandler cstackBANK5  0005D3
ADC_SetContext1ThresholdInterruptHandler@InterruptHandler cstackBANK5  0005D3
CAN1_OperationModeSet@opMode                              cstackBANK5  0005D3
CAN1_OperationModeSet@requestMode                         cstackBANK5  0005D5
CAN1_OperationModeSet@status                              cstackBANK5  0005D4
CAN1_RX_FIFO_ResetInfo@index                              cstackBANK5  0005D3
CAN1_SetBusErrorInterruptHandler@handler                  cstackBANK5  0005D3
CAN1_SetBusWakeUpActivityInterruptHandler@handler         cstackBANK5  0005D3
CAN1_SetInvalidMessageInterruptHandler@handler            cstackBANK5  0005D3
CAN1_SetModeChangeInterruptHandler@handler                cstackBANK5  0005D3
CAN1_SetRxBufferOverFlowInterruptHandler@handler          cstackBANK5  0005D3
CAN1_SetSystemErrorInterruptHandler@handler               cstackBANK5  0005D3
CAN1_SetTxAttemptInterruptHandler@handler                 cstackBANK5  0005D3
CAN1_Transmit@fifoChannel                                 cstackCOMRAM 00051D
CAN1_Transmit@status                                      cstackCOMRAM 00051A
CAN1_Transmit@txCanMsg                                    cstackCOMRAM 000518
CAN1_Transmit@txFifoObj                                   cstackCOMRAM 00051B
CAN1_TransmitFIFOStatusGet@fifoChannel                    cstackCOMRAM 000504
CAN1_TransmitFIFOStatusGet@status                         cstackCOMRAM 000503
CANWriteMessage@data1                                     cstackCOMRAM 000523
CANWriteMessage@data2                                     cstackCOMRAM 000524
CANWriteMessage@data3                                     cstackCOMRAM 000525
CANWriteMessage@data4                                     cstackCOMRAM 000526
CANWriteMessage@data5                                     cstackCOMRAM 000527
CANWriteMessage@data6                                     cstackCOMRAM 000528
CANWriteMessage@data7                                     cstackCOMRAM 000529
CANWriteMessage@data8                                     cstackCOMRAM 00052A
CANWriteMessage@dataLength                                cstackCOMRAM 000522
CANWriteMessage@id                                        cstackCOMRAM 00051E
CANWriteMessage@uiData1                                   cstackCOMRAM 00052D
CANWriteMessage@uiData2                                   cstackCOMRAM 00052F
CANWriteMessage@uiData3                                   cstackCOMRAM 000531
CANWriteMessage@uiData4                                   cstackCOMRAM 000533
DELAY_milliseconds@milliseconds                           cstackBANK5  0005D3
GetTxFifoStatus@validChannel                              cstackCOMRAM 000501
INT0_SetInterruptHandler@InterruptHandler                 cstackBANK5  0005D3
IVTBASEH                                                  (abs)        00045E
IVTBASEL                                                  (abs)        00045D
IVTBASEU                                                  (abs)        00045F
TMR0_ISR@CountCallBack                                    bssCOMRAM    000551
TMR0_SetInterruptHandler@InterruptHandler                 cstackBANK5  0005D3
TMR1_ISR@CountCallBack                                    bssCOMRAM    000553
TMR1_SetInterruptHandler@InterruptHandler                 cstackBANK5  0005D3
TMR1_WriteTimer@timerVal                                  cstackCOMRAM 000501
ValidateTransmission@field                                cstackCOMRAM 00050A
ValidateTransmission@txCanMsg                             cstackCOMRAM 000502
ValidateTransmission@txMsgStatus                          cstackCOMRAM 000509
ValidateTransmission@validChannel                         cstackCOMRAM 000507
WriteMessageToFifo@msgId                                  cstackCOMRAM 000514
WriteMessageToFifo@status                                 cstackCOMRAM 000513
WriteMessageToFifo@txCanMsg                               cstackCOMRAM 00050E
WriteMessageToFifo@txFifoObj                              cstackCOMRAM 00050C
_ADACCH                                                   (abs)        0003E4
_ADACCL                                                   (abs)        0003E3
_ADACCU                                                   (abs)        0003E5
_ADACQH                                                   (abs)        0003EF
_ADACQL                                                   (abs)        0003EE
_ADACT                                                    (abs)        0003F9
_ADACTPPS                                                 (abs)        000269
_ADCAP                                                    (abs)        0003F0
_ADCLK                                                    (abs)        0003FA
_ADCNT                                                    (abs)        0003E6
_ADCON0                                                   (abs)        0003F3
_ADCON0bits                                               (abs)        0003F3
_ADCON1                                                   (abs)        0003F4
_ADCON1bits                                               (abs)        0003F4
_ADCON2                                                   (abs)        0003F5
_ADCON2bits                                               (abs)        0003F5
_ADCON3                                                   (abs)        0003F6
_ADCON3bits                                               (abs)        0003F6
_ADCP                                                     (abs)        0003D8
_ADCPbits                                                 (abs)        0003D8
_ADCSEL1                                                  (abs)        0003FC
_ADCSEL1bits                                              (abs)        0003FC
_ADCTX                                                    (abs)        0003FB
_ADC_ActiveClockTuning_ISR                                nvBANK5      0005CD
_ADC_Context1Thereshld_ISR                                nvBANK5      0005CF
_ADC_ConversionComplete_ISR                               nvBANK5      0005D1
_ADC_DefaultADI_ISR                                       (abs)        000000
_ADC_DefaultActiveClockTuning_ISR                         (abs)        000000
_ADC_DefaultContext1Threshold_ISR                         (abs)        000000
_ADC_Initialize                                           text29       002F4A
_ADC_SetADIInterruptHandler                               text32       003930
_ADC_SetActiveClockTuningInterruptHandler                 text31       003926
_ADC_SetContext1ThresholdInterruptHandler                 text30       00391C
_ADERRH                                                   (abs)        0003DE
_ADERRL                                                   (abs)        0003DD
_ADFLTRH                                                  (abs)        0003E2
_ADFLTRL                                                  (abs)        0003E1
_ADLTHH                                                   (abs)        0003DA
_ADLTHL                                                   (abs)        0003D9
_ADPCH                                                    (abs)        0003EC
_ADPREH                                                   (abs)        0003F2
_ADPREL                                                   (abs)        0003F1
_ADPREVH                                                  (abs)        0003E9
_ADPREVL                                                  (abs)        0003E8
_ADREF                                                    (abs)        0003F8
_ADRESH                                                   (abs)        0003EB
_ADRESL                                                   (abs)        0003EA
_ADRPT                                                    (abs)        0003E7
_ADSTAT                                                   (abs)        0003F7
_ADSTATbits                                               (abs)        0003F7
_ADSTPTH                                                  (abs)        0003E0
_ADSTPTL                                                  (abs)        0003DF
_ADUTHH                                                   (abs)        0003DC
_ADUTHL                                                   (abs)        0003DB
_ANSELA                                                   (abs)        000400
_ANSELB                                                   (abs)        000408
_ANSELC                                                   (abs)        000410
_C1CONH                                                   (abs)        000101
_C1CONHbits                                               (abs)        000101
_C1CONL                                                   (abs)        000100
_C1CONTbits                                               (abs)        000103
_C1CONU                                                   (abs)        000102
_C1CONUbits                                               (abs)        000102
_C1FIFOBA                                                 (abs)        00014C
_C1FIFOCON1H                                              (abs)        00015D
_C1FIFOCON1L                                              (abs)        00015C
_C1FIFOCON1T                                              (abs)        00015F
_C1FIFOCON1U                                              (abs)        00015E
_C1FIFOSTA1Lbits                                          (abs)        000160
_C1INTH                                                   (abs)        00011D
_C1INTHbits                                               (abs)        00011D
_C1INTL                                                   (abs)        00011C
_C1INTLbits                                               (abs)        00011C
_C1INTT                                                   (abs)        00011F
_C1INTTbits                                               (abs)        00011F
_C1INTU                                                   (abs)        00011E
_C1NBTCFGH                                                (abs)        000105
_C1NBTCFGL                                                (abs)        000104
_C1NBTCFGT                                                (abs)        000107
_C1NBTCFGU                                                (abs)        000106
_C1TRECUbits                                              (abs)        000136
_C1TXQCONH                                                (abs)        000151
_C1TXQCONL                                                (abs)        000150
_C1TXQCONT                                                (abs)        000153
_C1TXQCONU                                                (abs)        000152
_C1TXQSTALbits                                            (abs)        000154
_CAN1_BitRateConfiguration                                text28       00388A
_CAN1_BusErrorHandler                                     bssBANK5     000590
_CAN1_BusWakeUpActivityHandler                            bssBANK5     000592
_CAN1_ErrorNotificationInterruptEnable                    text20       0031CC
_CAN1_ISR                                                 text65       002A54
_CAN1_Initialize                                          text13       003382
_CAN1_InvalidMessageHandler                               bssBANK5     000594
_CAN1_IsBusOff                                            text56       00384C
_CAN1_IsTxErrorActive                                     text54       0037C0
_CAN1_IsTxErrorPassive                                    text55       003836
_CAN1_IsTxErrorWarning                                    text53       003820
_CAN1_ModeChangeHandler                                   bssBANK5     00058E
_CAN1_OperationModeGet                                    text19       0038CC
_CAN1_OperationModeSet                                    text18       0030A0
_CAN1_RX_FIFO_Configuration                               text17       003876
_CAN1_RX_FIFO_FilterMaskConfiguration                     text16       003950
_CAN1_RX_FIFO_ResetInfo                                   text15       0035C6
_CAN1_RxBufferOverflowHandler                             bssBANK5     000588
_CAN1_SetBusErrorInterruptHandler                         text27       003912
_CAN1_SetBusWakeUpActivityInterruptHandler                text26       003908
_CAN1_SetInvalidMessageInterruptHandler                   text25       0038FE
_CAN1_SetModeChangeInterruptHandler                       text24       0038F4
_CAN1_SetRxBufferOverFlowInterruptHandler                 text23       0038EA
_CAN1_SetSystemErrorInterruptHandler                      text22       0038E0
_CAN1_SetTxAttemptInterruptHandler                        text21       0038D6
_CAN1_SystemErrorHandler                                  bssBANK5     00058C
_CAN1_TX_FIFO_Configuration                               text14       003862
_CAN1_Transmit                                            text46       003138
_CAN1_TransmitFIFOStatusGet                               text45       003750
_CAN1_TxAttemptHandler                                    bssBANK5     00058A
_CANDATAdata                                              dataBANK5    0005A7
_CANRXPPS                                                 (abs)        00023D
_CANWriteMessage                                          text44       002BAA
_DELAY_milliseconds                                       text34       003592
_DLC_BYTES                                                smallconst   002627
_DefaultBusErrorHandler                                   text72       003964
_DefaultBusWakeUpActivityHandler                          text71       003962
_DefaultInvalidMessageHandler                             text70       003960
_DefaultModeChangeHandler                                 text69       00395E
_DefaultRxBufferOverflowHandler                           text68       00395C
_DefaultSystemErrorHandler                                text67       00395A
_DefaultTxAttemptHandler                                  text66       003958
_EXT_INT_Initialize                                       text11       00380A
_GetTxFifoStatus                                          text52       0037F2
_I2C1BAUD                                                 (abs)        00029D
_I2C1CLK                                                  (abs)        00029E
_I2C1CNTH                                                 (abs)        00028D
_I2C1CNTL                                                 (abs)        00028C
_I2C1CON0                                                 (abs)        000294
_I2C1CON0bits                                             (abs)        000294
_I2C1CON1                                                 (abs)        000295
_I2C1CON1bits                                             (abs)        000295
_I2C1CON2                                                 (abs)        000296
_I2C1ERR                                                  (abs)        000297
_I2C1ERRbits                                              (abs)        000297
_I2C1PIE                                                  (abs)        00029B
_I2C1PIEbits                                              (abs)        00029B
_I2C1PIR                                                  (abs)        00029A
_I2C1PIRbits                                              (abs)        00029A
_I2C1RXB                                                  (abs)        00028A
_I2C1SCLPPS                                               (abs)        000271
_I2C1SDAPPS                                               (abs)        000270
_I2C1STAT1bits                                            (abs)        000299
_I2C1TXB                                                  (abs)        00028B
_I2C1_CallbackReturnReset                                 (abs)        000000
_I2C1_CallbackReturnStop                                  (abs)        000000
_I2C1_DO_ADDRESS_NACK                                     (abs)        000000
_I2C1_DO_BUS_COLLISION                                    (abs)        000000
_I2C1_DO_BUS_ERROR                                        (abs)        000000
_I2C1_DO_IDLE                                             (abs)        000000
_I2C1_DO_RESET                                            (abs)        000000
_I2C1_DO_RX                                               (abs)        000000
_I2C1_DO_RX_ACK                                           (abs)        000000
_I2C1_DO_RX_EMPTY                                         (abs)        000000
_I2C1_DO_RX_NACK_RESTART                                  (abs)        000000
_I2C1_DO_RX_NACK_STOP                                     (abs)        000000
_I2C1_DO_SEND_ADR_READ                                    (abs)        000000
_I2C1_DO_SEND_ADR_WRITE                                   (abs)        000000
_I2C1_DO_SEND_RESTART                                     (abs)        000000
_I2C1_DO_SEND_RESTART_READ                                (abs)        000000
_I2C1_DO_SEND_RESTART_WRITE                               (abs)        000000
_I2C1_DO_SEND_STOP                                        (abs)        000000
_I2C1_DO_TX                                               (abs)        000000
_I2C1_DO_TX_ACK                                           (abs)        000000
_I2C1_DO_TX_EMPTY                                         (abs)        000000
_I2C1_Initialize                                          text10       0036AA
_I2C1_Status                                              bssBANK5     000560
_INLVLA                                                   (abs)        000404
_INLVLB                                                   (abs)        00040C
_INLVLC                                                   (abs)        000414
_INLVLE                                                   (abs)        000424
_INT0PPS                                                  (abs)        00023E
_INT0_CallBack                                            text61       00355C
_INT0_DefaultInterruptHandler                             text64       003956
_INT0_ISR                                                 text60       003944
_INT0_InterruptHandler                                    nvBANK5      0005CB
_INT0_SetInterruptHandler                                 text12       0038C2
_INTCON0bits                                              (abs)        0004D6
_INTERRUPT_Initialize                                     text9        00394C
_INTERRUPT_InterruptManager                               text35       002E88
_LATA                                                     (abs)        0004BE
_LATAbits                                                 (abs)        0004BE
_LATB                                                     (abs)        0004BF
_LATBbits                                                 (abs)        0004BF
_LATC                                                     (abs)        0004C0
_MESSAGESSendEvery100ms                                   text43       002CD6
_ODCONA                                                   (abs)        000402
_ODCONB                                                   (abs)        00040A
_ODCONC                                                   (abs)        000412
_OSCCON1                                                  (abs)        0000AD
_OSCCON3                                                  (abs)        0000AF
_OSCEN                                                    (abs)        0000B3
_OSCFRQ                                                   (abs)        0000B1
_OSCILLATOR_Initialize                                    text8        0037DA
_OSCTUNE                                                  (abs)        0000B0
_PARAMETERSInit                                           text33       003778
_PIE0bits                                                 (abs)        00049E
_PIE1bits                                                 (abs)        00049F
_PIE3bits                                                 (abs)        0004A1
_PIE7bits                                                 (abs)        0004A5
_PIN_MANAGER_Initialize                                   text7        003246
_PIR0bits                                                 (abs)        0004AE
_PIR1bits                                                 (abs)        0004AF
_PIR2bits                                                 (abs)        0004B0
_PIR3bits                                                 (abs)        0004B1
_PIR7bits                                                 (abs)        0004B5
_PMD0                                                     (abs)        000060
_PMD1                                                     (abs)        000061
_PMD2                                                     (abs)        000062
_PMD3                                                     (abs)        000063
_PMD4                                                     (abs)        000064
_PMD5                                                     (abs)        000065
_PMD6                                                     (abs)        000066
_PMD7                                                     (abs)        000067
_PMD8                                                     (abs)        000068
_PMD_Initialize                                           text6        003728
_RB4PPS                                                   (abs)        00020D
_RC3PPS                                                   (abs)        000214
_RC4PPS                                                   (abs)        000215
_ReluctorCountTeeth                                       text63       00389E
_ReluctorFreqRead                                         text40       00287A
_ReluctorPosCount                                         text62       0034EA
_SLRCONA                                                  (abs)        000403
_SLRCONB                                                  (abs)        00040B
_SLRCONC                                                  (abs)        000413
_SYSTEM_Initialize                                        text1        00367E
_T0CON0                                                   (abs)        00031A
_T0CON0bits                                               (abs)        00031A
_T0CON1                                                   (abs)        00031B
_T1CLK                                                    (abs)        000321
_T1CON                                                    (abs)        00031E
_T1CONbits                                                (abs)        00031E
_T1GATE                                                   (abs)        000320
_T1GCON                                                   (abs)        00031F
_T1GCONbits                                               (abs)        00031F
_TMR0H                                                    (abs)        000319
_TMR0L                                                    (abs)        000318
_TMR0_CallBack                                            text58       003650
_TMR0_DefaultInterruptHandler                             text59       003954
_TMR0_ISR                                                 text57       0036D6
_TMR0_Initialize                                          text4        003700
_TMR0_InterruptHandler                                    nvBANK5      0005C7
_TMR0_SetInterruptHandler                                 text5        0038B8
_TMR1H                                                    (abs)        00031D
_TMR1L                                                    (abs)        00031C
_TMR1_CallBack                                            text38       003622
_TMR1_DefaultInterruptHandler                             text39       003952
_TMR1_ISR                                                 text36       00346E
_TMR1_Initialize                                          text2        003426
_TMR1_InterruptHandler                                    nvBANK5      0005C9
_TMR1_SetInterruptHandler                                 text3        0038AE
_TMR1_WriteTimer                                          text37       0035F4
_TRISA                                                    (abs)        0004C6
_TRISB                                                    (abs)        0004C7
_TRISBbits                                                (abs)        0004C7
_TRISC                                                    (abs)        0004C8
_TRISE                                                    (abs)        0004CA
_ValidateTransmission                                     text50       002DB0
_WPUA                                                     (abs)        000401
_WPUB                                                     (abs)        000409
_WPUC                                                     (abs)        000411
_WPUE                                                     (abs)        000421
_WriteMessageToFifo                                       text48       002634
__HRAM                                                    (abs)        000000
__Habs1                                                   abs1         000000
__Hbank10                                                 bank10       000000
__Hbank11                                                 bank11       000000
__Hbank12                                                 bank12       000000
__Hbank13                                                 bank13       000000
__Hbank14                                                 bank14       000000
__Hbank15                                                 bank15       000000
__Hbank16                                                 bank16       000000
__Hbank17                                                 bank17       000000
__Hbank18                                                 bank18       000000
__Hbank19                                                 bank19       000000
__Hbank20                                                 bank20       000000
__Hbank21                                                 bank21       000000
__Hbank22                                                 bank22       000000
__Hbank23                                                 bank23       000000
__Hbank24                                                 bank24       000000
__Hbank25                                                 bank25       000000
__Hbank26                                                 bank26       000000
__Hbank27                                                 bank27       000000
__Hbank28                                                 bank28       000000
__Hbank29                                                 bank29       000000
__Hbank30                                                 bank30       000000
__Hbank31                                                 bank31       000000
__Hbank32                                                 bank32       000000
__Hbank33                                                 bank33       000000
__Hbank34                                                 bank34       000000
__Hbank35                                                 bank35       000000
__Hbank36                                                 bank36       000000
__Hbank37                                                 bank37       000000
__Hbank5                                                  bank5        000000
__Hbank6                                                  bank6        000000
__Hbank7                                                  bank7        000000
__Hbank8                                                  bank8        000000
__Hbank9                                                  bank9        000000
__Hbigbss                                                 bigbss       000000
__Hbigdata                                                bigdata      000000
__Hbigram                                                 bigram       000000
__Hbss                                                    bss          000000
__HbssBANK5                                               bssBANK5     000000
__HbssCOMRAM                                              bssCOMRAM    000000
__Hcinit                                                  cinit        000000
__Hclrtext                                                clrtext      000000
__Hcomram                                                 comram       000000
__Hconfig                                                 config       300024
__Hconst                                                  const        000000
__HcstackBANK5                                            cstackBANK5  000000
__HcstackCOMRAM                                           cstackCOMRAM 000000
__Hdata                                                   data         000000
__HdataBANK5                                              dataBANK5    000000
__Heeprom_data                                            eeprom_data  000000
__Hfarbss                                                 farbss       000000
__Hfardata                                                fardata      000000
__Hibigdata                                               ibigdata     000000
__Hidata                                                  idata        000000
__HidataBANK5                                             idataBANK5   000000
__Hidloc                                                  idloc        200020
__Hifardata                                               ifardata     000000
__Hinit                                                   init         00001E
__Hintsave_regs                                           intsave_regs 000000
__Hirdata                                                 irdata       000000
__Hivt0x8                                                 ivt0x8       00001A
__Hmediumconst                                            mediumconst  000000
__HnvBANK5                                                nvBANK5      000000
__HnvCOMRAM                                               nvCOMRAM     000000
__HnvFARRAM                                               nvFARRAM     000000
__Hnvbit                                                  nvbit        000000
__Hnvrram                                                 nvrram       000000
__Hparam                                                  rparam       000000
__Hpowerup                                                powerup      000000
__Hram                                                    ram          000000
__Hramtop                                                 ramtop       002600
__Hrbit                                                   rbit         000000
__Hrbss                                                   rbss         000000
__Hrdata                                                  rdata        000000
__Hreset_vec                                              reset_vec    000004
__Hrparam                                                 rparam       000000
__Hsfr                                                    sfr          000000
__Hsmallconst                                             smallconst   002634
__Hspace_0                                                (abs)        003966
__Hspace_1                                                (abs)        0005D7
__Hspace_2                                                (abs)        000000
__Hspace_4                                                (abs)        600024
__Hstack                                                  stack        000000
__Hstruct                                                 struct       000000
__Htemp                                                   temp         000000
__Htext                                                   text         000000
__Htext0                                                  text0        000000
__Htext1                                                  text1        000000
__Htext10                                                 text10       000000
__Htext11                                                 text11       000000
__Htext12                                                 text12       000000
__Htext13                                                 text13       000000
__Htext14                                                 text14       000000
__Htext15                                                 text15       000000
__Htext16                                                 text16       000000
__Htext17                                                 text17       000000
__Htext18                                                 text18       000000
__Htext19                                                 text19       000000
__Htext2                                                  text2        000000
__Htext20                                                 text20       000000
__Htext21                                                 text21       000000
__Htext22                                                 text22       000000
__Htext23                                                 text23       000000
__Htext24                                                 text24       000000
__Htext25                                                 text25       000000
__Htext26                                                 text26       000000
__Htext27                                                 text27       000000
__Htext28                                                 text28       000000
__Htext29                                                 text29       000000
__Htext3                                                  text3        000000
__Htext30                                                 text30       000000
__Htext31                                                 text31       000000
__Htext32                                                 text32       000000
__Htext33                                                 text33       000000
__Htext34                                                 text34       000000
__Htext35                                                 text35       000000
__Htext36                                                 text36       000000
__Htext37                                                 text37       000000
__Htext38                                                 text38       000000
__Htext39                                                 text39       000000
__Htext4                                                  text4        000000
__Htext40                                                 text40       000000
__Htext41                                                 text41       000000
__Htext42                                                 text42       000000
__Htext43                                                 text43       000000
__Htext44                                                 text44       000000
__Htext45                                                 text45       000000
__Htext46                                                 text46       000000
__Htext47                                                 text47       000000
__Htext48                                                 text48       000000
__Htext49                                                 text49       000000
__Htext5                                                  text5        000000
__Htext50                                                 text50       000000
__Htext51                                                 text51       000000
__Htext52                                                 text52       000000
__Htext53                                                 text53       000000
__Htext54                                                 text54       000000
__Htext55                                                 text55       000000
__Htext56                                                 text56       000000
__Htext57                                                 text57       000000
__Htext58                                                 text58       000000
__Htext59                                                 text59       000000
__Htext6                                                  text6        000000
__Htext60                                                 text60       000000
__Htext61                                                 text61       000000
__Htext62                                                 text62       000000
__Htext63                                                 text63       000000
__Htext64                                                 text64       000000
__Htext65                                                 text65       000000
__Htext66                                                 text66       000000
__Htext67                                                 text67       000000
__Htext68                                                 text68       000000
__Htext69                                                 text69       000000
__Htext7                                                  text7        000000
__Htext70                                                 text70       000000
__Htext71                                                 text71       000000
__Htext72                                                 text72       000000
__Htext73                                                 text73       000000
__Htext8                                                  text8        000000
__Htext9                                                  text9        000000
__LRAM                                                    (abs)        000001
__Labs1                                                   abs1         000000
__Lbank10                                                 bank10       000000
__Lbank11                                                 bank11       000000
__Lbank12                                                 bank12       000000
__Lbank13                                                 bank13       000000
__Lbank14                                                 bank14       000000
__Lbank15                                                 bank15       000000
__Lbank16                                                 bank16       000000
__Lbank17                                                 bank17       000000
__Lbank18                                                 bank18       000000
__Lbank19                                                 bank19       000000
__Lbank20                                                 bank20       000000
__Lbank21                                                 bank21       000000
__Lbank22                                                 bank22       000000
__Lbank23                                                 bank23       000000
__Lbank24                                                 bank24       000000
__Lbank25                                                 bank25       000000
__Lbank26                                                 bank26       000000
__Lbank27                                                 bank27       000000
__Lbank28                                                 bank28       000000
__Lbank29                                                 bank29       000000
__Lbank30                                                 bank30       000000
__Lbank31                                                 bank31       000000
__Lbank32                                                 bank32       000000
__Lbank33                                                 bank33       000000
__Lbank34                                                 bank34       000000
__Lbank35                                                 bank35       000000
__Lbank36                                                 bank36       000000
__Lbank37                                                 bank37       000000
__Lbank5                                                  bank5        000000
__Lbank6                                                  bank6        000000
__Lbank7                                                  bank7        000000
__Lbank8                                                  bank8        000000
__Lbank9                                                  bank9        000000
__Lbigbss                                                 bigbss       000000
__Lbigdata                                                bigdata      000000
__Lbigram                                                 bigram       000000
__Lbss                                                    bss          000000
__LbssBANK5                                               bssBANK5     000000
__LbssCOMRAM                                              bssCOMRAM    000000
__Lcinit                                                  cinit        000000
__Lclrtext                                                clrtext      000000
__Lcomram                                                 comram       000000
__Lconfig                                                 config       000000
__Lconst                                                  const        000000
__LcstackBANK5                                            cstackBANK5  000000
__LcstackCOMRAM                                           cstackCOMRAM 000000
__Ldata                                                   data         000000
__LdataBANK5                                              dataBANK5    000000
__Leeprom_data                                            eeprom_data  000000
__Lfarbss                                                 farbss       000000
__Lfardata                                                fardata      000000
__Libigdata                                               ibigdata     000000
__Lidata                                                  idata        000000
__LidataBANK5                                             idataBANK5   000000
__Lidloc                                                  idloc        000000
__Lifardata                                               ifardata     000000
__Linit                                                   init         00001A
__Lintsave_regs                                           intsave_regs 000000
__Lirdata                                                 irdata       000000
__Livt0x8                                                 ivt0x8       000008
__Lmediumconst                                            mediumconst  000000
__LnvBANK5                                                nvBANK5      000000
__LnvCOMRAM                                               nvCOMRAM     000000
__LnvFARRAM                                               nvFARRAM     000000
__Lnvbit                                                  nvbit        000000
__Lnvrram                                                 nvrram       000000
__Lparam                                                  rparam       000000
__Lpowerup                                                powerup      000000
__Lram                                                    ram          000000
__Lramtop                                                 ramtop       002600
__Lrbit                                                   rbit         000000
__Lrbss                                                   rbss         000000
__Lrdata                                                  rdata        000000
__Lreset_vec                                              reset_vec    000000
__Lrparam                                                 rparam       000000
__Lsfr                                                    sfr          000000
__Lsmallconst                                             smallconst   002600
__Lspace_0                                                (abs)        000000
__Lspace_1                                                (abs)        000000
__Lspace_2                                                (abs)        000000
__Lspace_4                                                (abs)        000000
__Lstack                                                  stack        000000
__Lstruct                                                 struct       000000
__Ltemp                                                   temp         000000
__Ltext                                                   text         000000
__Ltext0                                                  text0        000000
__Ltext1                                                  text1        000000
__Ltext10                                                 text10       000000
__Ltext11                                                 text11       000000
__Ltext12                                                 text12       000000
__Ltext13                                                 text13       000000
__Ltext14                                                 text14       000000
__Ltext15                                                 text15       000000
__Ltext16                                                 text16       000000
__Ltext17                                                 text17       000000
__Ltext18                                                 text18       000000
__Ltext19                                                 text19       000000
__Ltext2                                                  text2        000000
__Ltext20                                                 text20       000000
__Ltext21                                                 text21       000000
__Ltext22                                                 text22       000000
__Ltext23                                                 text23       000000
__Ltext24                                                 text24       000000
__Ltext25                                                 text25       000000
__Ltext26                                                 text26       000000
__Ltext27                                                 text27       000000
__Ltext28                                                 text28       000000
__Ltext29                                                 text29       000000
__Ltext3                                                  text3        000000
__Ltext30                                                 text30       000000
__Ltext31                                                 text31       000000
__Ltext32                                                 text32       000000
__Ltext33                                                 text33       000000
__Ltext34                                                 text34       000000
__Ltext35                                                 text35       000000
__Ltext36                                                 text36       000000
__Ltext37                                                 text37       000000
__Ltext38                                                 text38       000000
__Ltext39                                                 text39       000000
__Ltext4                                                  text4        000000
__Ltext40                                                 text40       000000
__Ltext41                                                 text41       000000
__Ltext42                                                 text42       000000
__Ltext43                                                 text43       000000
__Ltext44                                                 text44       000000
__Ltext45                                                 text45       000000
__Ltext46                                                 text46       000000
__Ltext47                                                 text47       000000
__Ltext48                                                 text48       000000
__Ltext49                                                 text49       000000
__Ltext5                                                  text5        000000
__Ltext50                                                 text50       000000
__Ltext51                                                 text51       000000
__Ltext52                                                 text52       000000
__Ltext53                                                 text53       000000
__Ltext54                                                 text54       000000
__Ltext55                                                 text55       000000
__Ltext56                                                 text56       000000
__Ltext57                                                 text57       000000
__Ltext58                                                 text58       000000
__Ltext59                                                 text59       000000
__Ltext6                                                  text6        000000
__Ltext60                                                 text60       000000
__Ltext61                                                 text61       000000
__Ltext62                                                 text62       000000
__Ltext63                                                 text63       000000
__Ltext64                                                 text64       000000
__Ltext65                                                 text65       000000
__Ltext66                                                 text66       000000
__Ltext67                                                 text67       000000
__Ltext68                                                 text68       000000
__Ltext69                                                 text69       000000
__Ltext7                                                  text7        000000
__Ltext70                                                 text70       000000
__Ltext71                                                 text71       000000
__Ltext72                                                 text72       000000
__Ltext73                                                 text73       000000
__Ltext8                                                  text8        000000
__Ltext9                                                  text9        000000
__S0                                                      (abs)        003966
__S1                                                      (abs)        0005D7
__S2                                                      (abs)        000000
__S4                                                      (abs)        000000
__S5                                                      (abs)        000000
___inthi_sp                                               stack        000000
___intlo_sp                                               stack        000000
___lldiv                                                  text42       002FFC
___lldiv@counter                                          cstackCOMRAM 00050D
___lldiv@dividend                                         cstackCOMRAM 000501
___lldiv@divisor                                          cstackCOMRAM 000505
___lldiv@quotient                                         cstackCOMRAM 000509
___lmul                                                   text41       0032BE
___lmul@multiplicand                                      cstackCOMRAM 000505
___lmul@multiplier                                        cstackCOMRAM 000501
___lmul@product                                           cstackCOMRAM 000509
___param_bank                                             (abs)        000000
___rparam_used                                            (abs)        000001
___sp                                                     stack        000000
__accesstop                                               (abs)        000560
__activetblptr                                            (abs)        000003
__end_of_ADC_Initialize                                   text29       002FFC
__end_of_ADC_SetADIInterruptHandler                       text32       00393A
__end_of_ADC_SetActiveClockTuningInterruptHandler         text31       003930
__end_of_ADC_SetContext1ThresholdInterruptHandler         text30       003926
__end_of_CAN1_BitRateConfiguration                        text28       00389E
__end_of_CAN1_ErrorNotificationInterruptEnable            text20       003246
__end_of_CAN1_ISR                                         text65       002BAA
__end_of_CAN1_Initialize                                  text13       0033DA
__end_of_CAN1_IsBusOff                                    text56       003862
__end_of_CAN1_IsTxErrorActive                             text54       0037DA
__end_of_CAN1_IsTxErrorPassive                            text55       00384C
__end_of_CAN1_IsTxErrorWarning                            text53       003836
__end_of_CAN1_OperationModeGet                            text19       0038D6
__end_of_CAN1_OperationModeSet                            text18       003138
__end_of_CAN1_RX_FIFO_Configuration                       text17       00388A
__end_of_CAN1_RX_FIFO_FilterMaskConfiguration             text16       003952
__end_of_CAN1_RX_FIFO_ResetInfo                           text15       0035F4
__end_of_CAN1_SetBusErrorInterruptHandler                 text27       00391C
__end_of_CAN1_SetBusWakeUpActivityInterruptHandler        text26       003912
__end_of_CAN1_SetInvalidMessageInterruptHandler           text25       003908
__end_of_CAN1_SetModeChangeInterruptHandler               text24       0038FE
__end_of_CAN1_SetRxBufferOverFlowInterruptHandler         text23       0038F4
__end_of_CAN1_SetSystemErrorInterruptHandler              text22       0038EA
__end_of_CAN1_SetTxAttemptInterruptHandler                text21       0038E0
__end_of_CAN1_TX_FIFO_Configuration                       text14       003876
__end_of_CAN1_Transmit                                    text46       0031CC
__end_of_CAN1_TransmitFIFOStatusGet                       text45       003778
__end_of_CANWriteMessage                                  text44       002CD6
__end_of_DELAY_milliseconds                               text34       0035C6
__end_of_DLC_BYTES                                        smallconst   002630
__end_of_DefaultBusErrorHandler                           text72       003966
__end_of_DefaultBusWakeUpActivityHandler                  text71       003964
__end_of_DefaultInvalidMessageHandler                     text70       003962
__end_of_DefaultModeChangeHandler                         text69       003960
__end_of_DefaultRxBufferOverflowHandler                   text68       00395E
__end_of_DefaultSystemErrorHandler                        text67       00395C
__end_of_DefaultTxAttemptHandler                          text66       00395A
__end_of_EXT_INT_Initialize                               text11       003820
__end_of_FIFO                                             smallconst   002632
__end_of_GetTxFifoStatus                                  text52       00380A
__end_of_I2C1_Initialize                                  text10       0036D6
__end_of_INT0_CallBack                                    text61       003592
__end_of_INT0_DefaultInterruptHandler                     text64       003958
__end_of_INT0_ISR                                         text60       00394C
__end_of_INT0_SetInterruptHandler                         text12       0038CC
__end_of_INTERRUPT_Initialize                             text9        003950
__end_of_INTERRUPT_InterruptManager                       text35       002F4A
__end_of_MESSAGESSendEvery100ms                           text43       002DB0
__end_of_OSCILLATOR_Initialize                            text8        0037F2
__end_of_PARAMETERSInit                                   text33       00379E
__end_of_PIN_MANAGER_Initialize                           text7        0032BE
__end_of_PMD_Initialize                                   text6        003750
__end_of_ReluctorCountTeeth                               text63       0038AE
__end_of_ReluctorFreqRead                                 text40       002A54
__end_of_ReluctorPosCount                                 text62       003526
__end_of_SYSTEM_Initialize                                text1        0036AA
__end_of_TMR0_CallBack                                    text58       00367E
__end_of_TMR0_DefaultInterruptHandler                     text59       003956
__end_of_TMR0_ISR                                         text57       003700
__end_of_TMR0_Initialize                                  text4        003728
__end_of_TMR0_SetInterruptHandler                         text5        0038C2
__end_of_TMR1_CallBack                                    text38       003650
__end_of_TMR1_DefaultInterruptHandler                     text39       003954
[...]
                  1    wreg      void 
 Registers used:
		None
 Tracked objects:
		On entry : 
		On exit  : 
		Unchanged: 
 Data sizes:     COMRAM   BANK5   BANK6   BANK7   BANK8   BANK9  BANK10  BANK11  BANK12  BANK13  BANK14  BANK15  BANK16  BANK17  BANK18  BANK19  BANK20  BANK21  BANK22  BANK23  BANK24  BANK25  BANK26  BANK27  BANK28  BANK29  BANK30  BANK31  BANK32  BANK33  BANK34  BANK35  BANK36  BANK37
      Params:         0       0       0       0       0       0       0       0       0       0       0       0       0       0       0       0       0       0       0       0       0       0       0       0       0       0       0       0       0       0       0       0       0       0
      Locals:         0       0       0       0       0       0       0       0       0       0       0       0       0       0       0       0       0       0       0       0       0       0       0       0       0       0       0       0       0       0       0       0       0       0
      Temps:          0       0       0       0       0       0       0       0       0       0       0       0       0       0       0       0       0       0       0       0       0       0       0       0       0       0       0       0       0       0       0       0       0       0
      Totals:         0       0       0       0       0       0       0       0       0       0       0       0       0       0       0       0       0       0       0       0       0       0       0       0       0       0       0       0       0       0       0       0       0       0
Total ram usage:        0 bytes
 Hardware stack levels used:    1
 This function calls:
		Nothing
 This function is called by:
		_CAN1_ErrorNotificationInterruptEnable
		_CAN1_ISR
 This function uses a non-reentrant model


 *************** function _DefaultSystemErrorHandler *****************
 Defined at:
		line 137 in file "mcc_generated_files/can1.c"
 Parameters:    Size  Location     Type
		None
 Auto vars:     Size  Location     Type
		None
 Return value:  Size  Location     Type
                  1    wreg      void 
 Registers used:
		None
 Tracked objects:
		On entry : 
		On exit  : 
		Unchanged: 
 Data sizes:     COMRAM   BANK5   BANK6   BANK7   BANK8   BANK9  BANK10  BANK11  BANK12  BANK13  BANK14  BANK15  BANK16  BANK17  BANK18  BANK19  BANK20  BANK21  BANK22  BANK23  BANK24  BANK25  BANK26  BANK27  BANK28  BANK29  BANK30  BANK31  BANK32  BANK33  BANK34  BANK35  BANK36  BANK37
      Params:         0       0       0       0       0       0       0       0       0       0       0       0       0       0       0       0       0       0       0       0       0       0       0       0       0       0       0       0       0       0       0       0       0       0
      Locals:         0       0       0       0       0       0       0       0       0       0       0       0       0       0       0       0       0       0       0       0       0       0       0       0       0       0       0       0       0       0       0       0       0       0
      Temps:          0       0       0       0       0       0       0       0       0       0       0       0       0       0       0       0       0       0       0       0       0       0       0       0       0       0       0       0       0       0       0       0       0       0
      Totals:         0       0       0       0       0       0       0       0       0       0       0       0       0       0       0       0       0       0       0       0       0       0       0       0       0       0       0       0       0       0       0       0       0       0
Total ram usage:        0 bytes
 Hardware stack levels used:    1
 This function calls:
		Nothing
 This function is called by:
		_CAN1_ErrorNotificationInterruptEnable
		_CAN1_ISR
 This function uses a non-reentrant model


 *************** function _DefaultRxBufferOverflowHandler *****************
 Defined at:
		line 145 in file "mcc_generated_files/can1.c"
 Parameters:    Size  Location     Type
		None
 Auto vars:     Size  Location     Type
		None
 Return value:  Size  Location     Type
                  1    wreg      void 
 Registers used:
		None
 Tracked objects:
		On entry : 
		On exit  : 
		Unchanged: 
 Data sizes:     COMRAM   BANK5   BANK6   BANK7   BANK8   BANK9  BANK10  BANK11  BANK12  BANK13  BANK14  BANK15  BANK16  BANK17  BANK18  BANK19  BANK20  BANK21  BANK22  BANK23  BANK24  BANK25  BANK26  BANK27  BANK28  BANK29  BANK30  BANK31  BANK32  BANK33  BANK34  BANK35  BANK36  BANK37
      Params:         0       0       0       0       0       0       0       0       0       0       0       0       0       0       0       0       0       0       0       0       0       0       0       0       0       0       0       0       0       0       0       0       0       0
      Locals:         0       0       0       0       0       0       0       0       0       0       0       0       0       0       0       0       0       0       0       0       0       0       0       0       0       0       0       0       0       0       0       0       0       0
      Temps:          0       0       0       0       0       0       0       0       0       0       0       0       0       0       0       0       0       0       0       0       0       0       0       0       0       0       0       0       0       0       0       0       0       0
      Totals:         0       0       0       0       0       0       0       0       0       0       0       0       0       0       0       0       0       0       0       0       0       0       0       0       0       0       0       0       0       0       0       0       0       0
Total ram usage:        0 bytes
 Hardware stack levels used:    1
 This function calls:
		Nothing
 This function is called by:
		_CAN1_ErrorNotificationInterruptEnable
		_CAN1_ISR
 This function uses a non-reentrant model


 *************** function _DefaultModeChangeHandler *****************
 Defined at:
		line 133 in file "mcc_generated_files/can1.c"
 Parameters:    Size  Location     Type
		None
 Auto vars:     Size  Location     Type
		None
 Return value:  Size  Location     Type
                  1    wreg      void 
 Registers used:
		None
 Tracked objects:
		On entry : 
		On exit  : 
		Unchanged: 
 Data sizes:     COMRAM   BANK5   BANK6   BANK7   BANK8   BANK9  BANK10  BANK11  BANK12  BANK13  BANK14  BANK15  BANK16  BANK17  BANK18  BANK19  BANK20  BANK21  BANK22  BANK23  BANK24  BANK25  BANK26  BANK27  BANK28  BANK29  BANK30  BANK31  BANK32  BANK33  BANK34  BANK35  BANK36  BANK37
      Params:         0       0       0       0       0       0       0       0       0       0       0       0       0       0       0       0       0       0       0       0       0       0       0       0       0       0       0       0       0       0       0       0       0       0
      Locals:         0       0       0       0       0       0       0       0       0       0       0       0       0       0       0       0       0       0       0       0       0       0       0       0       0       0       0       0       0       0       0       0       0       0
      Temps:          0       0       0       0       0       0       0       0       0       0       0       0       0       0       0       0       0       0       0       0       0       0       0       0       0       0       0       0       0       0       0       0       0       0
      Totals:         0       0       0       0       0       0       0       0       0       0       0       0       0       0       0       0       0       0       0       0       0       0       0       0       0       0       0       0       0       0       0       0       0       0
Total ram usage:        0 bytes
 Hardware stack levels used:    1
 This function calls:
		Nothing
 This function is called by:
		_CAN1_ErrorNotificationInterruptEnable
		_CAN1_ISR
 This function uses a non-reentrant model


 *************** function _DefaultInvalidMessageHandler *****************
 Defined at:
		line 121 in file "mcc_generated_files/can1.c"
 Parameters:    Size  Location     Type
		None
 Auto vars:     Size  Location     Type
		None
 Return value:  Size  Location     Type
                  1    wreg      void 
 Registers used:
		None
 Tracked objects:
		On entry : 
		On exit  : 
		Unchanged: 
 Data sizes:     COMRAM   BANK5   BANK6   BANK7   BANK8   BANK9  BANK10  BANK11  BANK12  BANK13  BANK14  BANK15  BANK16  BANK17  BANK18  BANK19  BANK20  BANK21  BANK22  BANK23  BANK24  BANK25  BANK26  BANK27  BANK28  BANK29  BANK30  BANK31  BANK32  BANK33  BANK34  BANK35  BANK36  BANK37
      Params:         0       0       0       0       0       0       0       0       0       0       0       0       0       0       0       0       0       0       0       0       0       0       0       0       0       0       0       0       0       0       0       0       0       0
      Locals:         0       0       0       0       0       0       0       0       0       0       0       0       0       0       0       0       0       0       0       0       0       0       0       0       0       0       0       0       0       0       0       0       0       0
      Temps:          0       0       0       0       0       0       0       0       0       0       0       0       0       0       0       0       0       0       0       0       0       0       0       0       0       0       0       0       0       0       0       0       0       0
      Totals:         0       0       0       0       0       0       0       0       0       0       0       0       0       0       0       0       0       0       0       0       0       0       0       0       0       0       0       0       0       0       0       0       0       0
Total ram usage:        0 bytes
 Hardware stack levels used:    1
 This function calls:
		Nothing
 This function is called by:
		_CAN1_ErrorNotificationInterruptEnable
		_CAN1_ISR
 This function uses a non-reentrant model


 *************** function _DefaultBusWakeUpActivityHandler *****************
 Defined at:
		line 125 in file "mcc_generated_files/can1.c"
 Parameters:    Size  Location     Type
		None
 Auto vars:     Size  Location     Type
		None
 Return value:  Size  Location     Type
                  1    wreg      void 
 Registers used:
		None
 Tracked objects:
		On entry : 
		On exit  : 
		Unchanged: 
 Data sizes:     COMRAM   BANK5   BANK6   BANK7   BANK8   BANK9  BANK10  BANK11  BANK12  BANK13  BANK14  BANK15  BANK16  BANK17  BANK18  BANK19  BANK20  BANK21  BANK22  BANK23  BANK24  BANK25  BANK26  BANK27  BANK28  BANK29  BANK30  BANK31  BANK32  BANK33  BANK34  BANK35  BANK36  BANK37
      Params:         0       0       0       0       0       0       0       0       0       0       0       0       0       0       0       0       0       0       0       0       0       0       0       0       0       0       0       0       0       0       0       0       0       0
      Locals:         0       0       0       0       0       0       0       0       0       0       0       0       0       0       0       0       0       0       0       0       0       0       0       0       0       0       0       0       0       0       0       0       0       0
      Temps:          0       0       0       0       0       0       0       0       0       0       0       0       0       0       0       0       0       0       0       0       0       0       0       0       0       0       0       0       0       0       0       0       0       0
      Totals:         0       0       0       0       0       0       0       0       0       0       0       0       0       0       0       0       0       0       0       0       0       0       0       0       0       0       0       0       0       0       0       0       0       0
Total ram usage:        0 bytes
 Hardware stack levels used:    1
 This function calls:
		Nothing
 This function is called by:
		_CAN1_ErrorNotificationInterruptEnable
		_CAN1_ISR
 This function uses a non-reentrant model


 *************** function _DefaultBusErrorHandler *****************
 Defined at:
		line 129 in file "mcc_generated_files/can1.c"
 Parameters:    Size  Location     Type
		None
 Auto vars:     Size  Location     Type
		None
 Return value:  Size  Location     Type
                  1    wreg      void 
 Registers used:
		None
 Tracked objects:
		On entry : 
		On exit  : 
		Unchanged: 
 Data sizes:     COMRAM   BANK5   BANK6   BANK7   BANK8   BANK9  BANK10  BANK11  BANK12  BANK13  BANK14  BANK15  BANK16  BANK17  BANK18  BANK19  BANK20  BANK21  BANK22  BANK23  BANK24  BANK25  BANK26  BANK27  BANK28  BANK29  BANK30  BANK31  BANK32  BANK33  BANK34  BANK35  BANK36  BANK37
      Params:         0       0       0       0       0       0       0       0       0       0       0       0       0       0       0       0       0       0       0       0       0       0       0       0       0       0       0       0       0       0       0       0       0       0
      Locals:         0       0       0       0       0       0       0       0       0       0       0       0       0       0       0       0       0       0       0       0       0       0       0       0       0       0       0       0       0       0       0       0       0       0
      Temps:          0       0       0       0       0       0       0       0       0       0       0       0       0       0       0       0       0       0       0       0       0       0       0       0       0       0       0       0       0       0       0       0       0       0
      Totals:         0       0       0       0       0       0       0       0       0       0       0       0       0       0       0       0       0       0       0       0       0       0       0       0       0       0       0       0       0       0       0       0       0       0
Total ram usage:        0 bytes
 Hardware stack levels used:    1
 This function calls:
		Nothing
 This function is called by:
		_CAN1_ErrorNotificationInterruptEnable
		_CAN1_ISR
 This function uses a non-reentrant model



MODULE INFORMATION

Module		Function		Class		Link	Load	Size
MESSAGES.C
		_CANWriteMessage		CODE           	2BAA	0000	300
		_MESSAGESSendEvery100ms		CODE           	2CD6	0000	218

MESSAGES.C estimated size: 518

mcc_generated_files/can1.c
		_ValidateTransmission		CODE           	2DB0	0000	216
		_CAN1_IsTxErrorPassive		CODE           	3836	0000	22
		_CAN1_BitRateConfiguration		CODE           	388A	0000	20
		_CAN1_SetTxAttemptInterruptHandler		CODE           	38D6	0000	10
		_CAN1_SetInvalidMessageInterruptHandler		CODE           	38FE	0000	10
		_CAN1_TX_FIFO_Configuration		CODE           	3862	0000	20
		_CAN1_ISR      		CODE           	2A54	0000	342
		_DefaultBusErrorHandler		CODE           	3964	0000	2
		_CAN1_OperationModeGet		CODE           	38CC	0000	10
		_CAN1_IsBusOff 		CODE           	384C	0000	22
		_CAN1_Initialize		CODE           	3382	0000	88
		_DefaultInvalidMessageHandler		CODE           	3960	0000	2
		_DefaultBusWakeUpActivityHandler		CODE           	3962	0000	2
		_CAN1_TransmitFIFOStatusGet		CODE           	3750	0000	40
		_CAN1_Transmit 		CODE           	3138	0000	148
		_CAN1_RX_FIFO_FilterMaskConfiguration		CODE           	3950	0000	2
		_CAN1_RX_FIFO_Configuration		CODE           	3876	0000	20
		_CAN1_IsTxErrorActive		CODE           	37C0	0000	26
		_CAN1_SetBusErrorInterruptHandler		CODE           	3912	0000	10
		_CAN1_SetSystemErrorInterruptHandler		CODE           	38E0	0000	10
		_DefaultSystemErrorHandler		CODE           	395A	0000	2
		_CAN1_IsTxErrorWarning		CODE           	3820	0000	22
		_isTxChannel   		CODE           	34AC	0000	62
		_GetTxFifoStatus		CODE           	37F2	0000	24
		_WriteMessageToFifo		CODE           	2634	0000	582
		_DefaultRxBufferOverflowHandler		CODE           	395C	0000	2
		_CAN1_ErrorNotificationInterruptEnable		CODE           	31CC	0000	122
		_CAN1_SetBusWakeUpActivityInterruptHandler		CODE           	3908	0000	10
		_CAN1_SetRxBufferOverFlowInterruptHandler		CODE           	38EA	0000	10
		_CAN1_RX_FIFO_ResetInfo		CODE           	35C6	0000	46
		_CAN1_OperationModeSet		CODE           	30A0	0000	152
		_CAN1_SetModeChangeInterruptHandler		CODE           	38F4	0000	10
		_DefaultTxAttemptHandler		CODE           	3958	0000	2
		_DefaultModeChangeHandler		CODE           	395E	0000	2

mcc_generated_files/can1.c estimated size: 2070

PARAMETERS.c
		_PARAMETERSInit		CODE           	3778	0000	38

PARAMETERS.c estimated size: 38

C:\Program Files\Microchip\xc8\v2.31\pic\sources\c99\common\Umul32.c
		___lmul        		CODE           	32BE	0000	106

C:\Program Files\Microchip\xc8\v2.31\pic\sources\c99\common\Umul32.c estimated size: 106

mcc_generated_files/i2c1_master.c
		_I2C1_Initialize		CODE           	36AA	0000	44

mcc_generated_files/i2c1_master.c estimated size: 44

mcc_generated_files/interrupt_manager.c
		_INTERRUPT_Initialize		CODE           	394C	0000	4
		_INTERRUPT_InterruptManager		CODE           	2E88	0000	194

mcc_generated_files/interrupt_manager.c estimated size: 198

mcc_generated_files/tmr0.c
		_TMR0_SetInterruptHandler		CODE           	38B8	0000	10
		_TMR0_DefaultInterruptHandler		CODE           	3954	0000	2
		_TMR0_CallBack 		CODE           	3650	0000	46
		_TMR0_ISR      		CODE           	36D6	0000	42
		_TMR0_Initialize		CODE           	3700	0000	40

mcc_generated_files/tmr0.c estimated size: 140

mcc_generated_files/pin_manager.c
		_PIN_MANAGER_Initialize		CODE           	3246	0000	120

mcc_generated_files/pin_manager.c estimated size: 120

mcc_generated_files/adc.c
		_ADC_Initialize		CODE           	2F4A	0000	178
		_ADC_SetActiveClockTuningInterruptHandler		CODE           	3926	0000	10
		_ADC_SetADIInterruptHandler		CODE           	3930	0000	10
		_ADC_SetContext1ThresholdInterruptHandler		CODE           	391C	0000	10

mcc_generated_files/adc.c estimated size: 208

reluctor.c
		_ReluctorFreqRead		CODE           	287A	0000	474
		_ReluctorPosCount		CODE           	34EA	0000	60
		_ReluctorCountTeeth		CODE           	389E	0000	16

reluctor.c estimated size: 550

mcc_generated_files/ext_int.c
		_INT0_SetInterruptHandler		CODE           	38C2	0000	10
		_EXT_INT_Initialize		CODE           	380A	0000	22
		_INT0_DefaultInterruptHandler		CODE           	3956	0000	2
		_INT0_CallBack 		CODE           	355C	0000	54
		_INT0_ISR      		CODE           	3944	0000	8

mcc_generated_files/ext_int.c estimated size: 96

shared
		_FIFO          		SMALLCONST     	0000	0000	0
		_DLC_BYTES     		SMALLCONST     	2627	0000	9
		__initialization		CODE           	33DA	0000	70
		_i2c1_fsmStateTable		SMALLCONST     	2601	0000	38
		i2_CAN1_OperationModeGet		CODE           	393A	0000	10

shared estimated size: 127

mcc_generated_files/mcc.c
		_PMD_Initialize		CODE           	3728	0000	40
		_OSCILLATOR_Initialize		CODE           	37DA	0000	24
		_SYSTEM_Initialize		CODE           	367E	0000	44

mcc_generated_files/mcc.c estimated size: 108

mcc_generated_files/tmr1.c
		_TMR1_Initialize		CODE           	3426	0000	72
		_TMR1_SetInterruptHandler		CODE           	38AE	0000	10
		_TMR1_DefaultInterruptHandler		CODE           	3952	0000	2
		_TMR1_CallBack 		CODE           	3622	0000	46
		_TMR1_WriteTimer		CODE           	35F4	0000	46
		_TMR1_ISR      		CODE           	346E	0000	62

mcc_generated_files/tmr1.c estimated size: 238

C:\Program Files\Microchip\xc8\v2.31\pic\sources\c99\common\memcpy.c
		_memcpy        		CODE           	3328	0000	90

C:\Program Files\Microchip\xc8\v2.31\pic\sources\c99\common\memcpy.c estimated size: 90

mcc_generated_files/delay.c
		_DELAY_milliseconds		CODE           	3592	0000	52

mcc_generated_files/delay.c estimated size: 52

main.c
		_main          		CODE           	3526	0000	54

main.c estimated size: 54

C:\Program Files\Microchip\xc8\v2.31\pic\sources\c99\common\__lldiv.c
		___lldiv       		CODE           	2FFC	0000	164

C:\Program Files\Microchip\xc8\v2.31\pic\sources\c99\common\__lldiv.c estimated size: 164

