Microchip MPLAB XC8 Compiler V2.32

Linker command line:

-W-3 --edf=C:\Program Files\Microchip\xc8\v2.32\pic\dat\en_msgs.txt \
  -pivt0x8=08h -cn -h+dist/default/debug\SEN.X.debug.sym \
  --cmf=dist/default/debug\SEN.X.debug.cmf -z -Q18F26Q84 \
  -oC:\Users\ruben\AppData\Local\Temp\xcAsmqs.4 --defsym=__MPLAB_BUILD=1 \
  -Mdist/default/debug/SEN.X.debug.map -E1 -ver=XC8 Compiler --acfsm=1493 \
  -ASTACK=0560h-025FFh -pstack=STACK -ACODE=00h-0FFFFh -ACONST=00h-0FFFFh \
  -ASMALLCONST=02600h-026FFhx218 -AMEDIUMCONST=02600h-0FFFFh \
  -ACOMRAM=0501h-055Fh -AABS1=0500h-025FFh -ABIGRAM=0501h-025FFh \
  -ARAM=0560h-05FFh,0600h-06FFhx32 -ABANK5=0560h-05FFh -ABANK6=0600h-06FFh \
  -ABANK7=0700h-07FFh -ABANK8=0800h-08FFh -ABANK9=0900h-09FFh \
  -ABANK10=0A00h-0AFFh -ABANK11=0B00h-0BFFh -ABANK12=0C00h-0CFFh \
  -ABANK13=0D00h-0DFFh -ABANK14=0E00h-0EFFh -ABANK15=0F00h-0FFFh \
  -ABANK16=01000h-010FFh -ABANK17=01100h-011FFh -ABANK18=01200h-012FFh \
  -ABANK19=01300h-013FFh -ABANK20=01400h-014FFh -ABANK21=01500h-015FFh \
  -ABANK22=01600h-016FFh -ABANK23=01700h-017FFh -ABANK24=01800h-018FFh \
  -ABANK25=01900h-019FFh -ABANK26=01A00h-01AFFh -ABANK27=01B00h-01BFFh \
  -ABANK28=01C00h-01CFFh -ABANK29=01D00h-01DFFh -ABANK30=01E00h-01EFFh \
  -ABANK31=01F00h-01FFFh -ABANK32=02000h-020FFh -ABANK33=02100h-021FFh \
  -ABANK34=02200h-022FFh -ABANK35=02300h-023FFh -ABANK36=02400h-024FFh \
  -ABANK37=02500h-025FFh -ASFR=00h-0FFhx4,0400h-045Fh,0460h-04FFh \
  -ACONFIG=0300000h-0300023h -AIDLOC=0200000h-020001Fh \
  -AEEDATA=0380000h-03803FFh -peeprom_data=EEDATA -preset_vec=00h \
  -ppowerup=CODE,init -pramtop=02600h -psmallconst=SMALLCONST \
  -pmediumconst=MEDIUMCONST -pconst=CONST -AFARRAM=00h-00h \
  -prdata=COMRAM,nvrram=COMRAM,nvbit=COMRAM,rbss=COMRAM,rbit=COMRAM \
  -pfarbss=FARRAM,fardata=FARRAM,nvFARRAM=FARRAM \
  -pintsave_regs=BIGRAM,bigbss=BIGRAM,bigdata=BIGRAM -pbss=RAM \
  -pidata=CODE,irdata=CODE,ibigdata=CODE,ifardata=CODE -prparam=COMRAM \
  C:\Users\ruben\AppData\Local\Temp\xcAsmqs.o \
  dist/default/debug\SEN.X.debug.o 

Object code version is 3.11

Machine type is 18F26Q84



                Name                               Link     Load   Length Selector   Space Scale
C:\Users\ruben\AppData\Local\Temp\xcAsmqs.o
                idloc                            200000   200000       20        0       5
                config                           300000   300000       24        0       4
                init                                 1A       1A        4        4       0
                reset_vec                             0        0        4        0       0
dist/default/debug\SEN.X.debug.o
                idloc                            200000   200000       20        0       5
                config                           300000   300000       24        0       4
                smallconst                         2600     2600       34     1300       0
                ivt0x8                                8        8       12        4       0
                text29                             2AD4     2AD4        2     131A       0
                text28                             2984     2984       2C     131A       0
                text27                             2AC4     2AC4        8     131A       0
                text26                             2AD2     2AD2        2     131A       0
                text25                             2958     2958       2C     131A       0
                text24                             2ABC     2ABC        8     131A       0
                text23                             2AD0     2AD0        2     131A       0
                text22                             292C     292C       2C     131A       0
                text21                             2AB4     2AB4        8     131A       0
                text20                             27E8     27E8       6E     131A       0
                text19                             28D2     28D2       2E     131A       0
                text18                             2AAA     2AAA        A     131A       0
                text17                             2AA0     2AA0        A     131A       0
                text16                             2A96     2A96        A     131A       0
                text15                             2634     2634       AC     131A       0
                text14                             2A5A     2A5A       14     131A       0
                text13                             2A8C     2A8C        A     131A       0
                text12                             26E0     26E0       88     131A       0
                text11                             2856     2856       44     131A       0
                text10                             2A82     2A82        A     131A       0
                text9                              2A78     2A78        A     131A       0
                text8                              2A6E     2A6E        A     131A       0
                text7                              289A     289A       38     131A       0
                text6                              2900     2900       2C     131A       0
                text5                              2ACC     2ACC        4     131A       0
                text4                              2A42     2A42       18     131A       0
                text3                              2768     2768       80     131A       0
                text2                              29D8     29D8       28     131A       0
                text1                              2A00     2A00       22     131A       0
                text0                              29B0     29B0       28     131A       0
                cstackCOMRAM                        531      531        3      501       1
                bssCOMRAM                           501      501       24      501       1
                cinit                              2A22     2A22       20     131A       0
                nvCOMRAM                            525      525        C      501       1

TOTAL           Name                               Link     Load   Length     Space
        CLASS   STACK          

        CLASS   CODE           
                init                                 1A       1A        4         0
                reset_vec                             0        0        4         0
                ivt0x8                                8        8       12         0
                text29                             2AD4     2AD4        2         0
                text28                             2984     2984       2C         0
                text27                             2AC4     2AC4        8         0
                text26                             2AD2     2AD2        2         0
                text25                             2958     2958       2C         0
                text24                             2ABC     2ABC        8         0
                text23                             2AD0     2AD0        2         0
                text22                             292C     292C       2C         0
                text21                             2AB4     2AB4        8         0
                text20                             27E8     27E8       6E         0
                text19                             28D2     28D2       2E         0
                text18                             2AAA     2AAA        A         0
                text17                             2AA0     2AA0        A         0
                text16                             2A96     2A96        A         0
                text15                             2634     2634       AC         0
                text14                             2A5A     2A5A       14         0
                text13                             2A8C     2A8C        A         0
                text12                             26E0     26E0       88         0
                text11                             2856     2856       44         0
                text10                             2A82     2A82        A         0
                text9                              2A78     2A78        A         0
                text8                              2A6E     2A6E        A         0
                text7                              289A     289A       38         0
                text6                              2900     2900       2C         0
                text5                              2ACC     2ACC        4         0
                text4                              2A42     2A42       18         0
                text3                              2768     2768       80         0
                text2                              29D8     29D8       28         0
                text1                              2A00     2A00       22         0
                text0                              29B0     29B0       28         0
                cinit                              2A22     2A22       20         0

        CLASS   CONST          

        CLASS   SMALLCONST     
                smallconst                         2600     2600       34         0

        CLASS   MEDIUMCONST    

        CLASS   COMRAM         
                cstackCOMRAM                        531      531        3         1
                bssCOMRAM                           501      501       24         1
                nvCOMRAM                            525      525        C         1

        CLASS   ABS1           

        CLASS   BIGRAM         

        CLASS   RAM            

        CLASS   BANK5          

        CLASS   BANK6          

        CLASS   BANK7          

        CLASS   BANK8          

        CLASS   BANK9          

        CLASS   BANK10         

        CLASS   BANK11         

        CLASS   BANK12         

        CLASS   BANK13         

        CLASS   BANK14         

        CLASS   BANK15         

        CLASS   BANK16         

        CLASS   BANK17         

        CLASS   BANK18         

        CLASS   BANK19         

        CLASS   BANK20         

        CLASS   BANK21         

        CLASS   BANK22         

        CLASS   BANK23         

        CLASS   BANK24         

        CLASS   BANK25         

        CLASS   BANK26         

        CLASS   BANK27         

        CLASS   BANK28         

        CLASS   BANK29         

        CLASS   BANK30         

        CLASS   BANK31         

        CLASS   BANK32         

        CLASS   BANK33         

        CLASS   BANK34         

        CLASS   BANK35         

        CLASS   BANK36         

        CLASS   BANK37         

        CLASS   SFR            

        CLASS   CONFIG         
                config                           300000   300000       24         4

        CLASS   IDLOC          
                idloc                            200000   200000       20         5

        CLASS   EEDATA         

        CLASS   FARRAM         



SEGMENTS        Name                           Load    Length   Top    Selector   Space  Class

                reset_vec                      000000  000004  000004         0       0  CODE    
                ivt0x8                         000008  000016  00001E         4       0  CODE    
                bssCOMRAM                      000501  000033  000534       501       1  COMRAM  
                smallconst                     002600  000034  002634      1300       0  SMALLCON
                text15                         002634  0004A2  002AD6      131A       0  CODE    


UNUSED ADDRESS RANGES

        Name                Unused          Largest block    Delta
        BANK10           000A00-000AFF              100
        BANK11           000B00-000BFF              100
        BANK12           000C00-000CFF              100
        BANK13           000D00-000DFF              100
        BANK14           000E00-000EFF              100
        BANK15           000F00-000FFF              100
        BANK16           001000-0010FF              100
        BANK17           001100-0011FF              100
        BANK18           001200-0012FF              100
        BANK19           001300-0013FF              100
        BANK20           001400-0014FF              100
        BANK21           001500-0015FF              100
        BANK22           001600-0016FF              100
        BANK23           001700-0017FF              100
        BANK24           001800-0018FF              100
        BANK25           001900-0019FF              100
        BANK26           001A00-001AFF              100
        BANK27           001B00-001BFF              100
        BANK28           001C00-001CFF              100
        BANK29           001D00-001DFF              100
        BANK30           001E00-001EFF              100
        BANK31           001F00-001FFF              100
        BANK32           002000-0020FF              100
        BANK33           002100-0021FF              100
        BANK34           002200-0022FF              100
        BANK35           002300-0023FF              100
        BANK36           002400-0024FF              100
        BANK37           002500-0025FF              100
        BANK5            000560-0005FF               A0
        BANK6            000600-0006FF              100
        BANK7            000700-0007FF              100
        BANK8            000800-0008FF              100
        BANK9            000900-0009FF              100
        BIGRAM           000534-0025FF             20CC
        CODE             000004-000007                4
                         00001E-0025FF             25E2
                         002AD6-00FFFF             D52A
        COMRAM           000534-00055F               2C
        CONST            000004-000007                4
                         00001E-0025FF             25E2
                         002AD6-00FFFF             D52A
        EEDATA           380000-3803FF              400
        MEDIUMCONST      002AD6-00FFFF             D52A
        RAM              000560-0025FF              100
        SFR              000000-0004FF              100
        SMALLCONST       002AD6-00FFFF              100
        STACK            000560-0025FF             20A0

                                  Symbol Table

ADC_SetADIInterruptHandler@InterruptHandler               cstackCOMRAM 000531
ADC_SetActiveClockTuningInterruptHandler@InterruptHandler cstackCOMRAM 000531
ADC_SetContext1ThresholdInterruptHandler@InterruptHandler cstackCOMRAM 000531
CAN1_OperationModeSet@opMode                              cstackCOMRAM 000531
CAN1_OperationModeSet@requestMode                         cstackCOMRAM 000533
CAN1_OperationModeSet@status                              cstackCOMRAM 000532
DELAY_milliseconds@milliseconds                           cstackCOMRAM 000531
INT0_SetInterruptHandler@InterruptHandler                 cstackCOMRAM 000531
INT1_SetInterruptHandler@InterruptHandler                 cstackCOMRAM 000531
INT2_SetInterruptHandler@InterruptHandler                 cstackCOMRAM 000531
IVTBASEH                                                  (abs)        00045E
IVTBASEL                                                  (abs)        00045D
IVTBASEU                                                  (abs)        00045F
_ADACCH                                                   (abs)        0003E4
_ADACCL                                                   (abs)        0003E3
_ADACCU                                                   (abs)        0003E5
_ADACQH                                                   (abs)        0003EF
_ADACQL                                                   (abs)        0003EE
_ADACT                                                    (abs)        0003F9
_ADACTPPS                                                 (abs)        000269
_ADCAP                                                    (abs)        0003F0
_ADCLK                                                    (abs)        0003FA
_ADCNT                                                    (abs)        0003E6
_ADCON0                                                   (abs)        0003F3
_ADCON0bits                                               (abs)        0003F3
_ADCON1                                                   (abs)        0003F4
_ADCON1bits                                               (abs)        0003F4
_ADCON2                                                   (abs)        0003F5
_ADCON2bits                                               (abs)        0003F5
_ADCON3                                                   (abs)        0003F6
_ADCON3bits                                               (abs)        0003F6
_ADCP                                                     (abs)        0003D8
_ADCPbits                                                 (abs)        0003D8
_ADCSEL1                                                  (abs)        0003FC
_ADCSEL1bits                                              (abs)        0003FC
_ADCTX                                                    (abs)        0003FB
_ADC_ActiveClockTuning_ISR                                nvCOMRAM     00052B
_ADC_Context1Thereshld_ISR                                nvCOMRAM     00052D
_ADC_ConversionComplete_ISR                               nvCOMRAM     00052F
_ADC_DefaultADI_ISR                                       (abs)        000000
_ADC_DefaultActiveClockTuning_ISR                         (abs)        000000
_ADC_DefaultContext1Threshold_ISR                         (abs)        000000
_ADC_Initialize                                           text15       002634
_ADC_SetADIInterruptHandler                               text18       002AAA
_ADC_SetActiveClockTuningInterruptHandler                 text17       002AA0
_ADC_SetContext1ThresholdInterruptHandler                 text16       002A96
_ADERRH                                                   (abs)        0003DE
_ADERRL                                                   (abs)        0003DD
_ADFLTRH                                                  (abs)        0003E2
_ADFLTRL                                                  (abs)        0003E1
_ADLTHH                                                   (abs)        0003DA
_ADLTHL                                                   (abs)        0003D9
_ADPCH                                                    (abs)        0003EC
_ADPREH                                                   (abs)        0003F2
_ADPREL                                                   (abs)        0003F1
_ADPREVH                                                  (abs)        0003E9
_ADPREVL                                                  (abs)        0003E8
_ADREF                                                    (abs)        0003F8
_ADRESH                                                   (abs)        0003EB
_ADRESL                                                   (abs)        0003EA
_ADRPT                                                    (abs)        0003E7
_ADSTAT                                                   (abs)        0003F7
_ADSTATbits                                               (abs)        0003F7
_ADSTPTH                                                  (abs)        0003E0
_ADSTPTL                                                  (abs)        0003DF
_ADUTHH                                                   (abs)        0003DC
_ADUTHL                                                   (abs)        0003DB
_ANSELA                                                   (abs)        000400
_ANSELB                                                   (abs)        000408
_ANSELC                                                   (abs)        000410
_C1CONH                                                   (abs)        000101
_C1CONHbits                                               (abs)        000101
_C1CONL                                                   (abs)        000100
_C1CONTbits                                               (abs)        000103
_C1CONU                                                   (abs)        000102
_C1CONUbits                                               (abs)        000102
_C1FIFOBA                                                 (abs)        00014C
_C1INTHbits                                               (abs)        00011D
_C1INTTbits                                               (abs)        00011F
_C1NBTCFGH                                                (abs)        000105
_C1NBTCFGL                                                (abs)        000104
_C1NBTCFGT                                                (abs)        000107
_C1NBTCFGU                                                (abs)        000106
_C1TRECUbits                                              (abs)        000136
_CAN1_BitRateConfiguration                                text14       002A5A
_CAN1_Initialize                                          text11       002856
_CAN1_OperationModeGet                                    text13       002A8C
_CAN1_OperationModeSet                                    text12       0026E0
_CANRXPPS                                                 (abs)        00023D
_DELAY_milliseconds                                       text19       0028D2
_EXT_INT_Initialize                                       text7        00289A
_I2C1BAUD                                                 (abs)        00029D
_I2C1CLK                                                  (abs)        00029E
_I2C1CNTH                                                 (abs)        00028D
_I2C1CNTL                                                 (abs)        00028C
_I2C1CON0                                                 (abs)        000294
_I2C1CON0bits                                             (abs)        000294
_I2C1CON1                                                 (abs)        000295
_I2C1CON1bits                                             (abs)        000295
_I2C1CON2                                                 (abs)        000296
_I2C1ERR                                                  (abs)        000297
_I2C1ERRbits                                              (abs)        000297
_I2C1PIE                                                  (abs)        00029B
_I2C1PIEbits                                              (abs)        00029B
_I2C1PIR                                                  (abs)        00029A
_I2C1PIRbits                                              (abs)        00029A
_I2C1RXB                                                  (abs)        00028A
_I2C1SCLPPS                                               (abs)        000271
_I2C1SDAPPS                                               (abs)        000270
_I2C1STAT1bits                                            (abs)        000299
_I2C1TXB                                                  (abs)        00028B
_I2C1_CallbackReturnReset                                 (abs)        000000
_I2C1_CallbackReturnStop                                  (abs)        000000
_I2C1_DO_ADDRESS_NACK                                     (abs)        000000
_I2C1_DO_BUS_COLLISION                                    (abs)        000000
_I2C1_DO_BUS_ERROR                                        (abs)        000000
_I2C1_DO_IDLE                                             (abs)        000000
_I2C1_DO_RESET                                            (abs)        000000
_I2C1_DO_RX                                               (abs)        000000
_I2C1_DO_RX_ACK                                           (abs)        000000
_I2C1_DO_RX_EMPTY                                         (abs)        000000
_I2C1_DO_RX_NACK_RESTART                                  (abs)        000000
_I2C1_DO_RX_NACK_STOP                                     (abs)        000000
_I2C1_DO_SEND_ADR_READ                                    (abs)        000000
_I2C1_DO_SEND_ADR_WRITE                                   (abs)        000000
_I2C1_DO_SEND_RESTART                                     (abs)        000000
_I2C1_DO_SEND_RESTART_READ                                (abs)        000000
_I2C1_DO_SEND_RESTART_WRITE                               (abs)        000000
_I2C1_DO_SEND_STOP                                        (abs)        000000
_I2C1_DO_TX                                               (abs)        000000
_I2C1_DO_TX_ACK                                           (abs)        000000
_I2C1_DO_TX_EMPTY                                         (abs)        000000
_I2C1_Initialize                                          text6        002900
_I2C1_Status                                              bssCOMRAM    000501
_INLVLA                                                   (abs)        000404
_INLVLB                                                   (abs)        00040C
_INLVLC                                                   (abs)        000414
_INLVLE                                                   (abs)        000424
_INT0PPS                                                  (abs)        00023E
_INT0_CallBack                                            text28       002984
_INT0_DefaultInterruptHandler                             text29       002AD4
_INT0_ISR                                                 text27       002AC4
_INT0_InterruptHandler                                    nvCOMRAM     000529
_INT0_SetInterruptHandler                                 text10       002A82
_INT1PPS                                                  (abs)        00023F
_INT1_CallBack                                            text25       002958
_INT1_DefaultInterruptHandler                             text26       002AD2
_INT1_ISR                                                 text24       002ABC
_INT1_InterruptHandler                                    nvCOMRAM     000527
_INT1_SetInterruptHandler                                 text9        002A78
_INT2PPS                                                  (abs)        000240
_INT2_CallBack                                            text22       00292C
_INT2_DefaultInterruptHandler                             text23       002AD0
_INT2_ISR                                                 text21       002AB4
_INT2_InterruptHandler                                    nvCOMRAM     000525
_INT2_SetInterruptHandler                                 text8        002A6E
_INTCON0bits                                              (abs)        0004D6
_INTERRUPT_Initialize                                     text5        002ACC
_INTERRUPT_InterruptManager                               text20       0027E8
_LATA                                                     (abs)        0004BE
_LATAbits                                                 (abs)        0004BE
_LATB                                                     (abs)        0004BF
_LATC                                                     (abs)        0004C0
_ODCONA                                                   (abs)        000402
_ODCONB                                                   (abs)        00040A
_ODCONC                                                   (abs)        000412
_OSCCON1                                                  (abs)        0000AD
_OSCCON3                                                  (abs)        0000AF
_OSCEN                                                    (abs)        0000B3
_OSCFRQ                                                   (abs)        0000B1
_OSCILLATOR_Initialize                                    text4        002A42
_OSCTUNE                                                  (abs)        0000B0
_PIE10bits                                                (abs)        0004A8
_PIE1bits                                                 (abs)        00049F
_PIE6bits                                                 (abs)        0004A4
_PIE7bits                                                 (abs)        0004A5
_PIN_MANAGER_Initialize                                   text3        002768
_PIR10bits                                                (abs)        0004B8
_PIR1bits                                                 (abs)        0004AF
_PIR2bits                                                 (abs)        0004B0
_PIR6bits                                                 (abs)        0004B4
_PIR7bits                                                 (abs)        0004B5
_PMD0                                                     (abs)        000060
_PMD1                                                     (abs)        000061
_PMD2                                                     (abs)        000062
_PMD3                                                     (abs)        000063
_PMD4                                                     (abs)        000064
_PMD5                                                     (abs)        000065
_PMD6                                                     (abs)        000066
_PMD7                                                     (abs)        000067
_PMD8                                                     (abs)        000068
_PMD_Initialize                                           text2        0029D8
_RB4PPS                                                   (abs)        00020D
_RC3PPS                                                   (abs)        000214
_RC4PPS                                                   (abs)        000215
_SLRCONA                                                  (abs)        000403
_SLRCONB                                                  (abs)        00040B
_SLRCONC                                                  (abs)        000413
_SYSTEM_Initialize                                        text1        002A00
_TRISA                                                    (abs)        0004C6
_TRISB                                                    (abs)        0004C7
_TRISC                                                    (abs)        0004C8
_TRISE                                                    (abs)        0004CA
_WPUA                                                     (abs)        000401
_WPUB                                                     (abs)        000409
_WPUC                                                     (abs)        000411
_WPUE                                                     (abs)        000421
__HRAM                                                    (abs)        000000
__Habs1                                                   abs1         000000
__Hbank10                                                 bank10       000000
__Hbank11                                                 bank11       000000
__Hbank12                                                 bank12       000000
__Hbank13                                                 bank13       000000
__Hbank14                                                 bank14       000000
__Hbank15                                                 bank15       000000
__Hbank16                                                 bank16       000000
__Hbank17                                                 bank17       000000
__Hbank18                                                 bank18       000000
__Hbank19                                                 bank19       000000
__Hbank20                                                 bank20       000000
__Hbank21                                                 bank21       000000
__Hbank22                                                 bank22       000000
__Hbank23                                                 bank23       000000
__Hbank24                                                 bank24       000000
__Hbank25                                                 bank25       000000
__Hbank26                                                 bank26       000000
__Hbank27                                                 bank27       000000
__Hbank28                                                 bank28       000000
__Hbank29                                                 bank29       000000
__Hbank30                                                 bank30       000000
__Hbank31                                                 bank31       000000
__Hbank32                                                 bank32       000000
__Hbank33                                                 bank33       000000
__Hbank34                                                 bank34       000000
__Hbank35                                                 bank35       000000
__Hbank36                                                 bank36       000000
__Hbank37                                                 bank37       000000
__Hbank5                                                  bank5        000000
__Hbank6                                                  bank6        000000
__Hbank7                                                  bank7        000000
__Hbank8                                                  bank8        000000
__Hbank9                                                  bank9        000000
__Hbigbss                                                 bigbss       000000
__Hbigdata                                                bigdata      000000
__Hbigram                                                 bigram       000000
__Hbss                                                    bss          000000
__HbssCOMRAM                                              bssCOMRAM    000000
__Hcinit                                                  cinit        000000
__Hclrtext                                                clrtext      000000
__Hcomram                                                 comram       000000
__Hconfig                                                 config       300024
__Hconst                                                  const        000000
__HcstackCOMRAM                                           cstackCOMRAM 000000
__Hdata                                                   data         000000
__Heeprom_data                                            eeprom_data  000000
__Hfarbss                                                 farbss       000000
__Hfardata                                                fardata      000000
__Hibigdata                                               ibigdata     000000
__Hidata                                                  idata        000000
__Hidloc                                                  idloc        200020
__Hifardata                                               ifardata     000000
__Hinit                                                   init         00001E
__Hintsave_regs                                           intsave_regs 000000
__Hirdata                                                 irdata       000000
__Hivt0x8                                                 ivt0x8       00001A
__Hmediumconst                                            mediumconst  000000
__HnvCOMRAM                                               nvCOMRAM     000000
__HnvFARRAM                                               nvFARRAM     000000
__Hnvbit                                                  nvbit        000000
__Hnvrram                                                 nvrram       000000
__Hparam                                                  rparam       000000
__Hpowerup                                                powerup      000000
__Hram                                                    ram          000000
__Hramtop                                                 ramtop       002600
__Hrbit                                                   rbit         000000
__Hrbss                                                   rbss         000000
__Hrdata                                                  rdata        000000
__Hreset_vec                                              reset_vec    000004
__Hrparam                                                 rparam       000000
__Hsfr                                                    sfr          000000
__Hsmallconst                                             smallconst   002634
__Hspace_0                                                (abs)        002AD6
__Hspace_1                                                (abs)        000534
__Hspace_2                                                (abs)        000000
__Hspace_4                                                (abs)        600024
__Hstack                                                  stack        000000
__Hstruct                                                 struct       000000
__Htemp                                                   temp         000000
__Htext                                                   text         000000
__Htext0                                                  text0        000000
__Htext1                                                  text1        000000
__Htext10                                                 text10       000000
__Htext11                                                 text11       000000
__Htext12                                                 text12       000000
__Htext13                                                 text13       000000
__Htext14                                                 text14       000000
__Htext15                                                 text15       000000
__Htext16                                                 text16       000000
__Htext17                                                 text17       000000
__Htext18                                                 text18       000000
__Htext19                                                 text19       000000
__Htext2                                                  text2        000000
__Htext20                                                 text20       000000
__Htext21                                                 text21       000000
__Htext22                                                 text22       000000
__Htext23                                                 text23       000000
__Htext24                                                 text24       000000
__Htext25                                                 text25       000000
__Htext26                                                 text26       000000
__Htext27                                                 text27       000000
__Htext28                                                 text28       000000
__Htext29                                                 text29       000000
__Htext3                                                  text3        000000
__Htext30                                                 text30       000000
__Htext4                                                  text4        000000
__Htext5                                                  text5        000000
__Htext6                                                  text6        000000
__Htext7                                                  text7        000000
__Htext8                                                  text8        000000
__Htext9                                                  text9        000000
__LRAM                                                    (abs)        000001
__Labs1                                                   abs1         000000
__Lbank10                                                 bank10       000000
__Lbank11                                                 bank11       000000
__Lbank12                                                 bank12       000000
__Lbank13                                                 bank13       000000
__Lbank14                                                 bank14       000000
__Lbank15                                                 bank15       000000
__Lbank16                                                 bank16       000000
__Lbank17                                                 bank17       000000
__Lbank18                                                 bank18       000000
__Lbank19                                                 bank19       000000
__Lbank20                                                 bank20       000000
__Lbank21                                                 bank21       000000
__Lbank22                                                 bank22       000000
__Lbank23                                                 bank23       000000
__Lbank24                                                 bank24       000000
__Lbank25                                                 bank25       000000
__Lbank26                                                 bank26       000000
__Lbank27                                                 bank27       000000
__Lbank28                                                 bank28       000000
__Lbank29                                                 bank29       000000
__Lbank30                                                 bank30       000000
__Lbank31                                                 bank31       000000
__Lbank32                                                 bank32       000000
__Lbank33                                                 bank33       000000
__Lbank34                                                 bank34       000000
__Lbank35                                                 bank35       000000
__Lbank36                                                 bank36       000000
__Lbank37                                                 bank37       000000
__Lbank5                                                  bank5        000000
__Lbank6                                                  bank6        000000
__Lbank7                                                  bank7        000000
__Lbank8                                                  bank8        000000
__Lbank9                                                  bank9        000000
__Lbigbss                                                 bigbss       000000
__Lbigdata                                                bigdata      000000
__Lbigram                                                 bigram       000000
__Lbss                                                    bss          000000
__LbssCOMRAM                                              bssCOMRAM    000000
__Lcinit                                                  cinit        000000
__Lclrtext                                                clrtext      000000
__Lcomram                                                 comram       000000
__Lconfig                                                 config       000000
__Lconst                                                  const        000000
__LcstackCOMRAM                                           cstackCOMRAM 000000
__Ldata                                                   data         000000
__Leeprom_data                                            eeprom_data  000000
__Lfarbss                                                 farbss       000000
__Lfardata                                                fardata      000000
__Libigdata                                               ibigdata     000000
__Lidata                                                  idata        000000
__Lidloc                                                  idloc        000000
__Lifardata                                               ifardata     000000
__Linit                                                   init         00001A
__Lintsave_regs                                           intsave_regs 000000
__Lirdata                                                 irdata       000000
__Livt0x8                                                 ivt0x8       000008
__Lmediumconst                                            mediumconst  000000
__LnvCOMRAM                                               nvCOMRAM     000000
__LnvFARRAM                                               nvFARRAM     000000
__Lnvbit                                                  nvbit        000000
__Lnvrram                                                 nvrram       000000
__Lparam                                                  rparam       000000
__Lpowerup                                                powerup      000000
__Lram                                                    ram          000000
__Lramtop                                                 ramtop       002600
__Lrbit                                                   rbit         000000
__Lrbss                                                   rbss         000000
__Lrdata                                                  rdata        000000
__Lreset_vec                                              reset_vec    000000
__Lrparam                                                 rparam       000000
__Lsfr                                                    sfr          000000
__Lsmallconst                                             smallconst   002600
__Lspace_0                                                (abs)        000000
__Lspace_1                                                (abs)        000000
__Lspace_2                                                (abs)        000000
__Lspace_4                                                (abs)        000000
__Lstack                                                  stack        000000
__Lstruct                                                 struct       000000
__Ltemp                                                   temp         000000
__Ltext                                                   text         000000
__Ltext0                                                  text0        000000
__Ltext1                                                  text1        000000
__Ltext10                                                 text10       000000
__Ltext11                                                 text11       000000
__Ltext12                                                 text12       000000
__Ltext13                                                 text13       000000
__Ltext14                                                 text14       000000
__Ltext15                                                 text15       000000
__Ltext16                                                 text16       000000
__Ltext17                                                 text17       000000
__Ltext18                                                 text18       000000
__Ltext19                                                 text19       000000
__Ltext2                                                  text2        000000
__Ltext20                                                 text20       000000
__Ltext21                                                 text21       000000
__Ltext22                                                 text22       000000
__Ltext23                                                 text23       000000
__Ltext24                                                 text24       000000
__Ltext25                                                 text25       000000
__Ltext26                                                 text26       000000
__Ltext27                                                 text27       000000
__Ltext28                                                 text28       000000
__Ltext29                                                 text29       000000
__Ltext3                                                  text3        000000
__Ltext30                                                 text30       000000
__Ltext4                                                  text4        000000
__Ltext5                                                  text5        000000
__Ltext6                                                  text6        000000
__Ltext7                                                  text7        000000
__Ltext8                                                  text8        000000
__Ltext9                                                  text9        000000
__S0                                                      (abs)        002AD6
__S1                                                      (abs)        000534
__S2                                                      (abs)        000000
__S4                                                      (abs)        000000
__S5                                                      (abs)        000000
___inthi_sp                                               stack        000000
___intlo_sp                                               stack        000000
___param_bank                                             (abs)        000000
___rparam_used                                            (abs)        000001
___sp                                                     stack        000000
__accesstop                                               (abs)        000560
__activetblptr                                            (abs)        000003
__end_of_ADC_Initialize                                   text15       0026E0
__end_of_ADC_SetADIInterruptHandler                       text18       002AB4
__end_of_ADC_SetActiveClockTuningInterruptHandler         text17       002AAA
__end_of_ADC_SetContext1ThresholdInterruptHandler         text16       002AA0
__end_of_CAN1_BitRateConfiguration                        text14       002A6E
__end_of_CAN1_Initialize                                  text11       00289A
__end_of_CAN1_OperationModeGet                            text13       002A96
__end_of_CAN1_OperationModeSet                            text12       002768
__end_of_DELAY_milliseconds                               text19       002900
__end_of_DLC_BYTES                                        smallconst   002630
__end_of_EXT_INT_Initialize                               text7        0028D2
__end_of_FIFO                                             smallconst   002632
__end_of_I2C1_Initialize                                  text6        00292C
__end_of_INT0_CallBack                                    text28       0029B0
__end_of_INT0_DefaultInterruptHandler                     text29       002AD6
__end_of_INT0_ISR                                         text27       002ACC
__end_of_INT0_SetInterruptHandler                         text10       002A8C
__end_of_INT1_CallBack                                    text25       002984
__end_of_INT1_DefaultInterruptHandler                     text26       002AD4
__end_of_INT1_ISR                                         text24       002AC4
__end_of_INT1_SetInterruptHandler                         text9        002A82
__end_of_INT2_CallBack                                    text22       002958
__end_of_INT2_DefaultInterruptHandler                     text23       002AD2
__end_of_INT2_ISR                                         text21       002ABC
__end_of_INT2_SetInterruptHandler                         text8        002A78
__end_of_INTERRUPT_Initialize                             text5        002AD0
__end_of_INTERRUPT_InterruptManager                       text20       002856
__end_of_OSCILLATOR_Initialize                            text4        002A5A
__end_of_PIN_MANAGER_Initialize                           text3        0027E8
__end_of_PMD_Initialize                                   text2        002A00
__end_of_SYSTEM_Initialize                                text1        002A22
__end_of__initialization                                  cinit        002A3C
__end_of_i2c1_fsmStateTable                               smallconst   002627
__end_of_main                                             text0        0029D8
__initialization                                          cinit        002A22
__mediumconst                                             mediumconst  000000
__pbssCOMRAM                                              bssCOMRAM    000501
__pcinit                                                  cinit        002A22
__pcstackCOMRAM                                           cstackCOMRAM 000531
__pivt0x8                                                 ivt0x8       000008
__pnvCOMRAM                                               nvCOMRAM     000525
__psmallconst                                             smallconst   002600
__ptext0                                                  text0        0029B0
__ptext1                                                  text1        002A00
__ptext10                                                 text10       002A82
__ptext11                                                 text11       002856
__ptext12                                                 text12       0026E0
__ptext13                                                 text13       002A8C
__ptext14                                                 text14       002A5A
__ptext15                                                 text15       002634
__ptext16                                                 text16       002A96
__ptext17                                                 text17       002AA0
__ptext18                                                 text18       002AAA
__ptext19                                                 text19       0028D2
__ptext2                                                  text2        0029D8
__ptext20                                                 text20       0027E8
__ptext21                                                 text21       002AB4
__ptext22                                                 text22       00292C
__ptext23                                                 text23       002AD0
__ptext24                                                 text24       002ABC
__ptext25                                                 text25       002958
__ptext26                                                 text26       002AD2
__ptext27                                                 text27       002AC4
__ptext28                                                 text28       002984
__ptext29                                                 text29       002AD4
__ptext3                                                  text3        002768
__ptext30                                                 text30       000000
__ptext4                                                  text4        002A42
__ptext5                                                  text5        002ACC
__ptext6                                                  text6        002900
__ptext7                                                  text7        00289A
__ptext8                                                  text8        002A6E
__ptext9                                                  text9        002A78
__ramtop                                                  ramtop       002600
__size_of_ADC_Initialize                                  (abs)        000000
__size_of_ADC_SetADIInterruptHandler                      (abs)        000000
__size_of_ADC_SetActiveClockTuningInterruptHandler        (abs)        000000
__size_of_ADC_SetContext1ThresholdInterruptHandler        (abs)        000000
__size_of_CAN1_BitRateConfiguration                       (abs)        000000
__size_of_CAN1_Initialize                                 (abs)        000000
__size_of_CAN1_OperationModeGet                           (abs)        000000
__size_of_CAN1_OperationModeSet                           (abs)        000000
__size_of_DELAY_milliseconds                              (abs)        000000
__size_of_EXT_INT_Initialize                              (abs)        000000
__size_of_I2C1_Initialize                                 (abs)        000000
__size_of_INT0_CallBack                                   (abs)        000000
__size_of_INT0_DefaultInterruptHandler                    (abs)        000000
__size_of_INT0_ISR                                        (abs)        000000
__size_of_INT0_SetInterruptHandler                        (abs)        000000
__size_of_INT1_CallBack                                   (abs)        000000
__size_of_INT1_DefaultInterruptHandler                    (abs)        000000
__size_of_INT1_ISR                                        (abs)        000000
__size_of_INT1_SetInterruptHandler                        (abs)        000000
__size_of_INT2_CallBack                                   (abs)        000000
__size_of_INT2_DefaultInterruptHandler                    (abs)        000000
__size_of_INT2_ISR                                        (abs)        000000
__size_of_INT2_SetInterruptHandler                        (abs)        000000
__size_of_INTERRUPT_Initialize                            (abs)        000000
__size_of_INTERRUPT_InterruptManager                      (abs)        000000
__size_of_OSCILLATOR_Initialize                           (abs)        000000
__size_of_PIN_MANAGER_Initialize                          (abs)        000000
__size_of_PMD_Initialize                                  (abs)        000000
__size_of_SYSTEM_Initialize                               (abs)        000000
__size_of_main                                            (abs)        000000
__smallconst                                              smallconst   002600
_i2c1_fsmStateTable                                       smallconst   002601
_main                                                     text0        0029B0
_rd1RegCompleteHandler                                    (abs)        000000
_rd2RegCompleteHandler                                    (abs)        000000
_rdBlkRegCompleteHandler                                  (abs)        000000
_wr1RegCompleteHandler                                    (abs)        000000
_wr2RegCompleteHandler                                    (abs)        000000
end_of_initialization                                     cinit        002A3C
intlevel0                                                 text         000000
intlevel1                                                 text         000000
intlevel2                                                 text         000000
intlevel3                                                 text         000000
isa$std                                                   (abs)        000001
isa$xinst                                                 (abs)        000000
ivt0x8_base                                               ivt0x8       000008
stackhi                                                   (abs)        0025FF
stacklo                                                   (abs)        000560
start                                                     init         00001A
start_initialization                                      cinit        002A22


MODULE INFORMATION

Module		Function		Class		Link	Load	Size
mcc_generated_files/can1.c
		_CAN1_BitRateConfiguration		CODE           	2A5A	0000	20
		_CAN1_OperationModeGet		CODE           	2A8C	0000	10
		_CAN1_Initialize		CODE           	2856	0000	68
		_CAN1_OperationModeSet		CODE           	26E0	0000	136

mcc_generated_files/can1.c estimated size: 234

mcc_generated_files/i2c1_master.c
		_I2C1_Initialize		CODE           	2900	0000	44

mcc_generated_files/i2c1_master.c estimated size: 44

mcc_generated_files/interrupt_manager.c
		_INTERRUPT_Initialize		CODE           	2ACC	0000	4
		_INTERRUPT_InterruptManager		CODE           	27E8	0000	110

mcc_generated_files/interrupt_manager.c estimated size: 114

mcc_generated_files/pin_manager.c
		_PIN_MANAGER_Initialize		CODE           	2768	0000	128

mcc_generated_files/pin_manager.c estimated size: 128

mcc_generated_files/adc.c
		_ADC_Initialize		CODE           	2634	0000	172
		_ADC_SetActiveClockTuningInterruptHandler		CODE           	2AA0	0000	10
		_ADC_SetADIInterruptHandler		CODE           	2AAA	0000	10
		_ADC_SetContext1ThresholdInterruptHandler		CODE           	2A96	0000	10

mcc_generated_files/adc.c estimated size: 202

mcc_generated_files/ext_int.c
		_INT0_SetInterruptHandler		CODE           	2A82	0000	10
		_INT1_SetInterruptHandler		CODE           	2A78	0000	10
		_EXT_INT_Initialize		CODE           	289A	0000	56
		_INT2_SetInterruptHandler		CODE           	2A6E	0000	10
		_INT0_DefaultInterruptHandler		CODE           	2AD4	0000	2
		_INT0_CallBack 		CODE           	2984	0000	44
		_INT1_DefaultInterruptHandler		CODE           	2AD2	0000	2
		_INT1_CallBack 		CODE           	2958	0000	44
		_INT2_DefaultInterruptHandler		CODE           	2AD0	0000	2
		_INT2_CallBack 		CODE           	292C	0000	44
		_INT0_ISR      		CODE           	2AC4	0000	8
		_INT1_ISR      		CODE           	2ABC	0000	8
		_INT2_ISR      		CODE           	2AB4	0000	8

mcc_generated_files/ext_int.c estimated size: 248

shared
		_FIFO          		SMALLCONST     	0000	0000	0
		_DLC_BYTES     		SMALLCONST     	0000	0000	0
		__initialization		CODE           	2A22	0000	26
		_i2c1_fsmStateTable		SMALLCONST     	2601	0000	38

shared estimated size: 64

mcc_generated_files/mcc.c
		_PMD_Initialize		CODE           	29D8	0000	40
		_OSCILLATOR_Initialize		CODE           	2A42	0000	24
		_SYSTEM_Initialize		CODE           	2A00	0000	34

mcc_generated_files/mcc.c estimated size: 98

mcc_generated_files/delay.c
		_DELAY_milliseconds		CODE           	28D2	0000	46

mcc_generated_files/delay.c estimated size: 46

main.c
		_main          		CODE           	29B0	0000	40

main.c estimated size: 40

